
*** crates/ap-servo/src/registry.rs:388:9: replace Registry::set_output_pwm_chan_timeout with ()

*** mutation diff:
--- crates/ap-servo/src/registry.rs
+++ replace Registry::set_output_pwm_chan_timeout with ()
@@ -380,34 +380,17 @@
     pub fn set_output_pwm_chan_timeout(
         &mut self,
         channels: &mut [OutputChannel],
         chan: usize,
         value: u16,
         timeout_ms: u16,
         loop_period_us: u32,
     ) {
-        let Some(counter) = self.override_counter.get_mut(chan) else {
-            return;
-        };
-        let Some(channel) = channels.get_mut(chan) else {
-            return;
-        };
-        if loop_period_us == 0 {
-            return;
-        }
-
-        // Round up, so a non-zero request is never rounded away.
-        // Upstream spells the round-up out as `(x + period - 1) / period`;
-        // this is the same arithmetic with the intent on the surface.
-        let loop_count = (u32::from(timeout_ms) * 1000).div_ceil(loop_period_us);
-        *counter = u16::try_from(loop_count).unwrap_or(u16::MAX);
-
-        channel.set_override(true);
-        channel.set_output_pwm(value, true);
+        () /* ~ changed by cargo-mutants ~ */
         // The pulse-width mask is deliberately left alone.
         //
         // Upstream looks like it does something here: it reads whether the
         // channel already had a width, writes the new one, and clears the bit
         // if it had not. That dance exists only because its
         // `SRV_Channel::set_output_pwm` sets the bit unconditionally, so the
         // clear is undoing a side effect of the line above it. Follow both
         // branches and the mask ends up exactly as it started.


*** /root/.rustup/toolchains/1.98.0-x86_64-unknown-linux-gnu/bin/cargo test --no-run --verbose --package=ap-servo@0.1.0
       Fresh libm v0.2.16
       Fresh ap-math v0.1.0 (/tmp/cargo-mutants-plane-fw-rust-DUbH5w.tmp/crates/ap-math)
       Dirty ap-servo v0.1.0 (/tmp/cargo-mutants-plane-fw-rust-DUbH5w.tmp/crates/ap-servo): the file `crates/ap-servo/src/registry.rs` has changed (1787677247.264835758s, 2s after last build at 1787677245.645819799s)
   Compiling ap-servo v0.1.0 (/tmp/cargo-mutants-plane-fw-rust-DUbH5w.tmp/crates/ap-servo)
     Running `/root/.rustup/toolchains/1.98.0-x86_64-unknown-linux-gnu/bin/rustc --crate-name ap_servo --edition=2021 crates/ap-servo/src/lib.rs --error-format=json --json=diagnostic-rendered-ansi,artifacts,future-incompat --crate-type lib --emit=dep-info,metadata,link -C embed-bitcode=no -C debuginfo=2 --warn=unsafe_code --warn=missing_docs '--warn=clippy::indexing_slicing' '--warn=clippy::float_cmp' --check-cfg 'cfg(docsrs,test)' --check-cfg 'cfg(feature, values())' -C metadata=b9e1bc22c34fd59e -C extra-filename=-0c170edf53bf4040 --out-dir /tmp/cargo-mutants-plane-fw-rust-DUbH5w.tmp/target/debug/deps -C incremental=/tmp/cargo-mutants-plane-fw-rust-DUbH5w.tmp/target/debug/incremental -L dependency=/tmp/cargo-mutants-plane-fw-rust-DUbH5w.tmp/target/debug/deps --extern ap_math=/tmp/cargo-mutants-plane-fw-rust-DUbH5w.tmp/target/debug/deps/libap_math-28bd256dfed83426.rmeta`
warning: unused variable: `channels`
   --> crates/ap-servo/src/registry.rs:382:9
    |
382 |         channels: &mut [OutputChannel],
    |         ^^^^^^^^ help: if this is intentional, prefix it with an underscore: `_channels`
    |
    = note: `#[warn(unused_variables)]` (part of `#[warn(unused)]`) on by default

warning: unused variable: `chan`
   --> crates/ap-servo/src/registry.rs:383:9
    |
383 |         chan: usize,
    |         ^^^^ help: if this is intentional, prefix it with an underscore: `_chan`

warning: unused variable: `value`
   --> crates/ap-servo/src/registry.rs:384:9
    |
384 |         value: u16,
    |         ^^^^^ help: if this is intentional, prefix it with an underscore: `_value`

warning: unused variable: `timeout_ms`
   --> crates/ap-servo/src/registry.rs:385:9
    |
385 |         timeout_ms: u16,
    |         ^^^^^^^^^^ help: if this is intentional, prefix it with an underscore: `_timeout_ms`

warning: unused variable: `loop_period_us`
   --> crates/ap-servo/src/registry.rs:386:9
    |
386 |         loop_period_us: u32,
    |         ^^^^^^^^^^^^^^ help: if this is intentional, prefix it with an underscore: `_loop_period_us`

     Running `/root/.rustup/toolchains/1.98.0-x86_64-unknown-linux-gnu/bin/rustc --crate-name ap_servo --edition=2021 crates/ap-servo/src/lib.rs --error-format=json --json=diagnostic-rendered-ansi,artifacts,future-incompat --emit=dep-info,link -C embed-bitcode=no -C debuginfo=2 --warn=unsafe_code --warn=missing_docs '--warn=clippy::indexing_slicing' '--warn=clippy::float_cmp' --test --check-cfg 'cfg(docsrs,test)' --check-cfg 'cfg(feature, values())' -C metadata=455aa3c3d76d35d9 -C extra-filename=-90eedb289af2c5ea --out-dir /tmp/cargo-mutants-plane-fw-rust-DUbH5w.tmp/target/debug/deps -C incremental=/tmp/cargo-mutants-plane-fw-rust-DUbH5w.tmp/target/debug/incremental -L dependency=/tmp/cargo-mutants-plane-fw-rust-DUbH5w.tmp/target/debug/deps --extern ap_math=/tmp/cargo-mutants-plane-fw-rust-DUbH5w.tmp/target/debug/deps/libap_math-28bd256dfed83426.rlib`
warning: `ap-servo` (lib) generated 5 warnings (run `cargo fix --lib -p ap-servo` to apply 5 suggestions)
     Running `/root/.rustup/toolchains/1.98.0-x86_64-unknown-linux-gnu/bin/rustc --crate-name output_channel --edition=2021 crates/ap-servo/tests/output_channel.rs --error-format=json --json=diagnostic-rendered-ansi,artifacts,future-incompat --emit=dep-info,link -C embed-bitcode=no -C debuginfo=2 --warn=unsafe_code --warn=missing_docs '--warn=clippy::indexing_slicing' '--warn=clippy::float_cmp' --test --check-cfg 'cfg(docsrs,test)' --check-cfg 'cfg(feature, values())' -C metadata=84cc9875e91f83d9 -C extra-filename=-f4f21020484d518b --out-dir /tmp/cargo-mutants-plane-fw-rust-DUbH5w.tmp/target/debug/deps -C incremental=/tmp/cargo-mutants-plane-fw-rust-DUbH5w.tmp/target/debug/incremental -L dependency=/tmp/cargo-mutants-plane-fw-rust-DUbH5w.tmp/target/debug/deps --extern ap_math=/tmp/cargo-mutants-plane-fw-rust-DUbH5w.tmp/target/debug/deps/libap_math-28bd256dfed83426.rlib --extern ap_servo=/tmp/cargo-mutants-plane-fw-rust-DUbH5w.tmp/target/debug/deps/libap_servo-0c170edf53bf4040.rlib`
     Running `/root/.rustup/toolchains/1.98.0-x86_64-unknown-linux-gnu/bin/rustc --crate-name servo_parity --edition=2021 crates/ap-servo/tests/servo_parity.rs --error-format=json --json=diagnostic-rendered-ansi,artifacts,future-incompat --emit=dep-info,link -C embed-bitcode=no -C debuginfo=2 --warn=unsafe_code --warn=missing_docs '--warn=clippy::indexing_slicing' '--warn=clippy::float_cmp' --test --check-cfg 'cfg(docsrs,test)' --check-cfg 'cfg(feature, values())' -C metadata=3f89cf3ab8ed13aa -C extra-filename=-313ebdf2bab8aecd --out-dir /tmp/cargo-mutants-plane-fw-rust-DUbH5w.tmp/target/debug/deps -C incremental=/tmp/cargo-mutants-plane-fw-rust-DUbH5w.tmp/target/debug/incremental -L dependency=/tmp/cargo-mutants-plane-fw-rust-DUbH5w.tmp/target/debug/deps --extern ap_math=/tmp/cargo-mutants-plane-fw-rust-DUbH5w.tmp/target/debug/deps/libap_math-28bd256dfed83426.rlib --extern ap_servo=/tmp/cargo-mutants-plane-fw-rust-DUbH5w.tmp/target/debug/deps/libap_servo-0c170edf53bf4040.rlib`
warning: `ap-servo` (lib test) generated 5 warnings (5 duplicates)
     Running `/root/.rustup/toolchains/1.98.0-x86_64-unknown-linux-gnu/bin/rustc --crate-name slew_parity --edition=2021 crates/ap-servo/tests/slew_parity.rs --error-format=json --json=diagnostic-rendered-ansi,artifacts,future-incompat --emit=dep-info,link -C embed-bitcode=no -C debuginfo=2 --warn=unsafe_code --warn=missing_docs '--warn=clippy::indexing_slicing' '--warn=clippy::float_cmp' --test --check-cfg 'cfg(docsrs,test)' --check-cfg 'cfg(feature, values())' -C metadata=10b00557a1f6bfce -C extra-filename=-7b656dab69cd507e --out-dir /tmp/cargo-mutants-plane-fw-rust-DUbH5w.tmp/target/debug/deps -C incremental=/tmp/cargo-mutants-plane-fw-rust-DUbH5w.tmp/target/debug/incremental -L dependency=/tmp/cargo-mutants-plane-fw-rust-DUbH5w.tmp/target/debug/deps --extern ap_math=/tmp/cargo-mutants-plane-fw-rust-DUbH5w.tmp/target/debug/deps/libap_math-28bd256dfed83426.rlib --extern ap_servo=/tmp/cargo-mutants-plane-fw-rust-DUbH5w.tmp/target/debug/deps/libap_servo-0c170edf53bf4040.rlib`
     Running `/root/.rustup/toolchains/1.98.0-x86_64-unknown-linux-gnu/bin/rustc --crate-name default_output --edition=2021 crates/ap-servo/tests/default_output.rs --error-format=json --json=diagnostic-rendered-ansi,artifacts,future-incompat --emit=dep-info,link -C embed-bitcode=no -C debuginfo=2 --warn=unsafe_code --warn=missing_docs '--warn=clippy::indexing_slicing' '--warn=clippy::float_cmp' --test --check-cfg 'cfg(docsrs,test)' --check-cfg 'cfg(feature, values())' -C metadata=7c1835cbfa7b3b6f -C extra-filename=-a50a98dcc17358d7 --out-dir /tmp/cargo-mutants-plane-fw-rust-DUbH5w.tmp/target/debug/deps -C incremental=/tmp/cargo-mutants-plane-fw-rust-DUbH5w.tmp/target/debug/incremental -L dependency=/tmp/cargo-mutants-plane-fw-rust-DUbH5w.tmp/target/debug/deps --extern ap_math=/tmp/cargo-mutants-plane-fw-rust-DUbH5w.tmp/target/debug/deps/libap_math-28bd256dfed83426.rlib --extern ap_servo=/tmp/cargo-mutants-plane-fw-rust-DUbH5w.tmp/target/debug/deps/libap_servo-0c170edf53bf4040.rlib`
     Running `/root/.rustup/toolchains/1.98.0-x86_64-unknown-linux-gnu/bin/rustc --crate-name calc_pwm --edition=2021 crates/ap-servo/tests/calc_pwm.rs --error-format=json --json=diagnostic-rendered-ansi,artifacts,future-incompat --emit=dep-info,link -C embed-bitcode=no -C debuginfo=2 --warn=unsafe_code --warn=missing_docs '--warn=clippy::indexing_slicing' '--warn=clippy::float_cmp' --test --check-cfg 'cfg(docsrs,test)' --check-cfg 'cfg(feature, values())' -C metadata=1a31146dd74fc750 -C extra-filename=-375705d37070d40e --out-dir /tmp/cargo-mutants-plane-fw-rust-DUbH5w.tmp/target/debug/deps -C incremental=/tmp/cargo-mutants-plane-fw-rust-DUbH5w.tmp/target/debug/incremental -L dependency=/tmp/cargo-mutants-plane-fw-rust-DUbH5w.tmp/target/debug/deps --extern ap_math=/tmp/cargo-mutants-plane-fw-rust-DUbH5w.tmp/target/debug/deps/libap_math-28bd256dfed83426.rlib --extern ap_servo=/tmp/cargo-mutants-plane-fw-rust-DUbH5w.tmp/target/debug/deps/libap_servo-0c170edf53bf4040.rlib`
     Running `/root/.rustup/toolchains/1.98.0-x86_64-unknown-linux-gnu/bin/rustc --crate-name setup_sweep --edition=2021 crates/ap-servo/tests/setup_sweep.rs --error-format=json --json=diagnostic-rendered-ansi,artifacts,future-incompat --emit=dep-info,link -C embed-bitcode=no -C debuginfo=2 --warn=unsafe_code --warn=missing_docs '--warn=clippy::indexing_slicing' '--warn=clippy::float_cmp' --test --check-cfg 'cfg(docsrs,test)' --check-cfg 'cfg(feature, values())' -C metadata=0ba401001e77a466 -C extra-filename=-8bad9699439ea039 --out-dir /tmp/cargo-mutants-plane-fw-rust-DUbH5w.tmp/target/debug/deps -C incremental=/tmp/cargo-mutants-plane-fw-rust-DUbH5w.tmp/target/debug/incremental -L dependency=/tmp/cargo-mutants-plane-fw-rust-DUbH5w.tmp/target/debug/deps --extern ap_math=/tmp/cargo-mutants-plane-fw-rust-DUbH5w.tmp/target/debug/deps/libap_math-28bd256dfed83426.rlib --extern ap_servo=/tmp/cargo-mutants-plane-fw-rust-DUbH5w.tmp/target/debug/deps/libap_servo-0c170edf53bf4040.rlib`
     Running `/root/.rustup/toolchains/1.98.0-x86_64-unknown-linux-gnu/bin/rustc --crate-name srv_functions --edition=2021 crates/ap-servo/tests/srv_functions.rs --error-format=json --json=diagnostic-rendered-ansi,artifacts,future-incompat --emit=dep-info,link -C embed-bitcode=no -C debuginfo=2 --warn=unsafe_code --warn=missing_docs '--warn=clippy::indexing_slicing' '--warn=clippy::float_cmp' --test --check-cfg 'cfg(docsrs,test)' --check-cfg 'cfg(feature, values())' -C metadata=34300d022908e178 -C extra-filename=-0c3f81df589996ac --out-dir /tmp/cargo-mutants-plane-fw-rust-DUbH5w.tmp/target/debug/deps -C incremental=/tmp/cargo-mutants-plane-fw-rust-DUbH5w.tmp/target/debug/incremental -L dependency=/tmp/cargo-mutants-plane-fw-rust-DUbH5w.tmp/target/debug/deps --extern ap_math=/tmp/cargo-mutants-plane-fw-rust-DUbH5w.tmp/target/debug/deps/libap_math-28bd256dfed83426.rlib --extern ap_servo=/tmp/cargo-mutants-plane-fw-rust-DUbH5w.tmp/target/debug/deps/libap_servo-0c170edf53bf4040.rlib`
     Running `/root/.rustup/toolchains/1.98.0-x86_64-unknown-linux-gnu/bin/rustc --crate-name classify --edition=2021 crates/ap-servo/tests/classify.rs --error-format=json --json=diagnostic-rendered-ansi,artifacts,future-incompat --emit=dep-info,link -C embed-bitcode=no -C debuginfo=2 --warn=unsafe_code --warn=missing_docs '--warn=clippy::indexing_slicing' '--warn=clippy::float_cmp' --test --check-cfg 'cfg(docsrs,test)' --check-cfg 'cfg(feature, values())' -C metadata=f3b94ffba97932a0 -C extra-filename=-07f28a1fa3d4f549 --out-dir /tmp/cargo-mutants-plane-fw-rust-DUbH5w.tmp/target/debug/deps -C incremental=/tmp/cargo-mutants-plane-fw-rust-DUbH5w.tmp/target/debug/incremental -L dependency=/tmp/cargo-mutants-plane-fw-rust-DUbH5w.tmp/target/debug/deps --extern ap_math=/tmp/cargo-mutants-plane-fw-rust-DUbH5w.tmp/target/debug/deps/libap_math-28bd256dfed83426.rlib --extern ap_servo=/tmp/cargo-mutants-plane-fw-rust-DUbH5w.tmp/target/debug/deps/libap_servo-0c170edf53bf4040.rlib`
    Finished `test` profile [unoptimized + debuginfo] target(s) in 1.29s
  Executable `/tmp/cargo-mutants-plane-fw-rust-DUbH5w.tmp/target/debug/deps/ap_servo-90eedb289af2c5ea`
  Executable `/tmp/cargo-mutants-plane-fw-rust-DUbH5w.tmp/target/debug/deps/calc_pwm-375705d37070d40e`
  Executable `/tmp/cargo-mutants-plane-fw-rust-DUbH5w.tmp/target/debug/deps/classify-07f28a1fa3d4f549`
  Executable `/tmp/cargo-mutants-plane-fw-rust-DUbH5w.tmp/target/debug/deps/default_output-a50a98dcc17358d7`
  Executable `/tmp/cargo-mutants-plane-fw-rust-DUbH5w.tmp/target/debug/deps/output_channel-f4f21020484d518b`
  Executable `/tmp/cargo-mutants-plane-fw-rust-DUbH5w.tmp/target/debug/deps/servo_parity-313ebdf2bab8aecd`
  Executable `/tmp/cargo-mutants-plane-fw-rust-DUbH5w.tmp/target/debug/deps/setup_sweep-8bad9699439ea039`
  Executable `/tmp/cargo-mutants-plane-fw-rust-DUbH5w.tmp/target/debug/deps/slew_parity-7b656dab69cd507e`
  Executable `/tmp/cargo-mutants-plane-fw-rust-DUbH5w.tmp/target/debug/deps/srv_functions-0c3f81df589996ac`

*** result: Success

*** /root/.rustup/toolchains/1.98.0-x86_64-unknown-linux-gnu/bin/cargo test --verbose --package=ap-servo@0.1.0
       Fresh libm v0.2.16
       Fresh ap-math v0.1.0 (/tmp/cargo-mutants-plane-fw-rust-DUbH5w.tmp/crates/ap-math)
warning: unused variable: `channels`
   --> crates/ap-servo/src/registry.rs:382:9
    |
382 |         channels: &mut [OutputChannel],
    |         ^^^^^^^^ help: if this is intentional, prefix it with an underscore: `_channels`
    |
    = note: `#[warn(unused_variables)]` (part of `#[warn(unused)]`) on by default

warning: unused variable: `chan`
   --> crates/ap-servo/src/registry.rs:383:9
    |
383 |         chan: usize,
    |         ^^^^ help: if this is intentional, prefix it with an underscore: `_chan`

warning: unused variable: `value`
   --> crates/ap-servo/src/registry.rs:384:9
    |
384 |         value: u16,
    |         ^^^^^ help: if this is intentional, prefix it with an underscore: `_value`

warning: unused variable: `timeout_ms`
   --> crates/ap-servo/src/registry.rs:385:9
    |
385 |         timeout_ms: u16,
    |         ^^^^^^^^^^ help: if this is intentional, prefix it with an underscore: `_timeout_ms`

warning: unused variable: `loop_period_us`
   --> crates/ap-servo/src/registry.rs:386:9
    |
386 |         loop_period_us: u32,
    |         ^^^^^^^^^^^^^^ help: if this is intentional, prefix it with an underscore: `_loop_period_us`

warning: `ap-servo` (lib) generated 5 warnings (run `cargo fix --lib -p ap-servo` to apply 5 suggestions)
       Fresh ap-servo v0.1.0 (/tmp/cargo-mutants-plane-fw-rust-DUbH5w.tmp/crates/ap-servo)
warning: `ap-servo` (lib test) generated 5 warnings (5 duplicates)
    Finished `test` profile [unoptimized + debuginfo] target(s) in 0.05s
     Running `/tmp/cargo-mutants-plane-fw-rust-DUbH5w.tmp/target/debug/deps/ap_servo-90eedb289af2c5ea`

running 0 tests

test result: ok. 0 passed; 0 failed; 0 ignored; 0 measured; 0 filtered out; finished in 0.00s

     Running `/tmp/cargo-mutants-plane-fw-rust-DUbH5w.tmp/target/debug/deps/calc_pwm-375705d37070d40e`

running 1 test
test the_calc_pwm_priority_matches_upstream ... FAILED

failures:

---- the_calc_pwm_priority_matches_upstream stdout ----

thread 'the_calc_pwm_priority_matches_upstream' (1572358) panicked at crates/ap-servo/tests/calc_pwm.rs:124:13:
assertion `left == right` failed: case 0 channel 2 (estop false, scaled 0): 1000 != upstream 1777
  left: 1000
 right: 1777
note: run with `RUST_BACKTRACE=1` environment variable to display a backtrace


failures:
    the_calc_pwm_priority_matches_upstream

test result: FAILED. 0 passed; 1 failed; 0 ignored; 0 measured; 0 filtered out; finished in 0.00s

error: test failed, to rerun pass `-p ap-servo --test calc_pwm`

*** result: Failure(101)
