
*** crates/ap-math/src/control.rs:595:45: replace - with / in shape_accel_xy

*** mutation diff:
--- crates/ap-math/src/control.rs
+++ replace - with / in shape_accel_xy
@@ -587,17 +587,17 @@
     if !is_positive(jerk_max) {
         // Upstream reports an internal error and returns, leaving the
         // acceleration untouched. Reproduced: a caller that has passed a
         // nonsensical jerk limit is better served by nothing happening than
         // by an unbounded step.
         return;
     }
     if is_positive(dt) {
-        let mut accel_delta = accel_desired - *accel;
+        let mut accel_delta = accel_desired / /* ~ changed by cargo-mutants ~ */ *accel;
         accel_delta.limit_length(jerk_max * dt);
         *accel += accel_delta;
     }
 }
 
 /// The three-dimensional spelling, which shapes only the horizontal pair —
 /// upstream's `Vector3f` overload of `shape_accel_xy`.
 ///


*** /root/.rustup/toolchains/1.98.0-x86_64-unknown-linux-gnu/bin/cargo test --no-run --verbose --package=ap-math@0.1.0
       Fresh libm v0.2.16
       Dirty ap-math v0.1.0 (/tmp/cargo-mutants-plane-fw-rust-Ff3eos.tmp/crates/ap-math): the file `crates/ap-math/src/control.rs` has changed (1787679897.563138405s, 5s after last build at 1787679892.629089880s)
   Compiling ap-math v0.1.0 (/tmp/cargo-mutants-plane-fw-rust-Ff3eos.tmp/crates/ap-math)
     Running `/root/.rustup/toolchains/1.98.0-x86_64-unknown-linux-gnu/bin/rustc --crate-name ap_math --edition=2021 crates/ap-math/src/lib.rs --error-format=json --json=diagnostic-rendered-ansi,artifacts,future-incompat --crate-type lib --emit=dep-info,metadata,link -C embed-bitcode=no -C debuginfo=2 --warn=unsafe_code --warn=missing_docs '--warn=clippy::indexing_slicing' '--warn=clippy::float_cmp' --cfg 'feature="default"' --check-cfg 'cfg(docsrs,test)' --check-cfg 'cfg(feature, values("default", "ekf-double"))' -C metadata=521a06f7f6b9812f -C extra-filename=-28bd256dfed83426 --out-dir /tmp/cargo-mutants-plane-fw-rust-Ff3eos.tmp/target/debug/deps -C incremental=/tmp/cargo-mutants-plane-fw-rust-Ff3eos.tmp/target/debug/incremental -L dependency=/tmp/cargo-mutants-plane-fw-rust-Ff3eos.tmp/target/debug/deps --extern libm=/tmp/cargo-mutants-plane-fw-rust-Ff3eos.tmp/target/debug/deps/liblibm-a0720e46d9b34d24.rmeta`
error[E0308]: mismatched types
   --> crates/ap-math/src/control.rs:595:82
    |
595 |         let mut accel_delta = accel_desired / /* ~ changed by cargo-mutants ~ */ *accel;
    |                                                                                  ^^^^^^ expected `f32`, found `Vector2<f32>`
    |
    = note: expected type `f32`
             found struct `Vector2<f32>`

For more information about this error, try `rustc --explain E0308`.
error: could not compile `ap-math` (lib) due to 1 previous error

Caused by:
  process didn't exit successfully: `/root/.rustup/toolchains/1.98.0-x86_64-unknown-linux-gnu/bin/rustc --crate-name ap_math --edition=2021 crates/ap-math/src/lib.rs --error-format=json --json=diagnostic-rendered-ansi,artifacts,future-incompat --crate-type lib --emit=dep-info,metadata,link -C embed-bitcode=no -C debuginfo=2 --warn=unsafe_code --warn=missing_docs '--warn=clippy::indexing_slicing' '--warn=clippy::float_cmp' --cfg 'feature="default"' --check-cfg 'cfg(docsrs,test)' --check-cfg 'cfg(feature, values("default", "ekf-double"))' -C metadata=521a06f7f6b9812f -C extra-filename=-28bd256dfed83426 --out-dir /tmp/cargo-mutants-plane-fw-rust-Ff3eos.tmp/target/debug/deps -C incremental=/tmp/cargo-mutants-plane-fw-rust-Ff3eos.tmp/target/debug/incremental -L dependency=/tmp/cargo-mutants-plane-fw-rust-Ff3eos.tmp/target/debug/deps --extern libm=/tmp/cargo-mutants-plane-fw-rust-Ff3eos.tmp/target/debug/deps/liblibm-a0720e46d9b34d24.rmeta` (exit status: 1)

*** result: Failure(101)
