
*** crates/ap-math/src/control.rs:710:34: replace - with / in limit_accel_xy

*** mutation diff:
--- crates/ap-math/src/control.rs
+++ replace - with / in limit_accel_xy
@@ -702,17 +702,17 @@
 
     if vel.is_zero() {
         accel.limit_length(accel_max);
         return true;
     }
 
     let vel_unit = vel.normalized_or_zero();
     let mut accel_dir = vel_unit.dot(*accel);
-    let mut accel_cross = *accel - vel_unit * accel_dir;
+    let mut accel_cross = *accel / /* ~ changed by cargo-mutants ~ */ vel_unit * accel_dir;
 
     if accel_cross.limit_length(accel_max) {
         // The cross-track component alone used the entire budget, so there is
         // nothing left for along-track at all.
         accel_dir = 0.0;
     } else {
         // limit_length cannot absolutely guarantee this difference is
         // non-negative, hence the guarded square root — upstream's comment.


*** /root/.rustup/toolchains/1.98.0-x86_64-unknown-linux-gnu/bin/cargo test --no-run --verbose --package=ap-math@0.1.0
       Fresh libm v0.2.16
       Dirty ap-math v0.1.0 (/tmp/cargo-mutants-plane-fw-rust-7Ag0zg.tmp/crates/ap-math): the file `crates/ap-math/src/control.rs` has changed (1787679407.667312739s, 4s after last build at 1787679403.335269972s)
   Compiling ap-math v0.1.0 (/tmp/cargo-mutants-plane-fw-rust-7Ag0zg.tmp/crates/ap-math)
     Running `/root/.rustup/toolchains/1.98.0-x86_64-unknown-linux-gnu/bin/rustc --crate-name ap_math --edition=2021 crates/ap-math/src/lib.rs --error-format=json --json=diagnostic-rendered-ansi,artifacts,future-incompat --crate-type lib --emit=dep-info,metadata,link -C embed-bitcode=no -C debuginfo=2 --warn=unsafe_code --warn=missing_docs '--warn=clippy::indexing_slicing' '--warn=clippy::float_cmp' --cfg 'feature="default"' --check-cfg 'cfg(docsrs,test)' --check-cfg 'cfg(feature, values("default", "ekf-double"))' -C metadata=521a06f7f6b9812f -C extra-filename=-28bd256dfed83426 --out-dir /tmp/cargo-mutants-plane-fw-rust-7Ag0zg.tmp/target/debug/deps -C incremental=/tmp/cargo-mutants-plane-fw-rust-7Ag0zg.tmp/target/debug/incremental -L dependency=/tmp/cargo-mutants-plane-fw-rust-7Ag0zg.tmp/target/debug/deps --extern libm=/tmp/cargo-mutants-plane-fw-rust-7Ag0zg.tmp/target/debug/deps/liblibm-a0720e46d9b34d24.rmeta`
error[E0308]: mismatched types
   --> crates/ap-math/src/control.rs:710:71
    |
710 |     let mut accel_cross = *accel / /* ~ changed by cargo-mutants ~ */ vel_unit * accel_dir;
    |                                                                       ^^^^^^^^ expected `f32`, found `Vector2<f32>`
    |
    = note: expected type `f32`
             found struct `Vector2<f32>`

For more information about this error, try `rustc --explain E0308`.
error: could not compile `ap-math` (lib) due to 1 previous error

Caused by:
  process didn't exit successfully: `/root/.rustup/toolchains/1.98.0-x86_64-unknown-linux-gnu/bin/rustc --crate-name ap_math --edition=2021 crates/ap-math/src/lib.rs --error-format=json --json=diagnostic-rendered-ansi,artifacts,future-incompat --crate-type lib --emit=dep-info,metadata,link -C embed-bitcode=no -C debuginfo=2 --warn=unsafe_code --warn=missing_docs '--warn=clippy::indexing_slicing' '--warn=clippy::float_cmp' --cfg 'feature="default"' --check-cfg 'cfg(docsrs,test)' --check-cfg 'cfg(feature, values("default", "ekf-double"))' -C metadata=521a06f7f6b9812f -C extra-filename=-28bd256dfed83426 --out-dir /tmp/cargo-mutants-plane-fw-rust-7Ag0zg.tmp/target/debug/deps -C incremental=/tmp/cargo-mutants-plane-fw-rust-7Ag0zg.tmp/target/debug/incremental -L dependency=/tmp/cargo-mutants-plane-fw-rust-7Ag0zg.tmp/target/debug/deps --extern libm=/tmp/cargo-mutants-plane-fw-rust-7Ag0zg.tmp/target/debug/deps/liblibm-a0720e46d9b34d24.rmeta` (exit status: 1)

*** result: Failure(101)
