
*** crates/ap-math/src/control.rs:835:37: replace * with + in limit_accel_xy

*** mutation diff:
--- crates/ap-math/src/control.rs
+++ replace * with + in limit_accel_xy
@@ -827,17 +827,17 @@
         accel_dir = 0.0;
     } else {
         // limit_length cannot absolutely guarantee this difference is
         // non-negative, hence the guarded square root — upstream's comment.
         let accel_max_dir = safe_sqrt(accel_max * accel_max - accel_cross.length_squared());
         accel_dir = accel_dir.clamp(-accel_max_dir, accel_max_dir);
     }
 
-    *accel = accel_cross + vel_unit * accel_dir;
+    *accel = accel_cross + vel_unit + /* ~ changed by cargo-mutants ~ */ accel_dir;
     true
 }
 
 /// Limit acceleration with direction-dependent priority — upstream
 /// `limit_accel_corner_xy`.
 ///
 /// The same budget problem as [`limit_accel_xy`], answered differently
 /// depending on whether the vehicle is trying to slow down.


*** /root/.rustup/toolchains/1.98.0-x86_64-unknown-linux-gnu/bin/cargo test --no-run --verbose --package=ap-math@0.1.0
       Fresh libm v0.2.16
       Dirty ap-math v0.1.0 (/tmp/cargo-mutants-plane-fw-rust-UKsvEB.tmp/crates/ap-math): couldn't read metadata for file `target/debug/deps/libap_math-28bd256dfed83426.rlib`
   Compiling ap-math v0.1.0 (/tmp/cargo-mutants-plane-fw-rust-UKsvEB.tmp/crates/ap-math)
     Running `/root/.rustup/toolchains/1.98.0-x86_64-unknown-linux-gnu/bin/rustc --crate-name ap_math --edition=2021 crates/ap-math/src/lib.rs --error-format=json --json=diagnostic-rendered-ansi,artifacts,future-incompat --crate-type lib --emit=dep-info,metadata,link -C embed-bitcode=no -C debuginfo=2 --warn=unsafe_code --warn=missing_docs '--warn=clippy::indexing_slicing' '--warn=clippy::float_cmp' --cfg 'feature="default"' --check-cfg 'cfg(docsrs,test)' --check-cfg 'cfg(feature, values("default", "ekf-double"))' -C metadata=521a06f7f6b9812f -C extra-filename=-28bd256dfed83426 --out-dir /tmp/cargo-mutants-plane-fw-rust-UKsvEB.tmp/target/debug/deps -C incremental=/tmp/cargo-mutants-plane-fw-rust-UKsvEB.tmp/target/debug/incremental -L dependency=/tmp/cargo-mutants-plane-fw-rust-UKsvEB.tmp/target/debug/deps --extern libm=/tmp/cargo-mutants-plane-fw-rust-UKsvEB.tmp/target/debug/deps/liblibm-a0720e46d9b34d24.rmeta`
error[E0308]: mismatched types
   --> crates/ap-math/src/control.rs:835:74
    |
835 |     *accel = accel_cross + vel_unit + /* ~ changed by cargo-mutants ~ */ accel_dir;
    |              ----------------------                                      ^^^^^^^^^ expected `Vector2<f32>`, found `f32`
    |              |
    |              expected because this is `Vector2<f32>`
    |
    = note: expected struct `Vector2<f32>`
                 found type `f32`

For more information about this error, try `rustc --explain E0308`.
error: could not compile `ap-math` (lib) due to 1 previous error

Caused by:
  process didn't exit successfully: `/root/.rustup/toolchains/1.98.0-x86_64-unknown-linux-gnu/bin/rustc --crate-name ap_math --edition=2021 crates/ap-math/src/lib.rs --error-format=json --json=diagnostic-rendered-ansi,artifacts,future-incompat --crate-type lib --emit=dep-info,metadata,link -C embed-bitcode=no -C debuginfo=2 --warn=unsafe_code --warn=missing_docs '--warn=clippy::indexing_slicing' '--warn=clippy::float_cmp' --cfg 'feature="default"' --check-cfg 'cfg(docsrs,test)' --check-cfg 'cfg(feature, values("default", "ekf-double"))' -C metadata=521a06f7f6b9812f -C extra-filename=-28bd256dfed83426 --out-dir /tmp/cargo-mutants-plane-fw-rust-UKsvEB.tmp/target/debug/deps -C incremental=/tmp/cargo-mutants-plane-fw-rust-UKsvEB.tmp/target/debug/incremental -L dependency=/tmp/cargo-mutants-plane-fw-rust-UKsvEB.tmp/target/debug/deps --extern libm=/tmp/cargo-mutants-plane-fw-rust-UKsvEB.tmp/target/debug/deps/liblibm-a0720e46d9b34d24.rmeta` (exit status: 1)

*** result: Failure(101)
