
*** crates/ap-math/src/control.rs:561:43: replace * with + in update_pos_vel_accel_xy

*** mutation diff:
--- crates/ap-math/src/control.rs
+++ replace * with + in update_pos_vel_accel_xy
@@ -553,17 +553,17 @@
     pos: &mut Vector2<Postype>,
     vel: &mut Vector2f,
     accel: Vector2f,
     dt: f32,
     limit: Vector2f,
     pos_error: Vector2f,
     vel_error: Vector2f,
 ) {
-    let mut delta_pos = *vel * dt + accel * (0.5 * dt * dt);
+    let mut delta_pos = *vel * dt + accel + /* ~ changed by cargo-mutants ~ */ (0.5 * dt * dt);
 
     if !is_zero(limit.length_squared())
         && is_positive(delta_pos.dot(limit))
         && is_positive(pos_error.dot(limit))
     {
         delta_pos = Vector2f::new(0.0, 0.0);
     }
 


*** /root/.rustup/toolchains/1.98.0-x86_64-unknown-linux-gnu/bin/cargo test --no-run --verbose --package=ap-math@0.1.0
       Fresh libm v0.2.16
       Dirty ap-math v0.1.0 (/tmp/cargo-mutants-plane-fw-rust-mHvSCv.tmp/crates/ap-math): the file `crates/ap-math/src/control.rs` has changed (1787680904.209219366s, 6s after last build at 1787680898.299160344s)
   Compiling ap-math v0.1.0 (/tmp/cargo-mutants-plane-fw-rust-mHvSCv.tmp/crates/ap-math)
     Running `/root/.rustup/toolchains/1.98.0-x86_64-unknown-linux-gnu/bin/rustc --crate-name ap_math --edition=2021 crates/ap-math/src/lib.rs --error-format=json --json=diagnostic-rendered-ansi,artifacts,future-incompat --crate-type lib --emit=dep-info,metadata,link -C embed-bitcode=no -C debuginfo=2 --warn=unsafe_code --warn=missing_docs '--warn=clippy::indexing_slicing' '--warn=clippy::float_cmp' --cfg 'feature="default"' --check-cfg 'cfg(docsrs,test)' --check-cfg 'cfg(feature, values("default", "ekf-double"))' -C metadata=521a06f7f6b9812f -C extra-filename=-28bd256dfed83426 --out-dir /tmp/cargo-mutants-plane-fw-rust-mHvSCv.tmp/target/debug/deps -C incremental=/tmp/cargo-mutants-plane-fw-rust-mHvSCv.tmp/target/debug/incremental -L dependency=/tmp/cargo-mutants-plane-fw-rust-mHvSCv.tmp/target/debug/deps --extern libm=/tmp/cargo-mutants-plane-fw-rust-mHvSCv.tmp/target/debug/deps/liblibm-a0720e46d9b34d24.rmeta`
error[E0308]: mismatched types
   --> crates/ap-math/src/control.rs:561:80
    |
561 |     let mut delta_pos = *vel * dt + accel + /* ~ changed by cargo-mutants ~ */ (0.5 * dt * dt);
    |                         -----------------                                      ^^^^^^^^^^^^^^^ expected `Vector2<f32>`, found `f32`
    |                         |
    |                         expected because this is `Vector2<f32>`
    |
    = note: expected struct `Vector2<f32>`
                 found type `f32`

For more information about this error, try `rustc --explain E0308`.
error: could not compile `ap-math` (lib) due to 1 previous error

Caused by:
  process didn't exit successfully: `/root/.rustup/toolchains/1.98.0-x86_64-unknown-linux-gnu/bin/rustc --crate-name ap_math --edition=2021 crates/ap-math/src/lib.rs --error-format=json --json=diagnostic-rendered-ansi,artifacts,future-incompat --crate-type lib --emit=dep-info,metadata,link -C embed-bitcode=no -C debuginfo=2 --warn=unsafe_code --warn=missing_docs '--warn=clippy::indexing_slicing' '--warn=clippy::float_cmp' --cfg 'feature="default"' --check-cfg 'cfg(docsrs,test)' --check-cfg 'cfg(feature, values("default", "ekf-double"))' -C metadata=521a06f7f6b9812f -C extra-filename=-28bd256dfed83426 --out-dir /tmp/cargo-mutants-plane-fw-rust-mHvSCv.tmp/target/debug/deps -C incremental=/tmp/cargo-mutants-plane-fw-rust-mHvSCv.tmp/target/debug/incremental -L dependency=/tmp/cargo-mutants-plane-fw-rust-mHvSCv.tmp/target/debug/deps --extern libm=/tmp/cargo-mutants-plane-fw-rust-mHvSCv.tmp/target/debug/deps/liblibm-a0720e46d9b34d24.rmeta` (exit status: 1)

*** result: Failure(101)
