
*** crates/ap-math/src/control.rs:890:26: replace + with * in limit_accel_corner_xy

*** mutation diff:
--- crates/ap-math/src/control.rs
+++ replace + with * in limit_accel_corner_xy
@@ -882,17 +882,17 @@
     }
 
     accel_dir_scalar = accel_dir_scalar.max(-accel_max);
     accel_dir = vel_unit * accel_dir_scalar;
 
     let accel_cross_max = safe_sqrt(accel_max * accel_max - accel_dir_scalar * accel_dir_scalar);
     accel_cross.limit_length(accel_cross_max);
 
-    *accel = accel_cross + accel_dir;
+    *accel = accel_cross * /* ~ changed by cargo-mutants ~ */ accel_dir;
     true
 }
 
 #[cfg(test)]
 mod tests {
     #![allow(
         clippy::float_cmp,
         reason = "several tests assert a value was left exactly alone, which is the \


*** /root/.rustup/toolchains/1.98.0-x86_64-unknown-linux-gnu/bin/cargo test --no-run --verbose --package=ap-math@0.1.0
       Fresh libm v0.2.16
       Dirty ap-math v0.1.0 (/tmp/cargo-mutants-plane-fw-rust-UKsvEB.tmp/crates/ap-math): the file `crates/ap-math/src/control.rs` has changed (1787680995.738132453s, 6s after last build at 1787680989.925074514s)
   Compiling ap-math v0.1.0 (/tmp/cargo-mutants-plane-fw-rust-UKsvEB.tmp/crates/ap-math)
     Running `/root/.rustup/toolchains/1.98.0-x86_64-unknown-linux-gnu/bin/rustc --crate-name ap_math --edition=2021 crates/ap-math/src/lib.rs --error-format=json --json=diagnostic-rendered-ansi,artifacts,future-incompat --crate-type lib --emit=dep-info,metadata,link -C embed-bitcode=no -C debuginfo=2 --warn=unsafe_code --warn=missing_docs '--warn=clippy::indexing_slicing' '--warn=clippy::float_cmp' --cfg 'feature="default"' --check-cfg 'cfg(docsrs,test)' --check-cfg 'cfg(feature, values("default", "ekf-double"))' -C metadata=521a06f7f6b9812f -C extra-filename=-28bd256dfed83426 --out-dir /tmp/cargo-mutants-plane-fw-rust-UKsvEB.tmp/target/debug/deps -C incremental=/tmp/cargo-mutants-plane-fw-rust-UKsvEB.tmp/target/debug/incremental -L dependency=/tmp/cargo-mutants-plane-fw-rust-UKsvEB.tmp/target/debug/deps --extern libm=/tmp/cargo-mutants-plane-fw-rust-UKsvEB.tmp/target/debug/deps/liblibm-a0720e46d9b34d24.rmeta`
error[E0308]: mismatched types
   --> crates/ap-math/src/control.rs:890:63
    |
890 |     *accel = accel_cross * /* ~ changed by cargo-mutants ~ */ accel_dir;
    |                                                               ^^^^^^^^^ expected `f32`, found `Vector2<f32>`
    |
    = note: expected type `f32`
             found struct `Vector2<f32>`

For more information about this error, try `rustc --explain E0308`.
error: could not compile `ap-math` (lib) due to 1 previous error

Caused by:
  process didn't exit successfully: `/root/.rustup/toolchains/1.98.0-x86_64-unknown-linux-gnu/bin/rustc --crate-name ap_math --edition=2021 crates/ap-math/src/lib.rs --error-format=json --json=diagnostic-rendered-ansi,artifacts,future-incompat --crate-type lib --emit=dep-info,metadata,link -C embed-bitcode=no -C debuginfo=2 --warn=unsafe_code --warn=missing_docs '--warn=clippy::indexing_slicing' '--warn=clippy::float_cmp' --cfg 'feature="default"' --check-cfg 'cfg(docsrs,test)' --check-cfg 'cfg(feature, values("default", "ekf-double"))' -C metadata=521a06f7f6b9812f -C extra-filename=-28bd256dfed83426 --out-dir /tmp/cargo-mutants-plane-fw-rust-UKsvEB.tmp/target/debug/deps -C incremental=/tmp/cargo-mutants-plane-fw-rust-UKsvEB.tmp/target/debug/incremental -L dependency=/tmp/cargo-mutants-plane-fw-rust-UKsvEB.tmp/target/debug/deps --extern libm=/tmp/cargo-mutants-plane-fw-rust-UKsvEB.tmp/target/debug/deps/liblibm-a0720e46d9b34d24.rmeta` (exit status: 1)

*** result: Failure(101)
