
*** crates/ap-math/src/control.rs:769:18: replace += with *= in shape_pos_vel_accel_xy

*** mutation diff:
--- crates/ap-math/src/control.rs
+++ replace += with *= in shape_pos_vel_accel_xy
@@ -761,17 +761,17 @@
     if limit_total && is_positive(vel_max) {
         vel_target.limit_length(vel_max);
     }
 
     let mut accel_target = (vel_target - vel) * k_v;
 
     limit_accel_corner_xy(vel, &mut accel_target, accel_max);
 
-    accel_target += accel_desired;
+    accel_target *= /* ~ changed by cargo-mutants ~ */ accel_desired;
 
     if limit_total {
         accel_target.limit_length(accel_max);
     }
 
     shape_accel_xy(accel_target, accel, jerk_max, dt);
 }
 


*** /root/.rustup/toolchains/1.98.0-x86_64-unknown-linux-gnu/bin/cargo test --no-run --verbose --package=ap-math@0.1.0
       Fresh libm v0.2.16
       Dirty ap-math v0.1.0 (/tmp/cargo-mutants-plane-fw-rust-50ntgX.tmp/crates/ap-math): the file `crates/ap-math/src/control.rs` has changed (1787680955.683733093s, 5s after last build at 1787680950.232678718s)
   Compiling ap-math v0.1.0 (/tmp/cargo-mutants-plane-fw-rust-50ntgX.tmp/crates/ap-math)
     Running `/root/.rustup/toolchains/1.98.0-x86_64-unknown-linux-gnu/bin/rustc --crate-name ap_math --edition=2021 crates/ap-math/src/lib.rs --error-format=json --json=diagnostic-rendered-ansi,artifacts,future-incompat --crate-type lib --emit=dep-info,metadata,link -C embed-bitcode=no -C debuginfo=2 --warn=unsafe_code --warn=missing_docs '--warn=clippy::indexing_slicing' '--warn=clippy::float_cmp' --cfg 'feature="default"' --check-cfg 'cfg(docsrs,test)' --check-cfg 'cfg(feature, values("default", "ekf-double"))' -C metadata=521a06f7f6b9812f -C extra-filename=-28bd256dfed83426 --out-dir /tmp/cargo-mutants-plane-fw-rust-50ntgX.tmp/target/debug/deps -C incremental=/tmp/cargo-mutants-plane-fw-rust-50ntgX.tmp/target/debug/incremental -L dependency=/tmp/cargo-mutants-plane-fw-rust-50ntgX.tmp/target/debug/deps --extern libm=/tmp/cargo-mutants-plane-fw-rust-50ntgX.tmp/target/debug/deps/liblibm-a0720e46d9b34d24.rmeta`
error[E0308]: mismatched types
   --> crates/ap-math/src/control.rs:769:56
    |
769 |     accel_target *= /* ~ changed by cargo-mutants ~ */ accel_desired;
    |                                                        ^^^^^^^^^^^^^ expected `f32`, found `Vector2<f32>`
    |
    = note: expected type `f32`
             found struct `Vector2<f32>`

For more information about this error, try `rustc --explain E0308`.
error: could not compile `ap-math` (lib) due to 1 previous error

Caused by:
  process didn't exit successfully: `/root/.rustup/toolchains/1.98.0-x86_64-unknown-linux-gnu/bin/rustc --crate-name ap_math --edition=2021 crates/ap-math/src/lib.rs --error-format=json --json=diagnostic-rendered-ansi,artifacts,future-incompat --crate-type lib --emit=dep-info,metadata,link -C embed-bitcode=no -C debuginfo=2 --warn=unsafe_code --warn=missing_docs '--warn=clippy::indexing_slicing' '--warn=clippy::float_cmp' --cfg 'feature="default"' --check-cfg 'cfg(docsrs,test)' --check-cfg 'cfg(feature, values("default", "ekf-double"))' -C metadata=521a06f7f6b9812f -C extra-filename=-28bd256dfed83426 --out-dir /tmp/cargo-mutants-plane-fw-rust-50ntgX.tmp/target/debug/deps -C incremental=/tmp/cargo-mutants-plane-fw-rust-50ntgX.tmp/target/debug/incremental -L dependency=/tmp/cargo-mutants-plane-fw-rust-50ntgX.tmp/target/debug/deps --extern libm=/tmp/cargo-mutants-plane-fw-rust-50ntgX.tmp/target/debug/deps/liblibm-a0720e46d9b34d24.rmeta` (exit status: 1)

*** result: Failure(101)
