
*** crates/ap-math/src/control.rs:680:11: replace * with + in sqrt_controller_xy

*** mutation diff:
--- crates/ap-math/src/control.rs
+++ replace * with + in sqrt_controller_xy
@@ -672,17 +672,17 @@
 /// error happened to lie.
 #[must_use]
 pub fn sqrt_controller_xy(error: Vector2f, p: f32, second_ord_lim: f32, dt: f32) -> Vector2f {
     let error_length = error.length();
     if !is_positive(error_length) {
         return Vector2f::new(0.0, 0.0);
     }
     let correction_length = sqrt_controller(error_length, p, second_ord_lim, dt);
-    error * (correction_length / error_length)
+    error + /* ~ changed by cargo-mutants ~ */ (correction_length / error_length)
 }
 
 /// Limit acceleration, prioritising cross-track — upstream `limit_accel_xy`.
 ///
 /// When the demand exceeds what the airframe can deliver, something has to be
 /// given up, and this gives up along-track first. Cross-track acceleration is
 /// what holds the vehicle on its path; along-track only changes how fast it
 /// gets there. Sacrificing the path to keep the schedule is the wrong trade,


*** /root/.rustup/toolchains/1.98.0-x86_64-unknown-linux-gnu/bin/cargo test --no-run --verbose --package=ap-math@0.1.0
       Fresh libm v0.2.16
       Dirty ap-math v0.1.0 (/tmp/cargo-mutants-plane-fw-rust-FF1i69.tmp/crates/ap-math): the file `crates/ap-math/src/control.rs` has changed (1787679393.554173400s, 8s after last build at 1787679385.347092360s)
   Compiling ap-math v0.1.0 (/tmp/cargo-mutants-plane-fw-rust-FF1i69.tmp/crates/ap-math)
     Running `/root/.rustup/toolchains/1.98.0-x86_64-unknown-linux-gnu/bin/rustc --crate-name ap_math --edition=2021 crates/ap-math/src/lib.rs --error-format=json --json=diagnostic-rendered-ansi,artifacts,future-incompat --crate-type lib --emit=dep-info,metadata,link -C embed-bitcode=no -C debuginfo=2 --warn=unsafe_code --warn=missing_docs '--warn=clippy::indexing_slicing' '--warn=clippy::float_cmp' --cfg 'feature="default"' --check-cfg 'cfg(docsrs,test)' --check-cfg 'cfg(feature, values("default", "ekf-double"))' -C metadata=521a06f7f6b9812f -C extra-filename=-28bd256dfed83426 --out-dir /tmp/cargo-mutants-plane-fw-rust-FF1i69.tmp/target/debug/deps -C incremental=/tmp/cargo-mutants-plane-fw-rust-FF1i69.tmp/target/debug/incremental -L dependency=/tmp/cargo-mutants-plane-fw-rust-FF1i69.tmp/target/debug/deps --extern libm=/tmp/cargo-mutants-plane-fw-rust-FF1i69.tmp/target/debug/deps/liblibm-a0720e46d9b34d24.rmeta`
error[E0308]: mismatched types
   --> crates/ap-math/src/control.rs:680:48
    |
680 |     error + /* ~ changed by cargo-mutants ~ */ (correction_length / error_length)
    |     -----                                      ^^^^^^^^^^^^^^^^^^^^^^^^^^^^^^^^^^ expected `Vector2<f32>`, found `f32`
    |     |
    |     expected because this is `Vector2<f32>`
    |
    = note: expected struct `Vector2<f32>`
                 found type `f32`

For more information about this error, try `rustc --explain E0308`.
error: could not compile `ap-math` (lib) due to 1 previous error

Caused by:
  process didn't exit successfully: `/root/.rustup/toolchains/1.98.0-x86_64-unknown-linux-gnu/bin/rustc --crate-name ap_math --edition=2021 crates/ap-math/src/lib.rs --error-format=json --json=diagnostic-rendered-ansi,artifacts,future-incompat --crate-type lib --emit=dep-info,metadata,link -C embed-bitcode=no -C debuginfo=2 --warn=unsafe_code --warn=missing_docs '--warn=clippy::indexing_slicing' '--warn=clippy::float_cmp' --cfg 'feature="default"' --check-cfg 'cfg(docsrs,test)' --check-cfg 'cfg(feature, values("default", "ekf-double"))' -C metadata=521a06f7f6b9812f -C extra-filename=-28bd256dfed83426 --out-dir /tmp/cargo-mutants-plane-fw-rust-FF1i69.tmp/target/debug/deps -C incremental=/tmp/cargo-mutants-plane-fw-rust-FF1i69.tmp/target/debug/incremental -L dependency=/tmp/cargo-mutants-plane-fw-rust-FF1i69.tmp/target/debug/deps --extern libm=/tmp/cargo-mutants-plane-fw-rust-FF1i69.tmp/target/debug/deps/liblibm-a0720e46d9b34d24.rmeta` (exit status: 1)

*** result: Failure(101)
