
*** crates/ap-math/src/control.rs:344:45: replace * with / in sqrt_controller

*** mutation diff:
--- crates/ap-math/src/control.rs
+++ replace * with / in sqrt_controller
@@ -336,17 +336,17 @@
         } else {
             0.0
         }
     } else {
         let linear_dist = second_ord_lim / sq(p);
         if error > linear_dist {
             safe_sqrt(2.0 * second_ord_lim * (error - linear_dist / 2.0))
         } else if error < -linear_dist {
-            -safe_sqrt(2.0 * second_ord_lim * (-error - linear_dist / 2.0))
+            -safe_sqrt(2.0 * second_ord_lim / /* ~ changed by cargo-mutants ~ */ (-error - linear_dist / 2.0))
         } else {
             error * p
         }
     };
 
     if is_positive(dt) {
         constrain_value(correction_rate, -error.abs() / dt, error.abs() / dt)
     } else {


*** /root/.rustup/toolchains/1.98.0-x86_64-unknown-linux-gnu/bin/cargo test --no-run --verbose --package=ap-math@0.1.0
       Fresh libm v0.2.16
       Dirty ap-math v0.1.0 (/tmp/cargo-mutants-plane-fw-rust-ke7LEK.tmp/crates/ap-math): the file `crates/ap-math/src/control.rs` has changed (1787679758.727772540s, 5s after last build at 1787679753.366719777s)
   Compiling ap-math v0.1.0 (/tmp/cargo-mutants-plane-fw-rust-ke7LEK.tmp/crates/ap-math)
     Running `/root/.rustup/toolchains/1.98.0-x86_64-unknown-linux-gnu/bin/rustc --crate-name ap_math --edition=2021 crates/ap-math/src/lib.rs --error-format=json --json=diagnostic-rendered-ansi,artifacts,future-incompat --crate-type lib --emit=dep-info,metadata,link -C embed-bitcode=no -C debuginfo=2 --warn=unsafe_code --warn=missing_docs '--warn=clippy::indexing_slicing' '--warn=clippy::float_cmp' --cfg 'feature="default"' --check-cfg 'cfg(docsrs,test)' --check-cfg 'cfg(feature, values("default", "ekf-double"))' -C metadata=521a06f7f6b9812f -C extra-filename=-28bd256dfed83426 --out-dir /tmp/cargo-mutants-plane-fw-rust-ke7LEK.tmp/target/debug/deps -C incremental=/tmp/cargo-mutants-plane-fw-rust-ke7LEK.tmp/target/debug/incremental -L dependency=/tmp/cargo-mutants-plane-fw-rust-ke7LEK.tmp/target/debug/deps --extern libm=/tmp/cargo-mutants-plane-fw-rust-ke7LEK.tmp/target/debug/deps/liblibm-a0720e46d9b34d24.rmeta`
     Running `/root/.rustup/toolchains/1.98.0-x86_64-unknown-linux-gnu/bin/rustc --crate-name matrix3_parity --edition=2021 crates/ap-math/tests/matrix3_parity.rs --error-format=json --json=diagnostic-rendered-ansi,artifacts,future-incompat --emit=dep-info,link -C embed-bitcode=no -C debuginfo=2 --warn=unsafe_code --warn=missing_docs '--warn=clippy::indexing_slicing' '--warn=clippy::float_cmp' --test --cfg 'feature="default"' --check-cfg 'cfg(docsrs,test)' --check-cfg 'cfg(feature, values("default", "ekf-double"))' -C metadata=22ac873b3d9e8f39 -C extra-filename=-7a164376c470bd28 --out-dir /tmp/cargo-mutants-plane-fw-rust-ke7LEK.tmp/target/debug/deps -C incremental=/tmp/cargo-mutants-plane-fw-rust-ke7LEK.tmp/target/debug/incremental -L dependency=/tmp/cargo-mutants-plane-fw-rust-ke7LEK.tmp/target/debug/deps --extern ap_math=/tmp/cargo-mutants-plane-fw-rust-ke7LEK.tmp/target/debug/deps/libap_math-28bd256dfed83426.rlib --extern libm=/tmp/cargo-mutants-plane-fw-rust-ke7LEK.tmp/target/debug/deps/liblibm-a0720e46d9b34d24.rlib`
     Running `/root/.rustup/toolchains/1.98.0-x86_64-unknown-linux-gnu/bin/rustc --crate-name crc_parity --edition=2021 crates/ap-math/tests/crc_parity.rs --error-format=json --json=diagnostic-rendered-ansi,artifacts,future-incompat --emit=dep-info,link -C embed-bitcode=no -C debuginfo=2 --warn=unsafe_code --warn=missing_docs '--warn=clippy::indexing_slicing' '--warn=clippy::float_cmp' --test --cfg 'feature="default"' --check-cfg 'cfg(docsrs,test)' --check-cfg 'cfg(feature, values("default", "ekf-double"))' -C metadata=45303d4b2f230ffa -C extra-filename=-4b6d3252a4400395 --out-dir /tmp/cargo-mutants-plane-fw-rust-ke7LEK.tmp/target/debug/deps -C incremental=/tmp/cargo-mutants-plane-fw-rust-ke7LEK.tmp/target/debug/incremental -L dependency=/tmp/cargo-mutants-plane-fw-rust-ke7LEK.tmp/target/debug/deps --extern ap_math=/tmp/cargo-mutants-plane-fw-rust-ke7LEK.tmp/target/debug/deps/libap_math-28bd256dfed83426.rlib --extern libm=/tmp/cargo-mutants-plane-fw-rust-ke7LEK.tmp/target/debug/deps/liblibm-a0720e46d9b34d24.rlib`
     Running `/root/.rustup/toolchains/1.98.0-x86_64-unknown-linux-gnu/bin/rustc --crate-name vector_n_parity --edition=2021 crates/ap-math/tests/vector_n_parity.rs --error-format=json --json=diagnostic-rendered-ansi,artifacts,future-incompat --emit=dep-info,link -C embed-bitcode=no -C debuginfo=2 --warn=unsafe_code --warn=missing_docs '--warn=clippy::indexing_slicing' '--warn=clippy::float_cmp' --test --cfg 'feature="default"' --check-cfg 'cfg(docsrs,test)' --check-cfg 'cfg(feature, values("default", "ekf-double"))' -C metadata=cbcefc27654edb7f -C extra-filename=-d203e23803f0ece5 --out-dir /tmp/cargo-mutants-plane-fw-rust-ke7LEK.tmp/target/debug/deps -C incremental=/tmp/cargo-mutants-plane-fw-rust-ke7LEK.tmp/target/debug/incremental -L dependency=/tmp/cargo-mutants-plane-fw-rust-ke7LEK.tmp/target/debug/deps --extern ap_math=/tmp/cargo-mutants-plane-fw-rust-ke7LEK.tmp/target/debug/deps/libap_math-28bd256dfed83426.rlib --extern libm=/tmp/cargo-mutants-plane-fw-rust-ke7LEK.tmp/target/debug/deps/liblibm-a0720e46d9b34d24.rlib`
     Running `/root/.rustup/toolchains/1.98.0-x86_64-unknown-linux-gnu/bin/rustc --crate-name matrix_alg_parity --edition=2021 crates/ap-math/tests/matrix_alg_parity.rs --error-format=json --json=diagnostic-rendered-ansi,artifacts,future-incompat --emit=dep-info,link -C embed-bitcode=no -C debuginfo=2 --warn=unsafe_code --warn=missing_docs '--warn=clippy::indexing_slicing' '--warn=clippy::float_cmp' --test --cfg 'feature="default"' --check-cfg 'cfg(docsrs,test)' --check-cfg 'cfg(feature, values("default", "ekf-double"))' -C metadata=7d3bd72cb189cdbe -C extra-filename=-621f778ac95353c7 --out-dir /tmp/cargo-mutants-plane-fw-rust-ke7LEK.tmp/target/debug/deps -C incremental=/tmp/cargo-mutants-plane-fw-rust-ke7LEK.tmp/target/debug/incremental -L dependency=/tmp/cargo-mutants-plane-fw-rust-ke7LEK.tmp/target/debug/deps --extern ap_math=/tmp/cargo-mutants-plane-fw-rust-ke7LEK.tmp/target/debug/deps/libap_math-28bd256dfed83426.rlib --extern libm=/tmp/cargo-mutants-plane-fw-rust-ke7LEK.tmp/target/debug/deps/liblibm-a0720e46d9b34d24.rlib`
     Running `/root/.rustup/toolchains/1.98.0-x86_64-unknown-linux-gnu/bin/rustc --crate-name polygon_parity --edition=2021 crates/ap-math/tests/polygon_parity.rs --error-format=json --json=diagnostic-rendered-ansi,artifacts,future-incompat --emit=dep-info,link -C embed-bitcode=no -C debuginfo=2 --warn=unsafe_code --warn=missing_docs '--warn=clippy::indexing_slicing' '--warn=clippy::float_cmp' --test --cfg 'feature="default"' --check-cfg 'cfg(docsrs,test)' --check-cfg 'cfg(feature, values("default", "ekf-double"))' -C metadata=5627b3ed30c961bc -C extra-filename=-4f43376ba6a4d388 --out-dir /tmp/cargo-mutants-plane-fw-rust-ke7LEK.tmp/target/debug/deps -C incremental=/tmp/cargo-mutants-plane-fw-rust-ke7LEK.tmp/target/debug/incremental -L dependency=/tmp/cargo-mutants-plane-fw-rust-ke7LEK.tmp/target/debug/deps --extern ap_math=/tmp/cargo-mutants-plane-fw-rust-ke7LEK.tmp/target/debug/deps/libap_math-28bd256dfed83426.rlib --extern libm=/tmp/cargo-mutants-plane-fw-rust-ke7LEK.tmp/target/debug/deps/liblibm-a0720e46d9b34d24.rlib`
     Running `/root/.rustup/toolchains/1.98.0-x86_64-unknown-linux-gnu/bin/rustc --crate-name vector3_geom_parity --edition=2021 crates/ap-math/tests/vector3_geom_parity.rs --error-format=json --json=diagnostic-rendered-ansi,artifacts,future-incompat --emit=dep-info,link -C embed-bitcode=no -C debuginfo=2 --warn=unsafe_code --warn=missing_docs '--warn=clippy::indexing_slicing' '--warn=clippy::float_cmp' --test --cfg 'feature="default"' --check-cfg 'cfg(docsrs,test)' --check-cfg 'cfg(feature, values("default", "ekf-double"))' -C metadata=227238f9fb09b758 -C extra-filename=-1d7fd336a8779e5e --out-dir /tmp/cargo-mutants-plane-fw-rust-ke7LEK.tmp/target/debug/deps -C incremental=/tmp/cargo-mutants-plane-fw-rust-ke7LEK.tmp/target/debug/incremental -L dependency=/tmp/cargo-mutants-plane-fw-rust-ke7LEK.tmp/target/debug/deps --extern ap_math=/tmp/cargo-mutants-plane-fw-rust-ke7LEK.tmp/target/debug/deps/libap_math-28bd256dfed83426.rlib --extern libm=/tmp/cargo-mutants-plane-fw-rust-ke7LEK.tmp/target/debug/deps/liblibm-a0720e46d9b34d24.rlib`
     Running `/root/.rustup/toolchains/1.98.0-x86_64-unknown-linux-gnu/bin/rustc --crate-name chirp_parity --edition=2021 crates/ap-math/tests/chirp_parity.rs --error-format=json --json=diagnostic-rendered-ansi,artifacts,future-incompat --emit=dep-info,link -C embed-bitcode=no -C debuginfo=2 --warn=unsafe_code --warn=missing_docs '--warn=clippy::indexing_slicing' '--warn=clippy::float_cmp' --test --cfg 'feature="default"' --check-cfg 'cfg(docsrs,test)' --check-cfg 'cfg(feature, values("default", "ekf-double"))' -C metadata=9f0ef5768b8bafa9 -C extra-filename=-5dddbcc411ce8535 --out-dir /tmp/cargo-mutants-plane-fw-rust-ke7LEK.tmp/target/debug/deps -C incremental=/tmp/cargo-mutants-plane-fw-rust-ke7LEK.tmp/target/debug/incremental -L dependency=/tmp/cargo-mutants-plane-fw-rust-ke7LEK.tmp/target/debug/deps --extern ap_math=/tmp/cargo-mutants-plane-fw-rust-ke7LEK.tmp/target/debug/deps/libap_math-28bd256dfed83426.rlib --extern libm=/tmp/cargo-mutants-plane-fw-rust-ke7LEK.tmp/target/debug/deps/liblibm-a0720e46d9b34d24.rlib`
     Running `/root/.rustup/toolchains/1.98.0-x86_64-unknown-linux-gnu/bin/rustc --crate-name axis_angle --edition=2021 crates/ap-math/tests/axis_angle.rs --error-format=json --json=diagnostic-rendered-ansi,artifacts,future-incompat --emit=dep-info,link -C embed-bitcode=no -C debuginfo=2 --warn=unsafe_code --warn=missing_docs '--warn=clippy::indexing_slicing' '--warn=clippy::float_cmp' --test --cfg 'feature="default"' --check-cfg 'cfg(docsrs,test)' --check-cfg 'cfg(feature, values("default", "ekf-double"))' -C metadata=bf7c016cc6938756 -C extra-filename=-ee7b28faae03db92 --out-dir /tmp/cargo-mutants-plane-fw-rust-ke7LEK.tmp/target/debug/deps -C incremental=/tmp/cargo-mutants-plane-fw-rust-ke7LEK.tmp/target/debug/incremental -L dependency=/tmp/cargo-mutants-plane-fw-rust-ke7LEK.tmp/target/debug/deps --extern ap_math=/tmp/cargo-mutants-plane-fw-rust-ke7LEK.tmp/target/debug/deps/libap_math-28bd256dfed83426.rlib --extern libm=/tmp/cargo-mutants-plane-fw-rust-ke7LEK.tmp/target/debug/deps/liblibm-a0720e46d9b34d24.rlib`
     Running `/root/.rustup/toolchains/1.98.0-x86_64-unknown-linux-gnu/bin/rustc --crate-name control_xy_parity --edition=2021 crates/ap-math/tests/control_xy_parity.rs --error-format=json --json=diagnostic-rendered-ansi,artifacts,future-incompat --emit=dep-info,link -C embed-bitcode=no -C debuginfo=2 --warn=unsafe_code --warn=missing_docs '--warn=clippy::indexing_slicing' '--warn=clippy::float_cmp' --test --cfg 'feature="default"' --check-cfg 'cfg(docsrs,test)' --check-cfg 'cfg(feature, values("default", "ekf-double"))' -C metadata=9c4aeb7a6204205f -C extra-filename=-1bdcd6fe1a92aa1e --out-dir /tmp/cargo-mutants-plane-fw-rust-ke7LEK.tmp/target/debug/deps -C incremental=/tmp/cargo-mutants-plane-fw-rust-ke7LEK.tmp/target/debug/incremental -L dependency=/tmp/cargo-mutants-plane-fw-rust-ke7LEK.tmp/target/debug/deps --extern ap_math=/tmp/cargo-mutants-plane-fw-rust-ke7LEK.tmp/target/debug/deps/libap_math-28bd256dfed83426.rlib --extern libm=/tmp/cargo-mutants-plane-fw-rust-ke7LEK.tmp/target/debug/deps/liblibm-a0720e46d9b34d24.rlib`
     Running `/root/.rustup/toolchains/1.98.0-x86_64-unknown-linux-gnu/bin/rustc --crate-name location_offset_parity --edition=2021 crates/ap-math/tests/location_offset_parity.rs --error-format=json --json=diagnostic-rendered-ansi,artifacts,future-incompat --emit=dep-info,link -C embed-bitcode=no -C debuginfo=2 --warn=unsafe_code --warn=missing_docs '--warn=clippy::indexing_slicing' '--warn=clippy::float_cmp' --test --cfg 'feature="default"' --check-cfg 'cfg(docsrs,test)' --check-cfg 'cfg(feature, values("default", "ekf-double"))' -C metadata=0df628a59a9cc70e -C extra-filename=-92141298ac685bce --out-dir /tmp/cargo-mutants-plane-fw-rust-ke7LEK.tmp/target/debug/deps -C incremental=/tmp/cargo-mutants-plane-fw-rust-ke7LEK.tmp/target/debug/incremental -L dependency=/tmp/cargo-mutants-plane-fw-rust-ke7LEK.tmp/target/debug/deps --extern ap_math=/tmp/cargo-mutants-plane-fw-rust-ke7LEK.tmp/target/debug/deps/libap_math-28bd256dfed83426.rlib --extern libm=/tmp/cargo-mutants-plane-fw-rust-ke7LEK.tmp/target/debug/deps/liblibm-a0720e46d9b34d24.rlib`
     Running `/root/.rustup/toolchains/1.98.0-x86_64-unknown-linux-gnu/bin/rustc --crate-name location_parity --edition=2021 crates/ap-math/tests/location_parity.rs --error-format=json --json=diagnostic-rendered-ansi,artifacts,future-incompat --emit=dep-info,link -C embed-bitcode=no -C debuginfo=2 --warn=unsafe_code --warn=missing_docs '--warn=clippy::indexing_slicing' '--warn=clippy::float_cmp' --test --cfg 'feature="default"' --check-cfg 'cfg(docsrs,test)' --check-cfg 'cfg(feature, values("default", "ekf-double"))' -C metadata=1a73f96997330660 -C extra-filename=-7a830aa06a872790 --out-dir /tmp/cargo-mutants-plane-fw-rust-ke7LEK.tmp/target/debug/deps -C incremental=/tmp/cargo-mutants-plane-fw-rust-ke7LEK.tmp/target/debug/incremental -L dependency=/tmp/cargo-mutants-plane-fw-rust-ke7LEK.tmp/target/debug/deps --extern ap_math=/tmp/cargo-mutants-plane-fw-rust-ke7LEK.tmp/target/debug/deps/libap_math-28bd256dfed83426.rlib --extern libm=/tmp/cargo-mutants-plane-fw-rust-ke7LEK.tmp/target/debug/deps/liblibm-a0720e46d9b34d24.rlib`
     Running `/root/.rustup/toolchains/1.98.0-x86_64-unknown-linux-gnu/bin/rustc --crate-name rotations_parity --edition=2021 crates/ap-math/tests/rotations_parity.rs --error-format=json --json=diagnostic-rendered-ansi,artifacts,future-incompat --emit=dep-info,link -C embed-bitcode=no -C debuginfo=2 --warn=unsafe_code --warn=missing_docs '--warn=clippy::indexing_slicing' '--warn=clippy::float_cmp' --test --cfg 'feature="default"' --check-cfg 'cfg(docsrs,test)' --check-cfg 'cfg(feature, values("default", "ekf-double"))' -C metadata=1dcb00183b216a05 -C extra-filename=-c74893dd1adc9dd9 --out-dir /tmp/cargo-mutants-plane-fw-rust-ke7LEK.tmp/target/debug/deps -C incremental=/tmp/cargo-mutants-plane-fw-rust-ke7LEK.tmp/target/debug/incremental -L dependency=/tmp/cargo-mutants-plane-fw-rust-ke7LEK.tmp/target/debug/deps --extern ap_math=/tmp/cargo-mutants-plane-fw-rust-ke7LEK.tmp/target/debug/deps/libap_math-28bd256dfed83426.rlib --extern libm=/tmp/cargo-mutants-plane-fw-rust-ke7LEK.tmp/target/debug/deps/liblibm-a0720e46d9b34d24.rlib`
     Running `/root/.rustup/toolchains/1.98.0-x86_64-unknown-linux-gnu/bin/rustc --crate-name scalar_parity --edition=2021 crates/ap-math/tests/scalar_parity.rs --error-format=json --json=diagnostic-rendered-ansi,artifacts,future-incompat --emit=dep-info,link -C embed-bitcode=no -C debuginfo=2 --warn=unsafe_code --warn=missing_docs '--warn=clippy::indexing_slicing' '--warn=clippy::float_cmp' --test --cfg 'feature="default"' --check-cfg 'cfg(docsrs,test)' --check-cfg 'cfg(feature, values("default", "ekf-double"))' -C metadata=e9e3a968e3bf227a -C extra-filename=-a2ac5629d71ec235 --out-dir /tmp/cargo-mutants-plane-fw-rust-ke7LEK.tmp/target/debug/deps -C incremental=/tmp/cargo-mutants-plane-fw-rust-ke7LEK.tmp/target/debug/incremental -L dependency=/tmp/cargo-mutants-plane-fw-rust-ke7LEK.tmp/target/debug/deps --extern ap_math=/tmp/cargo-mutants-plane-fw-rust-ke7LEK.tmp/target/debug/deps/libap_math-28bd256dfed83426.rlib --extern libm=/tmp/cargo-mutants-plane-fw-rust-ke7LEK.tmp/target/debug/deps/liblibm-a0720e46d9b34d24.rlib`
     Running `/root/.rustup/toolchains/1.98.0-x86_64-unknown-linux-gnu/bin/rustc --crate-name scurve_parity --edition=2021 crates/ap-math/tests/scurve_parity.rs --error-format=json --json=diagnostic-rendered-ansi,artifacts,future-incompat --emit=dep-info,link -C embed-bitcode=no -C debuginfo=2 --warn=unsafe_code --warn=missing_docs '--warn=clippy::indexing_slicing' '--warn=clippy::float_cmp' --test --cfg 'feature="default"' --check-cfg 'cfg(docsrs,test)' --check-cfg 'cfg(feature, values("default", "ekf-double"))' -C metadata=24256da060db084b -C extra-filename=-489399fa7a5c68ee --out-dir /tmp/cargo-mutants-plane-fw-rust-ke7LEK.tmp/target/debug/deps -C incremental=/tmp/cargo-mutants-plane-fw-rust-ke7LEK.tmp/target/debug/incremental -L dependency=/tmp/cargo-mutants-plane-fw-rust-ke7LEK.tmp/target/debug/deps --extern ap_math=/tmp/cargo-mutants-plane-fw-rust-ke7LEK.tmp/target/debug/deps/libap_math-28bd256dfed83426.rlib --extern libm=/tmp/cargo-mutants-plane-fw-rust-ke7LEK.tmp/target/debug/deps/liblibm-a0720e46d9b34d24.rlib`
     Running `/root/.rustup/toolchains/1.98.0-x86_64-unknown-linux-gnu/bin/rustc --crate-name location_geo_parity --edition=2021 crates/ap-math/tests/location_geo_parity.rs --error-format=json --json=diagnostic-rendered-ansi,artifacts,future-incompat --emit=dep-info,link -C embed-bitcode=no -C debuginfo=2 --warn=unsafe_code --warn=missing_docs '--warn=clippy::indexing_slicing' '--warn=clippy::float_cmp' --test --cfg 'feature="default"' --check-cfg 'cfg(docsrs,test)' --check-cfg 'cfg(feature, values("default", "ekf-double"))' -C metadata=f355138708c0e5da -C extra-filename=-2ff89b15f0747906 --out-dir /tmp/cargo-mutants-plane-fw-rust-ke7LEK.tmp/target/debug/deps -C incremental=/tmp/cargo-mutants-plane-fw-rust-ke7LEK.tmp/target/debug/incremental -L dependency=/tmp/cargo-mutants-plane-fw-rust-ke7LEK.tmp/target/debug/deps --extern ap_math=/tmp/cargo-mutants-plane-fw-rust-ke7LEK.tmp/target/debug/deps/libap_math-28bd256dfed83426.rlib --extern libm=/tmp/cargo-mutants-plane-fw-rust-ke7LEK.tmp/target/debug/deps/liblibm-a0720e46d9b34d24.rlib`
     Running `/root/.rustup/toolchains/1.98.0-x86_64-unknown-linux-gnu/bin/rustc --crate-name control_parity --edition=2021 crates/ap-math/tests/control_parity.rs --error-format=json --json=diagnostic-rendered-ansi,artifacts,future-incompat --emit=dep-info,link -C embed-bitcode=no -C debuginfo=2 --warn=unsafe_code --warn=missing_docs '--warn=clippy::indexing_slicing' '--warn=clippy::float_cmp' --test --cfg 'feature="default"' --check-cfg 'cfg(docsrs,test)' --check-cfg 'cfg(feature, values("default", "ekf-double"))' -C metadata=5194e6986001acfa -C extra-filename=-703320a80c66c45e --out-dir /tmp/cargo-mutants-plane-fw-rust-ke7LEK.tmp/target/debug/deps -C incremental=/tmp/cargo-mutants-plane-fw-rust-ke7LEK.tmp/target/debug/incremental -L dependency=/tmp/cargo-mutants-plane-fw-rust-ke7LEK.tmp/target/debug/deps --extern ap_math=/tmp/cargo-mutants-plane-fw-rust-ke7LEK.tmp/target/debug/deps/libap_math-28bd256dfed83426.rlib --extern libm=/tmp/cargo-mutants-plane-fw-rust-ke7LEK.tmp/target/debug/deps/liblibm-a0720e46d9b34d24.rlib`
     Running `/root/.rustup/toolchains/1.98.0-x86_64-unknown-linux-gnu/bin/rustc --crate-name spline_parity --edition=2021 crates/ap-math/tests/spline_parity.rs --error-format=json --json=diagnostic-rendered-ansi,artifacts,future-incompat --emit=dep-info,link -C embed-bitcode=no -C debuginfo=2 --warn=unsafe_code --warn=missing_docs '--warn=clippy::indexing_slicing' '--warn=clippy::float_cmp' --test --cfg 'feature="default"' --check-cfg 'cfg(docsrs,test)' --check-cfg 'cfg(feature, values("default", "ekf-double"))' -C metadata=c6c9bfd2417967fe -C extra-filename=-3492706cebfae316 --out-dir /tmp/cargo-mutants-plane-fw-rust-ke7LEK.tmp/target/debug/deps -C incremental=/tmp/cargo-mutants-plane-fw-rust-ke7LEK.tmp/target/debug/incremental -L dependency=/tmp/cargo-mutants-plane-fw-rust-ke7LEK.tmp/target/debug/deps --extern ap_math=/tmp/cargo-mutants-plane-fw-rust-ke7LEK.tmp/target/debug/deps/libap_math-28bd256dfed83426.rlib --extern libm=/tmp/cargo-mutants-plane-fw-rust-ke7LEK.tmp/target/debug/deps/liblibm-a0720e46d9b34d24.rlib`
     Running `/root/.rustup/toolchains/1.98.0-x86_64-unknown-linux-gnu/bin/rustc --crate-name ap_math --edition=2021 crates/ap-math/src/lib.rs --error-format=json --json=diagnostic-rendered-ansi,artifacts,future-incompat --emit=dep-info,link -C embed-bitcode=no -C debuginfo=2 --warn=unsafe_code --warn=missing_docs '--warn=clippy::indexing_slicing' '--warn=clippy::float_cmp' --test --cfg 'feature="default"' --check-cfg 'cfg(docsrs,test)' --check-cfg 'cfg(feature, values("default", "ekf-double"))' -C metadata=5e48cbd8090f0b88 -C extra-filename=-7c2e9a5eabe3f21e --out-dir /tmp/cargo-mutants-plane-fw-rust-ke7LEK.tmp/target/debug/deps -C incremental=/tmp/cargo-mutants-plane-fw-rust-ke7LEK.tmp/target/debug/incremental -L dependency=/tmp/cargo-mutants-plane-fw-rust-ke7LEK.tmp/target/debug/deps --extern libm=/tmp/cargo-mutants-plane-fw-rust-ke7LEK.tmp/target/debug/deps/liblibm-a0720e46d9b34d24.rlib`
    Finished `test` profile [unoptimized + debuginfo] target(s) in 4.86s
  Executable `/tmp/cargo-mutants-plane-fw-rust-ke7LEK.tmp/target/debug/deps/ap_math-7c2e9a5eabe3f21e`
  Executable `/tmp/cargo-mutants-plane-fw-rust-ke7LEK.tmp/target/debug/deps/axis_angle-ee7b28faae03db92`
  Executable `/tmp/cargo-mutants-plane-fw-rust-ke7LEK.tmp/target/debug/deps/chirp_parity-5dddbcc411ce8535`
  Executable `/tmp/cargo-mutants-plane-fw-rust-ke7LEK.tmp/target/debug/deps/control_parity-703320a80c66c45e`
  Executable `/tmp/cargo-mutants-plane-fw-rust-ke7LEK.tmp/target/debug/deps/control_xy_parity-1bdcd6fe1a92aa1e`
  Executable `/tmp/cargo-mutants-plane-fw-rust-ke7LEK.tmp/target/debug/deps/crc_parity-4b6d3252a4400395`
  Executable `/tmp/cargo-mutants-plane-fw-rust-ke7LEK.tmp/target/debug/deps/location_geo_parity-2ff89b15f0747906`
  Executable `/tmp/cargo-mutants-plane-fw-rust-ke7LEK.tmp/target/debug/deps/location_offset_parity-92141298ac685bce`
  Executable `/tmp/cargo-mutants-plane-fw-rust-ke7LEK.tmp/target/debug/deps/location_parity-7a830aa06a872790`
  Executable `/tmp/cargo-mutants-plane-fw-rust-ke7LEK.tmp/target/debug/deps/matrix3_parity-7a164376c470bd28`
  Executable `/tmp/cargo-mutants-plane-fw-rust-ke7LEK.tmp/target/debug/deps/matrix_alg_parity-621f778ac95353c7`
  Executable `/tmp/cargo-mutants-plane-fw-rust-ke7LEK.tmp/target/debug/deps/polygon_parity-4f43376ba6a4d388`
  Executable `/tmp/cargo-mutants-plane-fw-rust-ke7LEK.tmp/target/debug/deps/rotations_parity-c74893dd1adc9dd9`
  Executable `/tmp/cargo-mutants-plane-fw-rust-ke7LEK.tmp/target/debug/deps/scalar_parity-a2ac5629d71ec235`
  Executable `/tmp/cargo-mutants-plane-fw-rust-ke7LEK.tmp/target/debug/deps/scurve_parity-489399fa7a5c68ee`
  Executable `/tmp/cargo-mutants-plane-fw-rust-ke7LEK.tmp/target/debug/deps/spline_parity-3492706cebfae316`
  Executable `/tmp/cargo-mutants-plane-fw-rust-ke7LEK.tmp/target/debug/deps/vector3_geom_parity-1d7fd336a8779e5e`
  Executable `/tmp/cargo-mutants-plane-fw-rust-ke7LEK.tmp/target/debug/deps/vector_n_parity-d203e23803f0ece5`

*** result: Success

*** /root/.rustup/toolchains/1.98.0-x86_64-unknown-linux-gnu/bin/cargo test --verbose --package=ap-math@0.1.0
       Fresh libm v0.2.16
       Fresh ap-math v0.1.0 (/tmp/cargo-mutants-plane-fw-rust-ke7LEK.tmp/crates/ap-math)
    Finished `test` profile [unoptimized + debuginfo] target(s) in 0.07s
     Running `/tmp/cargo-mutants-plane-fw-rust-ke7LEK.tmp/target/debug/deps/ap_math-7c2e9a5eabe3f21e`

running 146 tests
test chirp::tests::completion_is_reported_at_the_record_length ... ok
test chirp::tests::the_dwell_hands_over_at_a_zero_crossing ... ok
test chirp::tests::the_signal_is_silent_outside_its_record ... ok
test chirp::tests::equal_frequencies_give_a_steady_sine ... ok
test chirp::tests::the_window_fades_in_and_out ... ok
test control::tests::a_bad_jerk_limit_is_refused_and_changes_nothing ... ok
test chirp::tests::the_frequency_dwells_then_sweeps ... ok
test chirp::tests::the_whole_record_is_finite ... ok
test control::tests::a_position_demand_is_tracked_and_settles ... ok
test control::tests::a_degenerate_direction_or_limit_gives_zero ... ok
test control::tests::a_limit_blocks_pushing_but_not_unwinding ... ok
test control::tests::a_velocity_demand_is_tracked_within_the_limits ... ok
test chirp::tests::the_output_never_exceeds_its_magnitude ... ok
test control::tests::acceleration_approaches_its_target_at_the_jerk_limit ... ok
test control::tests::near_the_target_it_is_a_p_controller ... ok
test control::tests::only_the_direction_matters_not_its_length ... ok
test control::tests::stopping_distance_grows_with_the_square_of_speed ... ok
test control::tests::the_binding_limit_decides_on_a_diagonal ... ok
test control::tests::the_correction_cannot_overshoot_in_one_step ... ok
test control::tests::the_implied_rate_is_zero_when_moving_away ... ok
test control::tests::the_inverse_round_trips ... ok
test control::tests::the_pure_axes_return_their_own_limits ... ok
test control::tests::an_angle_demand_turns_the_short_way ... ok
test control::tests::the_response_is_symmetric ... FAILED
test crc::tests::crc32_small_agrees_with_table_driven ... ok
test control::tests::the_two_regimes_join_continuously ... ok
test crc::tests::crc8_dvb_is_symmetric_in_its_first_two_args ... ok
test crc::tests::parity_matches_the_unrolled_form ... ok
test crc::tests::rds02uf_table_has_upstreams_one_byte_collision ... ok
test control::tests::climbing_and_descending_differ ... ok
test crc::tests::empty_input_returns_the_seed ... ok
test crc::tests::seeded_forms_are_streamable ... ok
test control::tests::far_from_the_target_it_is_a_braking_profile ... ok
test control::tests::malformed_limits_are_refused ... ok
test crc::tests::single_bit_flips_change_every_crc ... ok
test crc::tests::tables_match_their_polynomials ... ok
test location::tests::a_failed_conversion_changes_nothing ... ok
test location::tests::a_conversion_without_home_has_no_answer ... ok
test location::tests::above_terrain_is_also_marked_relative ... ok
test location::tests::bearing_is_measured_from_north_and_wrapped ... ok
test location::tests::converting_to_the_same_frame_needs_nothing ... ok
test location::tests::d016_latitude_bound_is_checked_as_an_integer ... ok
test location::tests::an_all_zero_location_reads_as_uninitialised ... ok
test location::tests::d023_terrain_without_relative_is_reported_not_fatal ... ok
test location::tests::degree_bounds_are_inclusive ... ok
test location::tests::frames_round_trip_through_each_other ... ok
test location::tests::every_frame_survives_the_storage_bits ... ok
test location::tests::horizontal_distance_is_the_vector_length ... ok
test matrix3::tests::determinants_match_upstream ... ok
test location::tests::the_bit_precedence_is_terrain_then_origin_then_relative ... ok
test matrix3::tests::euler_roundtrip_derived ... ok
test matrix3::tests::inverses_match_upstream ... ok
test matrix3::tests::invert_in_place_reports_failure ... ok
test location::tests::extreme_integers_do_not_panic ... ok
test location::tests::offset_up_moves_altitude_and_not_the_frame ... ok
test location::tests::the_conversions_use_the_datums_they_name ... ok
test matrix3::tests::rotation_inverse_equals_transpose_derived ... ok
test matrix_alg::tests::d012_insufficient_scratch_is_reported_not_dereferenced ... ok
test matrix_alg::tests::dimension_mismatches_are_reported ... ok
test matrix_alg::tests::scratch_len_is_five_matrices ... ok
test matrix3::tests::structure_and_products_derived ... ok
test matrix_alg::tests::singular_matrices_are_reported ... ok
test matrix_alg::tests::three_and_four_need_no_scratch ... ok
test polygon::tests::a_line_that_misses_does_not_intersect ... ok
test matrix_alg::tests::identity_is_its_own_inverse ... ok
test polygon::tests::closed_and_open_forms_agree ... ok
test polygon::tests::closest_distance_point_needs_three_points ... ok
test matrix_alg::tests::inverse_times_original_is_identity ... ok
test chirp::tests::the_sweep_spends_equal_time_per_octave ... ok
test polygon::tests::complete_requires_four_points_and_a_repeated_first ... ok
test polygon::tests::d011_closest_distance_line_handles_more_than_256_points ... ok
test polygon::tests::d011_closest_distance_line_terminates_without_edges ... ok
test polygon::tests::inside_and_outside_are_classified ... ok
test polygon::tests::intersection_is_the_one_nearest_p1 ... ok
test quaternion::tests::earth_to_body_derived ... ok
test quaternion::tests::euler_roundtrip_derived ... ok
test quaternion::tests::inverse_and_normalize_derived ... ok
test quaternion::tests::multiplication_is_homomorphism_with_matrices ... ok
test quaternion::tests::multiplication_of_bases_matches_upstream ... ok
test quaternion::tests::is_unit_length_matches_upstream ... ok
test scalar::tests::calc_lowpass_alpha_dt_edges ... ok
test quaternion::tests::is_zero_matches_upstream ... ok
test scalar::tests::constrain_value_matches_upstream ... ok
test scalar::tests::degrees_radians_roundtrip ... ok
test scalar::tests::constrain_value_nan_returns_midpoint ... ok
test scalar::tests::f64_epsilon_inconsistency_is_preserved ... ok
test quaternion::tests::length_squared_matches_upstream ... ok
test quaternion::tests::quaternion_and_matrix_euler_agree_derived ... ok
test scalar::tests::is_equal_matches_upstream ... ok
test scalar::tests::linear_interpolate_supports_reversed_input_range ... ok
test scalar::tests::is_negative_matches_upstream ... ok
test scalar::tests::is_positive_matches_upstream ... ok
test scalar::tests::linear_interpolate_clamps_and_maps ... ok
test quaternion::tests::to_rotation_matrix_matches_upstream ... ok
test scalar::tests::is_zero_matches_upstream ... ok
test scalar::tests::safe_asin_matches_upstream ... ok
test scalar::tests::sq_and_norm_match_upstream ... ok
test scalar::tests::wrap_2pi_matches_upstream ... ok
test scalar::tests::wrap_360_matches_upstream ... ok
test scurve::tests::a_half_built_track_evaluates_to_zero ... ok
test scurve::tests::a_track_evaluates_to_its_segment_endpoints ... ok
test scurve::tests::a_zero_length_segment_changes_nothing ... ok
test scurve::tests::a_falling_segment_returns_the_jerk_to_zero ... ok
test scalar::tests::safe_sqrt_matches_upstream ... ok
test scurve::tests::position_along_the_track_is_never_negative ... ok
test scurve::tests::constant_jerk_integrates_as_a_polynomial ... ok
test scurve::tests::a_rising_segment_starts_and_ends_at_the_right_jerk ... ok
test scalar::tests::wrap_pi_matches_upstream ... ok
test scalar::tests::wrap_180_matches_upstream ... ok
test scurve::tests::the_segment_array_is_bounded ... ok
test scurve::tests::the_two_halves_join_exactly ... ok
test spline::tests::a_zero_length_segment_is_finished_immediately ... ok
test spline::tests::jerk_is_constant_across_the_segment ... ok
test spline::tests::the_curve_starts_and_ends_at_its_waypoints ... ok
test spline::tests::the_destination_speed_can_only_be_lowered ... ok
test spline::tests::the_target_walks_the_curve_to_the_end ... ok
test spline::tests::the_traversal_respects_the_speed_limit ... ok
test spline::tests::a_tighter_curve_is_flown_more_slowly ... ok
test spline::tests::a_short_segment_scales_its_end_velocities_down ... ok
test spline::tests::stopping_at_the_destination_gives_a_zero_speed_there ... ok
test vector2::tests::d002_normalized_zero_is_none ... ok
test vector2::tests::equality_is_epsilon_based_not_exact ... ok
test vector2::tests::normalized_matches_upstream ... ok
test vector2::tests::offset_bearing_matches_upstream ... ok
test vector2::tests::operators_match_upstream ... ok
test vector2::tests::length_matches_upstream ... ok
test vector2::tests::reflect_and_rotate_match_upstream ... ok
test vector2::tests::project_matches_upstream ... ok
test tests::ftype_matches_feature ... ok
test vector3::tests::conversions_derived ... ok
test vector2::tests::angle_matches_upstream ... ok
test vector3::tests::d001_angle_to_antiparallel_returns_pi ... ok
test vector3::tests::length_matches_upstream ... ok
test vector3::tests::d002_normalized_zero_is_none ... ok
test vector3::tests::normalized_matches_upstream ... ok
test vector3::tests::operators_match_upstream ... ok
test vector3::tests::perpendicular_derived ... ok
test scurve::tests::the_closed_form_agrees_with_numerical_integration ... ok
test vector_n::tests::arithmetic_is_elementwise ... ok
test vector3::tests::reflect_and_project_derived ... ok
test vector_n::tests::d013_dot_product_accumulates_in_t ... ok
test vector_n::tests::d014_sub_diagonal_is_the_part_upstream_skips ... ok
test vector_n::tests::outer_product_and_matrix_vector_product ... ok
test vector_n::tests::equality_is_exact_not_epsilon_based ... ok
test vector_n::tests::matrix_add_and_sub_assign ... ok
test vector_n::tests::d014_force_symmetry_symmetrises_every_pair ... ok

failures:

---- control::tests::the_response_is_symmetric stdout ----

thread 'control::tests::the_response_is_symmetric' (4171981) panicked at crates/ap-math/src/control.rs:831:13:
at 10: 13.228757 and -1.5118579
note: run with `RUST_BACKTRACE=1` environment variable to display a backtrace


failures:
    control::tests::the_response_is_symmetric

test result: FAILED. 145 passed; 1 failed; 0 ignored; 0 measured; 0 filtered out; finished in 0.07s

error: test failed, to rerun pass `-p ap-math --lib`

*** result: Failure(101)
