
*** crates/ap-math/src/control.rs:765:47: replace * with + in shape_pos_vel_accel_xy

*** mutation diff:
--- crates/ap-math/src/control.rs
+++ replace * with + in shape_pos_vel_accel_xy
@@ -757,17 +757,17 @@
         vel_corr_cmd = pos_error * (vel_corr_cmd_length / pos_error_length);
     }
 
     let mut vel_target = vel_desired + vel_corr_cmd;
     if limit_total && is_positive(vel_max) {
         vel_target.limit_length(vel_max);
     }
 
-    let mut accel_target = (vel_target - vel) * k_v;
+    let mut accel_target = (vel_target - vel) + /* ~ changed by cargo-mutants ~ */ k_v;
 
     limit_accel_corner_xy(vel, &mut accel_target, accel_max);
 
     accel_target += accel_desired;
 
     if limit_total {
         accel_target.limit_length(accel_max);
     }


*** /root/.rustup/toolchains/1.98.0-x86_64-unknown-linux-gnu/bin/cargo test --no-run --verbose --package=ap-math@0.1.0
       Fresh libm v0.2.16
       Dirty ap-math v0.1.0 (/tmp/cargo-mutants-plane-fw-rust-MSvfv8.tmp/crates/ap-math): the file `crates/ap-math/src/control.rs` has changed (1787680951.495691318s, 5s after last build at 1787680946.271639202s)
   Compiling ap-math v0.1.0 (/tmp/cargo-mutants-plane-fw-rust-MSvfv8.tmp/crates/ap-math)
     Running `/root/.rustup/toolchains/1.98.0-x86_64-unknown-linux-gnu/bin/rustc --crate-name ap_math --edition=2021 crates/ap-math/src/lib.rs --error-format=json --json=diagnostic-rendered-ansi,artifacts,future-incompat --crate-type lib --emit=dep-info,metadata,link -C embed-bitcode=no -C debuginfo=2 --warn=unsafe_code --warn=missing_docs '--warn=clippy::indexing_slicing' '--warn=clippy::float_cmp' --cfg 'feature="default"' --check-cfg 'cfg(docsrs,test)' --check-cfg 'cfg(feature, values("default", "ekf-double"))' -C metadata=521a06f7f6b9812f -C extra-filename=-28bd256dfed83426 --out-dir /tmp/cargo-mutants-plane-fw-rust-MSvfv8.tmp/target/debug/deps -C incremental=/tmp/cargo-mutants-plane-fw-rust-MSvfv8.tmp/target/debug/incremental -L dependency=/tmp/cargo-mutants-plane-fw-rust-MSvfv8.tmp/target/debug/deps --extern libm=/tmp/cargo-mutants-plane-fw-rust-MSvfv8.tmp/target/debug/deps/liblibm-a0720e46d9b34d24.rmeta`
error[E0308]: mismatched types
   --> crates/ap-math/src/control.rs:765:84
    |
765 |     let mut accel_target = (vel_target - vel) + /* ~ changed by cargo-mutants ~ */ k_v;
    |                            ------------------                                      ^^^ expected `Vector2<f32>`, found `f32`
    |                            |
    |                            expected because this is `Vector2<f32>`
    |
    = note: expected struct `Vector2<f32>`
                 found type `f32`

For more information about this error, try `rustc --explain E0308`.
error: could not compile `ap-math` (lib) due to 1 previous error

Caused by:
  process didn't exit successfully: `/root/.rustup/toolchains/1.98.0-x86_64-unknown-linux-gnu/bin/rustc --crate-name ap_math --edition=2021 crates/ap-math/src/lib.rs --error-format=json --json=diagnostic-rendered-ansi,artifacts,future-incompat --crate-type lib --emit=dep-info,metadata,link -C embed-bitcode=no -C debuginfo=2 --warn=unsafe_code --warn=missing_docs '--warn=clippy::indexing_slicing' '--warn=clippy::float_cmp' --cfg 'feature="default"' --check-cfg 'cfg(docsrs,test)' --check-cfg 'cfg(feature, values("default", "ekf-double"))' -C metadata=521a06f7f6b9812f -C extra-filename=-28bd256dfed83426 --out-dir /tmp/cargo-mutants-plane-fw-rust-MSvfv8.tmp/target/debug/deps -C incremental=/tmp/cargo-mutants-plane-fw-rust-MSvfv8.tmp/target/debug/incremental -L dependency=/tmp/cargo-mutants-plane-fw-rust-MSvfv8.tmp/target/debug/deps --extern libm=/tmp/cargo-mutants-plane-fw-rust-MSvfv8.tmp/target/debug/deps/liblibm-a0720e46d9b34d24.rmeta` (exit status: 1)

*** result: Failure(101)
