
*** crates/ap-servo/src/registry.rs:689:9: replace Registry::output_norm -> f32 with 0.0

*** mutation diff:
--- crates/ap-servo/src/registry.rs
+++ replace Registry::output_norm -> f32 with 0.0
@@ -681,31 +681,17 @@
     /// by the last `calc_pwm`. That means this is not a pure read — it writes
     /// the channel — which is worth knowing before calling it in a log path.
     pub fn output_norm(
         &self,
         channels: &mut [OutputChannel],
         function: Function,
         emergency_stop: bool,
     ) -> f32 {
-        let Some(chan) = self.find_channel(function) else {
-            return 0.0;
-        };
-        let Some(ch) = channels.get_mut(chan) else {
-            return 0.0;
-        };
-        if function.valid() {
-            let ctx = OutputContext {
-                have_pwm_mask: self.have_pwm_mask,
-                emergency_stop,
-            };
-            let scaled = self.output_scaled(function);
-            ch.calc_pwm(scaled, &ctx);
-        }
-        ch.output_norm()
+        0.0 /* ~ changed by cargo-mutants ~ */
     }
 
     /// The pulse width of the first channel with this function, upstream
     /// `get_output_pwm`.
     ///
     /// Recomputes first, for the same reason and with the same caveat as
     /// [`Self::output_norm`].
     pub fn output_pwm_for(


*** /root/.rustup/toolchains/1.98.0-x86_64-unknown-linux-gnu/bin/cargo test --no-run --verbose --package=ap-servo@0.1.0
       Fresh libm v0.2.16
       Fresh ap-math v0.1.0 (/tmp/cargo-mutants-plane-fw-rust-DUbH5w.tmp/crates/ap-math)
       Dirty ap-servo v0.1.0 (/tmp/cargo-mutants-plane-fw-rust-DUbH5w.tmp/crates/ap-servo): the file `crates/ap-servo/src/registry.rs` has changed (1787677272.661086015s, 1s after last build at 1787677271.118070815s)
   Compiling ap-servo v0.1.0 (/tmp/cargo-mutants-plane-fw-rust-DUbH5w.tmp/crates/ap-servo)
     Running `/root/.rustup/toolchains/1.98.0-x86_64-unknown-linux-gnu/bin/rustc --crate-name ap_servo --edition=2021 crates/ap-servo/src/lib.rs --error-format=json --json=diagnostic-rendered-ansi,artifacts,future-incompat --crate-type lib --emit=dep-info,metadata,link -C embed-bitcode=no -C debuginfo=2 --warn=unsafe_code --warn=missing_docs '--warn=clippy::indexing_slicing' '--warn=clippy::float_cmp' --check-cfg 'cfg(docsrs,test)' --check-cfg 'cfg(feature, values())' -C metadata=b9e1bc22c34fd59e -C extra-filename=-0c170edf53bf4040 --out-dir /tmp/cargo-mutants-plane-fw-rust-DUbH5w.tmp/target/debug/deps -C incremental=/tmp/cargo-mutants-plane-fw-rust-DUbH5w.tmp/target/debug/incremental -L dependency=/tmp/cargo-mutants-plane-fw-rust-DUbH5w.tmp/target/debug/deps --extern ap_math=/tmp/cargo-mutants-plane-fw-rust-DUbH5w.tmp/target/debug/deps/libap_math-28bd256dfed83426.rmeta`
warning: unused variable: `channels`
   --> crates/ap-servo/src/registry.rs:685:9
    |
685 |         channels: &mut [OutputChannel],
    |         ^^^^^^^^ help: if this is intentional, prefix it with an underscore: `_channels`
    |
    = note: `#[warn(unused_variables)]` (part of `#[warn(unused)]`) on by default

warning: unused variable: `function`
   --> crates/ap-servo/src/registry.rs:686:9
    |
686 |         function: Function,
    |         ^^^^^^^^ help: if this is intentional, prefix it with an underscore: `_function`

warning: unused variable: `emergency_stop`
   --> crates/ap-servo/src/registry.rs:687:9
    |
687 |         emergency_stop: bool,
    |         ^^^^^^^^^^^^^^ help: if this is intentional, prefix it with an underscore: `_emergency_stop`

warning: `ap-servo` (lib) generated 3 warnings (run `cargo fix --lib -p ap-servo` to apply 3 suggestions)
     Running `/root/.rustup/toolchains/1.98.0-x86_64-unknown-linux-gnu/bin/rustc --crate-name slew_parity --edition=2021 crates/ap-servo/tests/slew_parity.rs --error-format=json --json=diagnostic-rendered-ansi,artifacts,future-incompat --emit=dep-info,link -C embed-bitcode=no -C debuginfo=2 --warn=unsafe_code --warn=missing_docs '--warn=clippy::indexing_slicing' '--warn=clippy::float_cmp' --test --check-cfg 'cfg(docsrs,test)' --check-cfg 'cfg(feature, values())' -C metadata=10b00557a1f6bfce -C extra-filename=-7b656dab69cd507e --out-dir /tmp/cargo-mutants-plane-fw-rust-DUbH5w.tmp/target/debug/deps -C incremental=/tmp/cargo-mutants-plane-fw-rust-DUbH5w.tmp/target/debug/incremental -L dependency=/tmp/cargo-mutants-plane-fw-rust-DUbH5w.tmp/target/debug/deps --extern ap_math=/tmp/cargo-mutants-plane-fw-rust-DUbH5w.tmp/target/debug/deps/libap_math-28bd256dfed83426.rlib --extern ap_servo=/tmp/cargo-mutants-plane-fw-rust-DUbH5w.tmp/target/debug/deps/libap_servo-0c170edf53bf4040.rlib`
     Running `/root/.rustup/toolchains/1.98.0-x86_64-unknown-linux-gnu/bin/rustc --crate-name output_channel --edition=2021 crates/ap-servo/tests/output_channel.rs --error-format=json --json=diagnostic-rendered-ansi,artifacts,future-incompat --emit=dep-info,link -C embed-bitcode=no -C debuginfo=2 --warn=unsafe_code --warn=missing_docs '--warn=clippy::indexing_slicing' '--warn=clippy::float_cmp' --test --check-cfg 'cfg(docsrs,test)' --check-cfg 'cfg(feature, values())' -C metadata=84cc9875e91f83d9 -C extra-filename=-f4f21020484d518b --out-dir /tmp/cargo-mutants-plane-fw-rust-DUbH5w.tmp/target/debug/deps -C incremental=/tmp/cargo-mutants-plane-fw-rust-DUbH5w.tmp/target/debug/incremental -L dependency=/tmp/cargo-mutants-plane-fw-rust-DUbH5w.tmp/target/debug/deps --extern ap_math=/tmp/cargo-mutants-plane-fw-rust-DUbH5w.tmp/target/debug/deps/libap_math-28bd256dfed83426.rlib --extern ap_servo=/tmp/cargo-mutants-plane-fw-rust-DUbH5w.tmp/target/debug/deps/libap_servo-0c170edf53bf4040.rlib`
     Running `/root/.rustup/toolchains/1.98.0-x86_64-unknown-linux-gnu/bin/rustc --crate-name classify --edition=2021 crates/ap-servo/tests/classify.rs --error-format=json --json=diagnostic-rendered-ansi,artifacts,future-incompat --emit=dep-info,link -C embed-bitcode=no -C debuginfo=2 --warn=unsafe_code --warn=missing_docs '--warn=clippy::indexing_slicing' '--warn=clippy::float_cmp' --test --check-cfg 'cfg(docsrs,test)' --check-cfg 'cfg(feature, values())' -C metadata=f3b94ffba97932a0 -C extra-filename=-07f28a1fa3d4f549 --out-dir /tmp/cargo-mutants-plane-fw-rust-DUbH5w.tmp/target/debug/deps -C incremental=/tmp/cargo-mutants-plane-fw-rust-DUbH5w.tmp/target/debug/incremental -L dependency=/tmp/cargo-mutants-plane-fw-rust-DUbH5w.tmp/target/debug/deps --extern ap_math=/tmp/cargo-mutants-plane-fw-rust-DUbH5w.tmp/target/debug/deps/libap_math-28bd256dfed83426.rlib --extern ap_servo=/tmp/cargo-mutants-plane-fw-rust-DUbH5w.tmp/target/debug/deps/libap_servo-0c170edf53bf4040.rlib`
     Running `/root/.rustup/toolchains/1.98.0-x86_64-unknown-linux-gnu/bin/rustc --crate-name servo_parity --edition=2021 crates/ap-servo/tests/servo_parity.rs --error-format=json --json=diagnostic-rendered-ansi,artifacts,future-incompat --emit=dep-info,link -C embed-bitcode=no -C debuginfo=2 --warn=unsafe_code --warn=missing_docs '--warn=clippy::indexing_slicing' '--warn=clippy::float_cmp' --test --check-cfg 'cfg(docsrs,test)' --check-cfg 'cfg(feature, values())' -C metadata=3f89cf3ab8ed13aa -C extra-filename=-313ebdf2bab8aecd --out-dir /tmp/cargo-mutants-plane-fw-rust-DUbH5w.tmp/target/debug/deps -C incremental=/tmp/cargo-mutants-plane-fw-rust-DUbH5w.tmp/target/debug/incremental -L dependency=/tmp/cargo-mutants-plane-fw-rust-DUbH5w.tmp/target/debug/deps --extern ap_math=/tmp/cargo-mutants-plane-fw-rust-DUbH5w.tmp/target/debug/deps/libap_math-28bd256dfed83426.rlib --extern ap_servo=/tmp/cargo-mutants-plane-fw-rust-DUbH5w.tmp/target/debug/deps/libap_servo-0c170edf53bf4040.rlib`
     Running `/root/.rustup/toolchains/1.98.0-x86_64-unknown-linux-gnu/bin/rustc --crate-name srv_functions --edition=2021 crates/ap-servo/tests/srv_functions.rs --error-format=json --json=diagnostic-rendered-ansi,artifacts,future-incompat --emit=dep-info,link -C embed-bitcode=no -C debuginfo=2 --warn=unsafe_code --warn=missing_docs '--warn=clippy::indexing_slicing' '--warn=clippy::float_cmp' --test --check-cfg 'cfg(docsrs,test)' --check-cfg 'cfg(feature, values())' -C metadata=34300d022908e178 -C extra-filename=-0c3f81df589996ac --out-dir /tmp/cargo-mutants-plane-fw-rust-DUbH5w.tmp/target/debug/deps -C incremental=/tmp/cargo-mutants-plane-fw-rust-DUbH5w.tmp/target/debug/incremental -L dependency=/tmp/cargo-mutants-plane-fw-rust-DUbH5w.tmp/target/debug/deps --extern ap_math=/tmp/cargo-mutants-plane-fw-rust-DUbH5w.tmp/target/debug/deps/libap_math-28bd256dfed83426.rlib --extern ap_servo=/tmp/cargo-mutants-plane-fw-rust-DUbH5w.tmp/target/debug/deps/libap_servo-0c170edf53bf4040.rlib`
     Running `/root/.rustup/toolchains/1.98.0-x86_64-unknown-linux-gnu/bin/rustc --crate-name setup_sweep --edition=2021 crates/ap-servo/tests/setup_sweep.rs --error-format=json --json=diagnostic-rendered-ansi,artifacts,future-incompat --emit=dep-info,link -C embed-bitcode=no -C debuginfo=2 --warn=unsafe_code --warn=missing_docs '--warn=clippy::indexing_slicing' '--warn=clippy::float_cmp' --test --check-cfg 'cfg(docsrs,test)' --check-cfg 'cfg(feature, values())' -C metadata=0ba401001e77a466 -C extra-filename=-8bad9699439ea039 --out-dir /tmp/cargo-mutants-plane-fw-rust-DUbH5w.tmp/target/debug/deps -C incremental=/tmp/cargo-mutants-plane-fw-rust-DUbH5w.tmp/target/debug/incremental -L dependency=/tmp/cargo-mutants-plane-fw-rust-DUbH5w.tmp/target/debug/deps --extern ap_math=/tmp/cargo-mutants-plane-fw-rust-DUbH5w.tmp/target/debug/deps/libap_math-28bd256dfed83426.rlib --extern ap_servo=/tmp/cargo-mutants-plane-fw-rust-DUbH5w.tmp/target/debug/deps/libap_servo-0c170edf53bf4040.rlib`
     Running `/root/.rustup/toolchains/1.98.0-x86_64-unknown-linux-gnu/bin/rustc --crate-name calc_pwm --edition=2021 crates/ap-servo/tests/calc_pwm.rs --error-format=json --json=diagnostic-rendered-ansi,artifacts,future-incompat --emit=dep-info,link -C embed-bitcode=no -C debuginfo=2 --warn=unsafe_code --warn=missing_docs '--warn=clippy::indexing_slicing' '--warn=clippy::float_cmp' --test --check-cfg 'cfg(docsrs,test)' --check-cfg 'cfg(feature, values())' -C metadata=1a31146dd74fc750 -C extra-filename=-375705d37070d40e --out-dir /tmp/cargo-mutants-plane-fw-rust-DUbH5w.tmp/target/debug/deps -C incremental=/tmp/cargo-mutants-plane-fw-rust-DUbH5w.tmp/target/debug/incremental -L dependency=/tmp/cargo-mutants-plane-fw-rust-DUbH5w.tmp/target/debug/deps --extern ap_math=/tmp/cargo-mutants-plane-fw-rust-DUbH5w.tmp/target/debug/deps/libap_math-28bd256dfed83426.rlib --extern ap_servo=/tmp/cargo-mutants-plane-fw-rust-DUbH5w.tmp/target/debug/deps/libap_servo-0c170edf53bf4040.rlib`
     Running `/root/.rustup/toolchains/1.98.0-x86_64-unknown-linux-gnu/bin/rustc --crate-name default_output --edition=2021 crates/ap-servo/tests/default_output.rs --error-format=json --json=diagnostic-rendered-ansi,artifacts,future-incompat --emit=dep-info,link -C embed-bitcode=no -C debuginfo=2 --warn=unsafe_code --warn=missing_docs '--warn=clippy::indexing_slicing' '--warn=clippy::float_cmp' --test --check-cfg 'cfg(docsrs,test)' --check-cfg 'cfg(feature, values())' -C metadata=7c1835cbfa7b3b6f -C extra-filename=-a50a98dcc17358d7 --out-dir /tmp/cargo-mutants-plane-fw-rust-DUbH5w.tmp/target/debug/deps -C incremental=/tmp/cargo-mutants-plane-fw-rust-DUbH5w.tmp/target/debug/incremental -L dependency=/tmp/cargo-mutants-plane-fw-rust-DUbH5w.tmp/target/debug/deps --extern ap_math=/tmp/cargo-mutants-plane-fw-rust-DUbH5w.tmp/target/debug/deps/libap_math-28bd256dfed83426.rlib --extern ap_servo=/tmp/cargo-mutants-plane-fw-rust-DUbH5w.tmp/target/debug/deps/libap_servo-0c170edf53bf4040.rlib`
     Running `/root/.rustup/toolchains/1.98.0-x86_64-unknown-linux-gnu/bin/rustc --crate-name ap_servo --edition=2021 crates/ap-servo/src/lib.rs --error-format=json --json=diagnostic-rendered-ansi,artifacts,future-incompat --emit=dep-info,link -C embed-bitcode=no -C debuginfo=2 --warn=unsafe_code --warn=missing_docs '--warn=clippy::indexing_slicing' '--warn=clippy::float_cmp' --test --check-cfg 'cfg(docsrs,test)' --check-cfg 'cfg(feature, values())' -C metadata=455aa3c3d76d35d9 -C extra-filename=-90eedb289af2c5ea --out-dir /tmp/cargo-mutants-plane-fw-rust-DUbH5w.tmp/target/debug/deps -C incremental=/tmp/cargo-mutants-plane-fw-rust-DUbH5w.tmp/target/debug/incremental -L dependency=/tmp/cargo-mutants-plane-fw-rust-DUbH5w.tmp/target/debug/deps --extern ap_math=/tmp/cargo-mutants-plane-fw-rust-DUbH5w.tmp/target/debug/deps/libap_math-28bd256dfed83426.rlib`
warning: `ap-servo` (lib test) generated 3 warnings (3 duplicates)
    Finished `test` profile [unoptimized + debuginfo] target(s) in 1.54s
  Executable `/tmp/cargo-mutants-plane-fw-rust-DUbH5w.tmp/target/debug/deps/ap_servo-90eedb289af2c5ea`
  Executable `/tmp/cargo-mutants-plane-fw-rust-DUbH5w.tmp/target/debug/deps/calc_pwm-375705d37070d40e`
  Executable `/tmp/cargo-mutants-plane-fw-rust-DUbH5w.tmp/target/debug/deps/classify-07f28a1fa3d4f549`
  Executable `/tmp/cargo-mutants-plane-fw-rust-DUbH5w.tmp/target/debug/deps/default_output-a50a98dcc17358d7`
  Executable `/tmp/cargo-mutants-plane-fw-rust-DUbH5w.tmp/target/debug/deps/output_channel-f4f21020484d518b`
  Executable `/tmp/cargo-mutants-plane-fw-rust-DUbH5w.tmp/target/debug/deps/servo_parity-313ebdf2bab8aecd`
  Executable `/tmp/cargo-mutants-plane-fw-rust-DUbH5w.tmp/target/debug/deps/setup_sweep-8bad9699439ea039`
  Executable `/tmp/cargo-mutants-plane-fw-rust-DUbH5w.tmp/target/debug/deps/slew_parity-7b656dab69cd507e`
  Executable `/tmp/cargo-mutants-plane-fw-rust-DUbH5w.tmp/target/debug/deps/srv_functions-0c3f81df589996ac`

*** result: Success

*** /root/.rustup/toolchains/1.98.0-x86_64-unknown-linux-gnu/bin/cargo test --verbose --package=ap-servo@0.1.0
       Fresh libm v0.2.16
       Fresh ap-math v0.1.0 (/tmp/cargo-mutants-plane-fw-rust-DUbH5w.tmp/crates/ap-math)
warning: unused variable: `channels`
   --> crates/ap-servo/src/registry.rs:685:9
    |
685 |         channels: &mut [OutputChannel],
    |         ^^^^^^^^ help: if this is intentional, prefix it with an underscore: `_channels`
    |
    = note: `#[warn(unused_variables)]` (part of `#[warn(unused)]`) on by default

warning: unused variable: `function`
   --> crates/ap-servo/src/registry.rs:686:9
    |
686 |         function: Function,
    |         ^^^^^^^^ help: if this is intentional, prefix it with an underscore: `_function`

warning: unused variable: `emergency_stop`
   --> crates/ap-servo/src/registry.rs:687:9
    |
687 |         emergency_stop: bool,
    |         ^^^^^^^^^^^^^^ help: if this is intentional, prefix it with an underscore: `_emergency_stop`

warning: `ap-servo` (lib) generated 3 warnings (run `cargo fix --lib -p ap-servo` to apply 3 suggestions)
       Fresh ap-servo v0.1.0 (/tmp/cargo-mutants-plane-fw-rust-DUbH5w.tmp/crates/ap-servo)
warning: `ap-servo` (lib test) generated 3 warnings (3 duplicates)
    Finished `test` profile [unoptimized + debuginfo] target(s) in 0.04s
     Running `/tmp/cargo-mutants-plane-fw-rust-DUbH5w.tmp/target/debug/deps/ap_servo-90eedb289af2c5ea`

running 0 tests

test result: ok. 0 passed; 0 failed; 0 ignored; 0 measured; 0 filtered out; finished in 0.00s

     Running `/tmp/cargo-mutants-plane-fw-rust-DUbH5w.tmp/target/debug/deps/calc_pwm-375705d37070d40e`

running 1 test
test the_calc_pwm_priority_matches_upstream ... ok

test result: ok. 1 passed; 0 failed; 0 ignored; 0 measured; 0 filtered out; finished in 0.00s

     Running `/tmp/cargo-mutants-plane-fw-rust-DUbH5w.tmp/target/debug/deps/classify-07f28a1fa3d4f549`

running 8 tests
test every_function_classification_matches_upstream ... ok
test non_motor_functions_have_no_motor_number ... ok
test the_two_motor_predicates_agree ... ok
test nothing_is_both_a_motor_and_a_control_surface ... ok
test reversing_swaps_the_ends_but_leaves_trim_alone ... ok
test every_motor_round_trips_through_its_function ... ok
test the_usual_surfaces_are_control_surfaces ... ok
test zero_pwm_is_zero ... ok

test result: ok. 8 passed; 0 failed; 0 ignored; 0 measured; 0 filtered out; finished in 0.01s

     Running `/tmp/cargo-mutants-plane-fw-rust-DUbH5w.tmp/target/debug/deps/default_output-a50a98dcc17358d7`

running 5 tests
test an_unlisted_function_has_no_default ... ok
test motors_have_no_default_output_shape ... ok
test every_actuator_gets_the_unit_angle ... ok
test surfaces_are_angles_and_throttles_are_ranges ... ok
test the_lookup_table_is_ordered ... ok

test result: ok. 5 passed; 0 failed; 0 ignored; 0 measured; 0 filtered out; finished in 0.00s

     Running `/tmp/cargo-mutants-plane-fw-rust-DUbH5w.tmp/target/debug/deps/output_channel-f4f21020484d518b`

running 9 tests
test an_emergency_stop_leaves_non_estop_functions_alone ... ok
test an_emergency_stop_overrides_an_override ... ok
test an_override_holds_against_the_scaled_path ... ok
test a_refused_write_reports_that_it_was_refused ... ok
test a_control_surface_is_not_an_estop_function ... ok
test a_direct_pulse_write_is_not_overwritten ... ok
test an_emergency_stop_does_not_reach_a_directly_written_pulse ... ok
test the_normal_path_converts_the_scaled_value ... ok
test every_motor_is_an_estop_function ... ok

test result: ok. 9 passed; 0 failed; 0 ignored; 0 measured; 0 filtered out; finished in 0.01s

     Running `/tmp/cargo-mutants-plane-fw-rust-DUbH5w.tmp/target/debug/deps/servo_parity-313ebdf2bab8aecd`

running 3 tests
test an_off_centre_trim_still_reaches_both_endpoints ... ok
test full_deflection_reaches_the_endpoints ... ok
test pwm_conversion_matches_upstream ... ok

test result: ok. 3 passed; 0 failed; 0 ignored; 0 measured; 0 filtered out; finished in 0.00s

     Running `/tmp/cargo-mutants-plane-fw-rust-DUbH5w.tmp/target/debug/deps/setup_sweep-8bad9699439ea039`

running 2 tests
test the_sweep_covers_every_actuator ... ok
test the_default_output_shapes_match_upstream ... ok

test result: ok. 2 passed; 0 failed; 0 ignored; 0 measured; 0 filtered out; finished in 0.00s

     Running `/tmp/cargo-mutants-plane-fw-rust-DUbH5w.tmp/target/debug/deps/slew_parity-7b656dab69cd507e`

running 16 tests
test a_negligible_but_nonzero_adjustment_does_nothing ... ok
test a_new_entry_starts_from_the_current_output ... ok
test a_full_slew_table_leaves_the_function_unlimited ... ok
test adjust_trim_skips_a_channel_with_no_travel ... ok
test a_long_timeout_on_a_fast_loop_saturates ... ok
test the_had_pwm_branch_decides_what_happens_after_the_override ... ok
test a_disabled_limit_still_tracks_the_output ... ok
test the_normalised_read_handles_the_awkward_shapes ... FAILED
test a_sub_loop_timeout_still_gets_one_loop ... ok
test the_function_setters_match_upstream ... ok
test the_remaining_function_operations_do_something ... ok
test the_normalised_read_matches_upstream ... FAILED
test the_trim_adjustment_matches_upstream ... ok
test the_override_timeout_matches_upstream ... ok
test the_slew_limiter_matches_upstream ... ok
test peeking_does_not_advance_the_slew_history ... ok

failures:

---- the_normalised_read_handles_the_awkward_shapes stdout ----

thread 'the_normalised_read_handles_the_awkward_shapes' (1616301) panicked at crates/ap-servo/tests/slew_parity.rs:846:5:
the aggregate must answer from channel 3, the first carrying the function; channel 9 is reversed and would read 0 negated
note: run with `RUST_BACKTRACE=1` environment variable to display a backtrace

---- the_normalised_read_matches_upstream stdout ----

thread 'the_normalised_read_matches_upstream' (1616304) panicked at crates/ap-servo/tests/slew_parity.rs:746:9:
row 0 norm: 0 != upstream -1 (diff 1)


failures:
    the_normalised_read_handles_the_awkward_shapes
    the_normalised_read_matches_upstream

test result: FAILED. 14 passed; 2 failed; 0 ignored; 0 measured; 0 filtered out; finished in 0.03s

error: test failed, to rerun pass `-p ap-servo --test slew_parity`

*** result: Failure(101)
