
*** crates/ap-servo/src/lib.rs:166:50: replace * with / in ServoChannel::pwm_from_angle

*** mutation diff:
--- crates/ap-servo/src/lib.rs
+++ replace * with / in ServoChannel::pwm_from_angle
@@ -158,17 +158,17 @@
             v = -v;
         }
         let high = f32::from(self.high_out);
         v = constrain_value(v, -high, high);
 
         if v > 0.0 {
             let span = f32::from(self.servo_max) - f32::from(self.servo_trim);
             self.servo_trim
-                .wrapping_add(truncate_to_u16((v * span) / high))
+                .wrapping_add(truncate_to_u16((v / /* ~ changed by cargo-mutants ~ */ span) / high))
         } else {
             let span = f32::from(self.servo_trim) - f32::from(self.servo_min);
             self.servo_trim
                 .wrapping_sub(truncate_to_u16((-v * span) / high))
         }
     }
 
     /// Pulse width for this channel's configured mapping, upstream


*** /root/.rustup/toolchains/1.98.0-x86_64-unknown-linux-gnu/bin/cargo test --no-run --verbose --package=ap-servo@0.1.0
       Fresh libm v0.2.16
       Fresh ap-math v0.1.0 (/tmp/cargo-mutants-plane-fw-rust-wSU1mC.tmp/crates/ap-math)
       Dirty ap-servo v0.1.0 (/tmp/cargo-mutants-plane-fw-rust-wSU1mC.tmp/crates/ap-servo): the file `crates/ap-servo/src/lib.rs` has changed (1787677379.873140904s, 2s after last build at 1787677377.957122072s)
   Compiling ap-servo v0.1.0 (/tmp/cargo-mutants-plane-fw-rust-wSU1mC.tmp/crates/ap-servo)
     Running `/root/.rustup/toolchains/1.98.0-x86_64-unknown-linux-gnu/bin/rustc --crate-name ap_servo --edition=2021 crates/ap-servo/src/lib.rs --error-format=json --json=diagnostic-rendered-ansi,artifacts,future-incompat --crate-type lib --emit=dep-info,metadata,link -C embed-bitcode=no -C debuginfo=2 --warn=unsafe_code --warn=missing_docs '--warn=clippy::indexing_slicing' '--warn=clippy::float_cmp' --check-cfg 'cfg(docsrs,test)' --check-cfg 'cfg(feature, values())' -C metadata=b9e1bc22c34fd59e -C extra-filename=-0c170edf53bf4040 --out-dir /tmp/cargo-mutants-plane-fw-rust-wSU1mC.tmp/target/debug/deps -C incremental=/tmp/cargo-mutants-plane-fw-rust-wSU1mC.tmp/target/debug/incremental -L dependency=/tmp/cargo-mutants-plane-fw-rust-wSU1mC.tmp/target/debug/deps --extern ap_math=/tmp/cargo-mutants-plane-fw-rust-wSU1mC.tmp/target/debug/deps/libap_math-28bd256dfed83426.rmeta`
     Running `/root/.rustup/toolchains/1.98.0-x86_64-unknown-linux-gnu/bin/rustc --crate-name calc_pwm --edition=2021 crates/ap-servo/tests/calc_pwm.rs --error-format=json --json=diagnostic-rendered-ansi,artifacts,future-incompat --emit=dep-info,link -C embed-bitcode=no -C debuginfo=2 --warn=unsafe_code --warn=missing_docs '--warn=clippy::indexing_slicing' '--warn=clippy::float_cmp' --test --check-cfg 'cfg(docsrs,test)' --check-cfg 'cfg(feature, values())' -C metadata=1a31146dd74fc750 -C extra-filename=-375705d37070d40e --out-dir /tmp/cargo-mutants-plane-fw-rust-wSU1mC.tmp/target/debug/deps -C incremental=/tmp/cargo-mutants-plane-fw-rust-wSU1mC.tmp/target/debug/incremental -L dependency=/tmp/cargo-mutants-plane-fw-rust-wSU1mC.tmp/target/debug/deps --extern ap_math=/tmp/cargo-mutants-plane-fw-rust-wSU1mC.tmp/target/debug/deps/libap_math-28bd256dfed83426.rlib --extern ap_servo=/tmp/cargo-mutants-plane-fw-rust-wSU1mC.tmp/target/debug/deps/libap_servo-0c170edf53bf4040.rlib`
     Running `/root/.rustup/toolchains/1.98.0-x86_64-unknown-linux-gnu/bin/rustc --crate-name srv_functions --edition=2021 crates/ap-servo/tests/srv_functions.rs --error-format=json --json=diagnostic-rendered-ansi,artifacts,future-incompat --emit=dep-info,link -C embed-bitcode=no -C debuginfo=2 --warn=unsafe_code --warn=missing_docs '--warn=clippy::indexing_slicing' '--warn=clippy::float_cmp' --test --check-cfg 'cfg(docsrs,test)' --check-cfg 'cfg(feature, values())' -C metadata=34300d022908e178 -C extra-filename=-0c3f81df589996ac --out-dir /tmp/cargo-mutants-plane-fw-rust-wSU1mC.tmp/target/debug/deps -C incremental=/tmp/cargo-mutants-plane-fw-rust-wSU1mC.tmp/target/debug/incremental -L dependency=/tmp/cargo-mutants-plane-fw-rust-wSU1mC.tmp/target/debug/deps --extern ap_math=/tmp/cargo-mutants-plane-fw-rust-wSU1mC.tmp/target/debug/deps/libap_math-28bd256dfed83426.rlib --extern ap_servo=/tmp/cargo-mutants-plane-fw-rust-wSU1mC.tmp/target/debug/deps/libap_servo-0c170edf53bf4040.rlib`
     Running `/root/.rustup/toolchains/1.98.0-x86_64-unknown-linux-gnu/bin/rustc --crate-name setup_sweep --edition=2021 crates/ap-servo/tests/setup_sweep.rs --error-format=json --json=diagnostic-rendered-ansi,artifacts,future-incompat --emit=dep-info,link -C embed-bitcode=no -C debuginfo=2 --warn=unsafe_code --warn=missing_docs '--warn=clippy::indexing_slicing' '--warn=clippy::float_cmp' --test --check-cfg 'cfg(docsrs,test)' --check-cfg 'cfg(feature, values())' -C metadata=0ba401001e77a466 -C extra-filename=-8bad9699439ea039 --out-dir /tmp/cargo-mutants-plane-fw-rust-wSU1mC.tmp/target/debug/deps -C incremental=/tmp/cargo-mutants-plane-fw-rust-wSU1mC.tmp/target/debug/incremental -L dependency=/tmp/cargo-mutants-plane-fw-rust-wSU1mC.tmp/target/debug/deps --extern ap_math=/tmp/cargo-mutants-plane-fw-rust-wSU1mC.tmp/target/debug/deps/libap_math-28bd256dfed83426.rlib --extern ap_servo=/tmp/cargo-mutants-plane-fw-rust-wSU1mC.tmp/target/debug/deps/libap_servo-0c170edf53bf4040.rlib`
     Running `/root/.rustup/toolchains/1.98.0-x86_64-unknown-linux-gnu/bin/rustc --crate-name classify --edition=2021 crates/ap-servo/tests/classify.rs --error-format=json --json=diagnostic-rendered-ansi,artifacts,future-incompat --emit=dep-info,link -C embed-bitcode=no -C debuginfo=2 --warn=unsafe_code --warn=missing_docs '--warn=clippy::indexing_slicing' '--warn=clippy::float_cmp' --test --check-cfg 'cfg(docsrs,test)' --check-cfg 'cfg(feature, values())' -C metadata=f3b94ffba97932a0 -C extra-filename=-07f28a1fa3d4f549 --out-dir /tmp/cargo-mutants-plane-fw-rust-wSU1mC.tmp/target/debug/deps -C incremental=/tmp/cargo-mutants-plane-fw-rust-wSU1mC.tmp/target/debug/incremental -L dependency=/tmp/cargo-mutants-plane-fw-rust-wSU1mC.tmp/target/debug/deps --extern ap_math=/tmp/cargo-mutants-plane-fw-rust-wSU1mC.tmp/target/debug/deps/libap_math-28bd256dfed83426.rlib --extern ap_servo=/tmp/cargo-mutants-plane-fw-rust-wSU1mC.tmp/target/debug/deps/libap_servo-0c170edf53bf4040.rlib`
     Running `/root/.rustup/toolchains/1.98.0-x86_64-unknown-linux-gnu/bin/rustc --crate-name default_output --edition=2021 crates/ap-servo/tests/default_output.rs --error-format=json --json=diagnostic-rendered-ansi,artifacts,future-incompat --emit=dep-info,link -C embed-bitcode=no -C debuginfo=2 --warn=unsafe_code --warn=missing_docs '--warn=clippy::indexing_slicing' '--warn=clippy::float_cmp' --test --check-cfg 'cfg(docsrs,test)' --check-cfg 'cfg(feature, values())' -C metadata=7c1835cbfa7b3b6f -C extra-filename=-a50a98dcc17358d7 --out-dir /tmp/cargo-mutants-plane-fw-rust-wSU1mC.tmp/target/debug/deps -C incremental=/tmp/cargo-mutants-plane-fw-rust-wSU1mC.tmp/target/debug/incremental -L dependency=/tmp/cargo-mutants-plane-fw-rust-wSU1mC.tmp/target/debug/deps --extern ap_math=/tmp/cargo-mutants-plane-fw-rust-wSU1mC.tmp/target/debug/deps/libap_math-28bd256dfed83426.rlib --extern ap_servo=/tmp/cargo-mutants-plane-fw-rust-wSU1mC.tmp/target/debug/deps/libap_servo-0c170edf53bf4040.rlib`
     Running `/root/.rustup/toolchains/1.98.0-x86_64-unknown-linux-gnu/bin/rustc --crate-name servo_parity --edition=2021 crates/ap-servo/tests/servo_parity.rs --error-format=json --json=diagnostic-rendered-ansi,artifacts,future-incompat --emit=dep-info,link -C embed-bitcode=no -C debuginfo=2 --warn=unsafe_code --warn=missing_docs '--warn=clippy::indexing_slicing' '--warn=clippy::float_cmp' --test --check-cfg 'cfg(docsrs,test)' --check-cfg 'cfg(feature, values())' -C metadata=3f89cf3ab8ed13aa -C extra-filename=-313ebdf2bab8aecd --out-dir /tmp/cargo-mutants-plane-fw-rust-wSU1mC.tmp/target/debug/deps -C incremental=/tmp/cargo-mutants-plane-fw-rust-wSU1mC.tmp/target/debug/incremental -L dependency=/tmp/cargo-mutants-plane-fw-rust-wSU1mC.tmp/target/debug/deps --extern ap_math=/tmp/cargo-mutants-plane-fw-rust-wSU1mC.tmp/target/debug/deps/libap_math-28bd256dfed83426.rlib --extern ap_servo=/tmp/cargo-mutants-plane-fw-rust-wSU1mC.tmp/target/debug/deps/libap_servo-0c170edf53bf4040.rlib`
     Running `/root/.rustup/toolchains/1.98.0-x86_64-unknown-linux-gnu/bin/rustc --crate-name slew_parity --edition=2021 crates/ap-servo/tests/slew_parity.rs --error-format=json --json=diagnostic-rendered-ansi,artifacts,future-incompat --emit=dep-info,link -C embed-bitcode=no -C debuginfo=2 --warn=unsafe_code --warn=missing_docs '--warn=clippy::indexing_slicing' '--warn=clippy::float_cmp' --test --check-cfg 'cfg(docsrs,test)' --check-cfg 'cfg(feature, values())' -C metadata=10b00557a1f6bfce -C extra-filename=-7b656dab69cd507e --out-dir /tmp/cargo-mutants-plane-fw-rust-wSU1mC.tmp/target/debug/deps -C incremental=/tmp/cargo-mutants-plane-fw-rust-wSU1mC.tmp/target/debug/incremental -L dependency=/tmp/cargo-mutants-plane-fw-rust-wSU1mC.tmp/target/debug/deps --extern ap_math=/tmp/cargo-mutants-plane-fw-rust-wSU1mC.tmp/target/debug/deps/libap_math-28bd256dfed83426.rlib --extern ap_servo=/tmp/cargo-mutants-plane-fw-rust-wSU1mC.tmp/target/debug/deps/libap_servo-0c170edf53bf4040.rlib`
     Running `/root/.rustup/toolchains/1.98.0-x86_64-unknown-linux-gnu/bin/rustc --crate-name output_channel --edition=2021 crates/ap-servo/tests/output_channel.rs --error-format=json --json=diagnostic-rendered-ansi,artifacts,future-incompat --emit=dep-info,link -C embed-bitcode=no -C debuginfo=2 --warn=unsafe_code --warn=missing_docs '--warn=clippy::indexing_slicing' '--warn=clippy::float_cmp' --test --check-cfg 'cfg(docsrs,test)' --check-cfg 'cfg(feature, values())' -C metadata=84cc9875e91f83d9 -C extra-filename=-f4f21020484d518b --out-dir /tmp/cargo-mutants-plane-fw-rust-wSU1mC.tmp/target/debug/deps -C incremental=/tmp/cargo-mutants-plane-fw-rust-wSU1mC.tmp/target/debug/incremental -L dependency=/tmp/cargo-mutants-plane-fw-rust-wSU1mC.tmp/target/debug/deps --extern ap_math=/tmp/cargo-mutants-plane-fw-rust-wSU1mC.tmp/target/debug/deps/libap_math-28bd256dfed83426.rlib --extern ap_servo=/tmp/cargo-mutants-plane-fw-rust-wSU1mC.tmp/target/debug/deps/libap_servo-0c170edf53bf4040.rlib`
     Running `/root/.rustup/toolchains/1.98.0-x86_64-unknown-linux-gnu/bin/rustc --crate-name ap_servo --edition=2021 crates/ap-servo/src/lib.rs --error-format=json --json=diagnostic-rendered-ansi,artifacts,future-incompat --emit=dep-info,link -C embed-bitcode=no -C debuginfo=2 --warn=unsafe_code --warn=missing_docs '--warn=clippy::indexing_slicing' '--warn=clippy::float_cmp' --test --check-cfg 'cfg(docsrs,test)' --check-cfg 'cfg(feature, values())' -C metadata=455aa3c3d76d35d9 -C extra-filename=-90eedb289af2c5ea --out-dir /tmp/cargo-mutants-plane-fw-rust-wSU1mC.tmp/target/debug/deps -C incremental=/tmp/cargo-mutants-plane-fw-rust-wSU1mC.tmp/target/debug/incremental -L dependency=/tmp/cargo-mutants-plane-fw-rust-wSU1mC.tmp/target/debug/deps --extern ap_math=/tmp/cargo-mutants-plane-fw-rust-wSU1mC.tmp/target/debug/deps/libap_math-28bd256dfed83426.rlib`
    Finished `test` profile [unoptimized + debuginfo] target(s) in 1.65s
  Executable `/tmp/cargo-mutants-plane-fw-rust-wSU1mC.tmp/target/debug/deps/ap_servo-90eedb289af2c5ea`
  Executable `/tmp/cargo-mutants-plane-fw-rust-wSU1mC.tmp/target/debug/deps/calc_pwm-375705d37070d40e`
  Executable `/tmp/cargo-mutants-plane-fw-rust-wSU1mC.tmp/target/debug/deps/classify-07f28a1fa3d4f549`
  Executable `/tmp/cargo-mutants-plane-fw-rust-wSU1mC.tmp/target/debug/deps/default_output-a50a98dcc17358d7`
  Executable `/tmp/cargo-mutants-plane-fw-rust-wSU1mC.tmp/target/debug/deps/output_channel-f4f21020484d518b`
  Executable `/tmp/cargo-mutants-plane-fw-rust-wSU1mC.tmp/target/debug/deps/servo_parity-313ebdf2bab8aecd`
  Executable `/tmp/cargo-mutants-plane-fw-rust-wSU1mC.tmp/target/debug/deps/setup_sweep-8bad9699439ea039`
  Executable `/tmp/cargo-mutants-plane-fw-rust-wSU1mC.tmp/target/debug/deps/slew_parity-7b656dab69cd507e`
  Executable `/tmp/cargo-mutants-plane-fw-rust-wSU1mC.tmp/target/debug/deps/srv_functions-0c3f81df589996ac`

*** result: Success

*** /root/.rustup/toolchains/1.98.0-x86_64-unknown-linux-gnu/bin/cargo test --verbose --package=ap-servo@0.1.0
    Blocking waiting for file lock on package cache
       Fresh libm v0.2.16
       Fresh ap-math v0.1.0 (/tmp/cargo-mutants-plane-fw-rust-wSU1mC.tmp/crates/ap-math)
       Fresh ap-servo v0.1.0 (/tmp/cargo-mutants-plane-fw-rust-wSU1mC.tmp/crates/ap-servo)
    Finished `test` profile [unoptimized + debuginfo] target(s) in 0.03s
     Running `/tmp/cargo-mutants-plane-fw-rust-wSU1mC.tmp/target/debug/deps/ap_servo-90eedb289af2c5ea`

running 0 tests

test result: ok. 0 passed; 0 failed; 0 ignored; 0 measured; 0 filtered out; finished in 0.00s

     Running `/tmp/cargo-mutants-plane-fw-rust-wSU1mC.tmp/target/debug/deps/calc_pwm-375705d37070d40e`

running 1 test
test the_calc_pwm_priority_matches_upstream ... ok

test result: ok. 1 passed; 0 failed; 0 ignored; 0 measured; 0 filtered out; finished in 0.00s

     Running `/tmp/cargo-mutants-plane-fw-rust-wSU1mC.tmp/target/debug/deps/classify-07f28a1fa3d4f549`

running 8 tests
test non_motor_functions_have_no_motor_number ... ok
test every_motor_round_trips_through_its_function ... ok
test every_function_classification_matches_upstream ... ok
test reversing_swaps_the_ends_but_leaves_trim_alone ... ok
test nothing_is_both_a_motor_and_a_control_surface ... ok
test the_two_motor_predicates_agree ... ok
test the_usual_surfaces_are_control_surfaces ... ok
test zero_pwm_is_zero ... ok

test result: ok. 8 passed; 0 failed; 0 ignored; 0 measured; 0 filtered out; finished in 0.00s

     Running `/tmp/cargo-mutants-plane-fw-rust-wSU1mC.tmp/target/debug/deps/default_output-a50a98dcc17358d7`

running 5 tests
test every_actuator_gets_the_unit_angle ... ok
test an_unlisted_function_has_no_default ... ok
test motors_have_no_default_output_shape ... ok
test the_lookup_table_is_ordered ... ok
test surfaces_are_angles_and_throttles_are_ranges ... ok

test result: ok. 5 passed; 0 failed; 0 ignored; 0 measured; 0 filtered out; finished in 0.00s

     Running `/tmp/cargo-mutants-plane-fw-rust-wSU1mC.tmp/target/debug/deps/output_channel-f4f21020484d518b`

running 9 tests
test a_control_surface_is_not_an_estop_function ... ok
test a_direct_pulse_write_is_not_overwritten ... ok
test an_emergency_stop_overrides_an_override ... ok
test an_emergency_stop_leaves_non_estop_functions_alone ... ok
test an_emergency_stop_does_not_reach_a_directly_written_pulse ... ok
test a_refused_write_reports_that_it_was_refused ... ok
test the_normal_path_converts_the_scaled_value ... ok
test an_override_holds_against_the_scaled_path ... ok
test every_motor_is_an_estop_function ... ok

test result: ok. 9 passed; 0 failed; 0 ignored; 0 measured; 0 filtered out; finished in 0.01s

     Running `/tmp/cargo-mutants-plane-fw-rust-wSU1mC.tmp/target/debug/deps/servo_parity-313ebdf2bab8aecd`

running 3 tests
test an_off_centre_trim_still_reaches_both_endpoints ... FAILED
test full_deflection_reaches_the_endpoints ... FAILED
test pwm_conversion_matches_upstream ... FAILED

failures:

---- an_off_centre_trim_still_reaches_both_endpoints stdout ----

thread 'an_off_centre_trim_still_reaches_both_endpoints' (1686997) panicked at crates/ap-servo/tests/servo_parity.rs:146:5:
assertion `left == right` failed
  left: 1200
 right: 2000
note: run with `RUST_BACKTRACE=1` environment variable to display a backtrace

---- full_deflection_reaches_the_endpoints stdout ----

thread 'full_deflection_reaches_the_endpoints' (1687005) panicked at crates/ap-servo/tests/servo_parity.rs:131:5:
assertion `left == right` failed
  left: 1500
 right: 2000

---- pwm_conversion_matches_upstream stdout ----
1088 conversions compared, 476 of them degenerate

thread 'pwm_conversion_matches_upstream' (1687006) panicked at crates/ap-servo/tests/servo_parity.rs:110:5:
8 angle conversion(s) disagree; first few:
  angle min=1000 trim=1500 max=2000 high=4500 rev=false v=45: port 1500, upstream 1505
  angle min=1000 trim=1500 max=2000 high=4500 rev=false v=100: port 1500, upstream 1511
  angle min=1000 trim=1500 max=2000 high=4500 rev=false v=4500: port 1500, upstream 2000
  angle min=1000 trim=1500 max=2000 high=4500 rev=false v=9000: port 1500, upstream 2000
  angle min=1000 trim=1500 max=2000 high=4500 rev=false v=2249.9: port 1500, upstream 1749
  angle min=1000 trim=1500 max=2000 high=4500 rev=true v=-45: port 1500, upstream 1505
  angle min=1000 trim=1500 max=2000 high=4500 rev=true v=-100: port 1500, upstream 1511
  angle min=1000 trim=1500 max=2000 high=4500 rev=true v=-4500: port 1500, upstream 2000


failures:
    an_off_centre_trim_still_reaches_both_endpoints
    full_deflection_reaches_the_endpoints
    pwm_conversion_matches_upstream

test result: FAILED. 0 passed; 3 failed; 0 ignored; 0 measured; 0 filtered out; finished in 0.02s

error: test failed, to rerun pass `-p ap-servo --test servo_parity`

*** result: Failure(101)
