
*** crates/ap-math/src/control.rs:72:30: replace * with + in update_vel_accel

*** mutation diff:
--- crates/ap-math/src/control.rs
+++ replace * with + in update_vel_accel
@@ -64,17 +64,17 @@
 /// gives the sign of the velocity error. When both point the same way as the
 /// step, the step is refused — unless the velocity is currently opposing the
 /// limit, in which case it is clipped so it cannot cross zero.
 ///
 /// The point is that a controller which has hit a limit should not keep
 /// pushing into it, but should still be allowed to unwind.
 pub fn update_vel_accel(vel: &mut f32, accel: f32, dt: f32, limit: f32, vel_error: f32) {
     let mut delta_vel = accel * dt;
-    if is_positive(delta_vel * limit) && is_positive(vel_error * limit) {
+    if is_positive(delta_vel + /* ~ changed by cargo-mutants ~ */ limit) && is_positive(vel_error * limit) {
         if is_negative(*vel * limit) {
             delta_vel = constrain_value(delta_vel, -vel.abs(), vel.abs());
         } else {
             delta_vel = 0.0;
         }
     }
     *vel += delta_vel;
 }


*** /root/.rustup/toolchains/1.98.0-x86_64-unknown-linux-gnu/bin/cargo test --no-run --verbose --package=ap-math@0.1.0
   Compiling libm v0.2.16
     Running `/root/.rustup/toolchains/1.98.0-x86_64-unknown-linux-gnu/bin/rustc --crate-name build_script_build --edition=2021 /root/.cargo/registry/src/index.crates.io-1949cf8c6b5b557f/libm-0.2.16/build.rs --error-format=json --json=diagnostic-rendered-ansi,artifacts,future-incompat --crate-type bin --emit=dep-info,link -C embed-bitcode=no --warn=unexpected_cfgs --check-cfg 'cfg(feature, values("compiler-builtins"))' --cfg 'feature="arch"' --cfg 'feature="default"' --check-cfg 'cfg(docsrs,test)' --check-cfg 'cfg(feature, values("arch", "default", "force-soft-floats", "unstable", "unstable-float", "unstable-intrinsics", "unstable-public-internals"))' -C metadata=c52071ad07d17fb1 -C extra-filename=-a4706cd3eaed6476 --out-dir /tmp/cargo-mutants-plane-fw-rust-AiFXnU.tmp/target/debug/build/libm-a4706cd3eaed6476 -L dependency=/tmp/cargo-mutants-plane-fw-rust-AiFXnU.tmp/target/debug/deps --cap-lints allow`
     Running `/tmp/cargo-mutants-plane-fw-rust-AiFXnU.tmp/target/debug/build/libm-a4706cd3eaed6476/build-script-build`
     Running `/root/.rustup/toolchains/1.98.0-x86_64-unknown-linux-gnu/bin/rustc --crate-name libm --edition=2021 /root/.cargo/registry/src/index.crates.io-1949cf8c6b5b557f/libm-0.2.16/src/lib.rs --error-format=json --json=diagnostic-rendered-ansi,artifacts,future-incompat --crate-type lib --emit=dep-info,metadata,link -C embed-bitcode=no -C debuginfo=2 --warn=unexpected_cfgs --check-cfg 'cfg(feature, values("compiler-builtins"))' --cfg 'feature="arch"' --cfg 'feature="default"' --check-cfg 'cfg(docsrs,test)' --check-cfg 'cfg(feature, values("arch", "default", "force-soft-floats", "unstable", "unstable-float", "unstable-intrinsics", "unstable-public-internals"))' -C metadata=3a79d5d44dd8495c -C extra-filename=-a0720e46d9b34d24 --out-dir /tmp/cargo-mutants-plane-fw-rust-AiFXnU.tmp/target/debug/deps -L dependency=/tmp/cargo-mutants-plane-fw-rust-AiFXnU.tmp/target/debug/deps --cap-lints allow --cfg arch_enabled --check-cfg 'cfg(assert_no_panic)' --check-cfg 'cfg(intrinsics_enabled)' --check-cfg 'cfg(arch_enabled)' --check-cfg 'cfg(optimizations_enabled)' --check-cfg 'cfg(x86_no_sse)' --check-cfg 'cfg(f16_enabled)' --check-cfg 'cfg(f128_enabled)'`
   Compiling ap-math v0.1.0 (/tmp/cargo-mutants-plane-fw-rust-AiFXnU.tmp/crates/ap-math)
     Running `/root/.rustup/toolchains/1.98.0-x86_64-unknown-linux-gnu/bin/rustc --crate-name ap_math --edition=2021 crates/ap-math/src/lib.rs --error-format=json --json=diagnostic-rendered-ansi,artifacts,future-incompat --crate-type lib --emit=dep-info,metadata,link -C embed-bitcode=no -C debuginfo=2 --warn=unsafe_code --warn=missing_docs '--warn=clippy::indexing_slicing' '--warn=clippy::float_cmp' --cfg 'feature="default"' --check-cfg 'cfg(docsrs,test)' --check-cfg 'cfg(feature, values("default", "ekf-double"))' -C metadata=521a06f7f6b9812f -C extra-filename=-28bd256dfed83426 --out-dir /tmp/cargo-mutants-plane-fw-rust-AiFXnU.tmp/target/debug/deps -C incremental=/tmp/cargo-mutants-plane-fw-rust-AiFXnU.tmp/target/debug/incremental -L dependency=/tmp/cargo-mutants-plane-fw-rust-AiFXnU.tmp/target/debug/deps --extern libm=/tmp/cargo-mutants-plane-fw-rust-AiFXnU.tmp/target/debug/deps/liblibm-a0720e46d9b34d24.rmeta`
     Running `/root/.rustup/toolchains/1.98.0-x86_64-unknown-linux-gnu/bin/rustc --crate-name ap_math --edition=2021 crates/ap-math/src/lib.rs --error-format=json --json=diagnostic-rendered-ansi,artifacts,future-incompat --emit=dep-info,link -C embed-bitcode=no -C debuginfo=2 --warn=unsafe_code --warn=missing_docs '--warn=clippy::indexing_slicing' '--warn=clippy::float_cmp' --test --cfg 'feature="default"' --check-cfg 'cfg(docsrs,test)' --check-cfg 'cfg(feature, values("default", "ekf-double"))' -C metadata=5e48cbd8090f0b88 -C extra-filename=-7c2e9a5eabe3f21e --out-dir /tmp/cargo-mutants-plane-fw-rust-AiFXnU.tmp/target/debug/deps -C incremental=/tmp/cargo-mutants-plane-fw-rust-AiFXnU.tmp/target/debug/incremental -L dependency=/tmp/cargo-mutants-plane-fw-rust-AiFXnU.tmp/target/debug/deps --extern libm=/tmp/cargo-mutants-plane-fw-rust-AiFXnU.tmp/target/debug/deps/liblibm-a0720e46d9b34d24.rlib`
     Running `/root/.rustup/toolchains/1.98.0-x86_64-unknown-linux-gnu/bin/rustc --crate-name scurve_parity --edition=2021 crates/ap-math/tests/scurve_parity.rs --error-format=json --json=diagnostic-rendered-ansi,artifacts,future-incompat --emit=dep-info,link -C embed-bitcode=no -C debuginfo=2 --warn=unsafe_code --warn=missing_docs '--warn=clippy::indexing_slicing' '--warn=clippy::float_cmp' --test --cfg 'feature="default"' --check-cfg 'cfg(docsrs,test)' --check-cfg 'cfg(feature, values("default", "ekf-double"))' -C metadata=24256da060db084b -C extra-filename=-489399fa7a5c68ee --out-dir /tmp/cargo-mutants-plane-fw-rust-AiFXnU.tmp/target/debug/deps -C incremental=/tmp/cargo-mutants-plane-fw-rust-AiFXnU.tmp/target/debug/incremental -L dependency=/tmp/cargo-mutants-plane-fw-rust-AiFXnU.tmp/target/debug/deps --extern ap_math=/tmp/cargo-mutants-plane-fw-rust-AiFXnU.tmp/target/debug/deps/libap_math-28bd256dfed83426.rlib --extern libm=/tmp/cargo-mutants-plane-fw-rust-AiFXnU.tmp/target/debug/deps/liblibm-a0720e46d9b34d24.rlib`
