
*** crates/ap-servo/src/function.rs:543:9: replace Function::default_output -> Option<DefaultOutput> with None

*** mutation diff:
--- crates/ap-servo/src/function.rs
+++ replace Function::default_output -> Option<DefaultOutput> with None
@@ -535,21 +535,17 @@
     /// whatever the channel already had -- its `default:` does nothing
     /// rather than picking a fallback.
     ///
     /// Upstream applies this only when the channel has not already been
     /// set up, and the caller is responsible for that check; this is the
     /// table, not the guard.
     #[must_use]
     pub fn default_output(self) -> Option<DefaultOutput> {
-        DEFAULT_OUTPUT
-            .binary_search_by_key(&self.0, |&(f, _)| f)
-            .ok()
-            .and_then(|i| DEFAULT_OUTPUT.get(i))
-            .map(|&(_, out)| out)
+        None /* ~ changed by cargo-mutants ~ */
     }
 }
 
 /// Functions that move an aerodynamic surface, upstream
 /// `SRV_Channel::is_control_surface`.
 ///
 /// Sorted, so the lookup can binary search.
 const CONTROL_SURFACE: [u8; 16] = [2, 3, 4, 16, 17, 19, 21, 24, 25, 77, 78, 79, 80, 86, 87, 110];


*** /root/.rustup/toolchains/1.98.0-x86_64-unknown-linux-gnu/bin/cargo test --no-run --verbose --package=ap-servo@0.1.0
       Fresh libm v0.2.16
       Fresh ap-math v0.1.0 (/tmp/cargo-mutants-plane-fw-rust-d0KduV.tmp/crates/ap-math)
       Dirty ap-servo v0.1.0 (/tmp/cargo-mutants-plane-fw-rust-d0KduV.tmp/crates/ap-servo): the file `crates/ap-servo/src/function.rs` has changed (1787677408.123418476s, 2s after last build at 1787677406.403401580s)
   Compiling ap-servo v0.1.0 (/tmp/cargo-mutants-plane-fw-rust-d0KduV.tmp/crates/ap-servo)
     Running `/root/.rustup/toolchains/1.98.0-x86_64-unknown-linux-gnu/bin/rustc --crate-name ap_servo --edition=2021 crates/ap-servo/src/lib.rs --error-format=json --json=diagnostic-rendered-ansi,artifacts,future-incompat --crate-type lib --emit=dep-info,metadata,link -C embed-bitcode=no -C debuginfo=2 --warn=unsafe_code --warn=missing_docs '--warn=clippy::indexing_slicing' '--warn=clippy::float_cmp' --check-cfg 'cfg(docsrs,test)' --check-cfg 'cfg(feature, values())' -C metadata=b9e1bc22c34fd59e -C extra-filename=-0c170edf53bf4040 --out-dir /tmp/cargo-mutants-plane-fw-rust-d0KduV.tmp/target/debug/deps -C incremental=/tmp/cargo-mutants-plane-fw-rust-d0KduV.tmp/target/debug/incremental -L dependency=/tmp/cargo-mutants-plane-fw-rust-d0KduV.tmp/target/debug/deps --extern ap_math=/tmp/cargo-mutants-plane-fw-rust-d0KduV.tmp/target/debug/deps/libap_math-28bd256dfed83426.rmeta`
warning: constant `DEFAULT_OUTPUT` is never used
   --> crates/ap-servo/src/function.rs:447:7
    |
447 | const DEFAULT_OUTPUT: [(u8, DefaultOutput); 80] = [
    |       ^^^^^^^^^^^^^^
    |
    = note: `#[warn(dead_code)]` (part of `#[warn(unused)]`) on by default

warning: `ap-servo` (lib) generated 1 warning
     Running `/root/.rustup/toolchains/1.98.0-x86_64-unknown-linux-gnu/bin/rustc --crate-name srv_functions --edition=2021 crates/ap-servo/tests/srv_functions.rs --error-format=json --json=diagnostic-rendered-ansi,artifacts,future-incompat --emit=dep-info,link -C embed-bitcode=no -C debuginfo=2 --warn=unsafe_code --warn=missing_docs '--warn=clippy::indexing_slicing' '--warn=clippy::float_cmp' --test --check-cfg 'cfg(docsrs,test)' --check-cfg 'cfg(feature, values())' -C metadata=34300d022908e178 -C extra-filename=-0c3f81df589996ac --out-dir /tmp/cargo-mutants-plane-fw-rust-d0KduV.tmp/target/debug/deps -C incremental=/tmp/cargo-mutants-plane-fw-rust-d0KduV.tmp/target/debug/incremental -L dependency=/tmp/cargo-mutants-plane-fw-rust-d0KduV.tmp/target/debug/deps --extern ap_math=/tmp/cargo-mutants-plane-fw-rust-d0KduV.tmp/target/debug/deps/libap_math-28bd256dfed83426.rlib --extern ap_servo=/tmp/cargo-mutants-plane-fw-rust-d0KduV.tmp/target/debug/deps/libap_servo-0c170edf53bf4040.rlib`
     Running `/root/.rustup/toolchains/1.98.0-x86_64-unknown-linux-gnu/bin/rustc --crate-name default_output --edition=2021 crates/ap-servo/tests/default_output.rs --error-format=json --json=diagnostic-rendered-ansi,artifacts,future-incompat --emit=dep-info,link -C embed-bitcode=no -C debuginfo=2 --warn=unsafe_code --warn=missing_docs '--warn=clippy::indexing_slicing' '--warn=clippy::float_cmp' --test --check-cfg 'cfg(docsrs,test)' --check-cfg 'cfg(feature, values())' -C metadata=7c1835cbfa7b3b6f -C extra-filename=-a50a98dcc17358d7 --out-dir /tmp/cargo-mutants-plane-fw-rust-d0KduV.tmp/target/debug/deps -C incremental=/tmp/cargo-mutants-plane-fw-rust-d0KduV.tmp/target/debug/incremental -L dependency=/tmp/cargo-mutants-plane-fw-rust-d0KduV.tmp/target/debug/deps --extern ap_math=/tmp/cargo-mutants-plane-fw-rust-d0KduV.tmp/target/debug/deps/libap_math-28bd256dfed83426.rlib --extern ap_servo=/tmp/cargo-mutants-plane-fw-rust-d0KduV.tmp/target/debug/deps/libap_servo-0c170edf53bf4040.rlib`
     Running `/root/.rustup/toolchains/1.98.0-x86_64-unknown-linux-gnu/bin/rustc --crate-name classify --edition=2021 crates/ap-servo/tests/classify.rs --error-format=json --json=diagnostic-rendered-ansi,artifacts,future-incompat --emit=dep-info,link -C embed-bitcode=no -C debuginfo=2 --warn=unsafe_code --warn=missing_docs '--warn=clippy::indexing_slicing' '--warn=clippy::float_cmp' --test --check-cfg 'cfg(docsrs,test)' --check-cfg 'cfg(feature, values())' -C metadata=f3b94ffba97932a0 -C extra-filename=-07f28a1fa3d4f549 --out-dir /tmp/cargo-mutants-plane-fw-rust-d0KduV.tmp/target/debug/deps -C incremental=/tmp/cargo-mutants-plane-fw-rust-d0KduV.tmp/target/debug/incremental -L dependency=/tmp/cargo-mutants-plane-fw-rust-d0KduV.tmp/target/debug/deps --extern ap_math=/tmp/cargo-mutants-plane-fw-rust-d0KduV.tmp/target/debug/deps/libap_math-28bd256dfed83426.rlib --extern ap_servo=/tmp/cargo-mutants-plane-fw-rust-d0KduV.tmp/target/debug/deps/libap_servo-0c170edf53bf4040.rlib`
     Running `/root/.rustup/toolchains/1.98.0-x86_64-unknown-linux-gnu/bin/rustc --crate-name output_channel --edition=2021 crates/ap-servo/tests/output_channel.rs --error-format=json --json=diagnostic-rendered-ansi,artifacts,future-incompat --emit=dep-info,link -C embed-bitcode=no -C debuginfo=2 --warn=unsafe_code --warn=missing_docs '--warn=clippy::indexing_slicing' '--warn=clippy::float_cmp' --test --check-cfg 'cfg(docsrs,test)' --check-cfg 'cfg(feature, values())' -C metadata=84cc9875e91f83d9 -C extra-filename=-f4f21020484d518b --out-dir /tmp/cargo-mutants-plane-fw-rust-d0KduV.tmp/target/debug/deps -C incremental=/tmp/cargo-mutants-plane-fw-rust-d0KduV.tmp/target/debug/incremental -L dependency=/tmp/cargo-mutants-plane-fw-rust-d0KduV.tmp/target/debug/deps --extern ap_math=/tmp/cargo-mutants-plane-fw-rust-d0KduV.tmp/target/debug/deps/libap_math-28bd256dfed83426.rlib --extern ap_servo=/tmp/cargo-mutants-plane-fw-rust-d0KduV.tmp/target/debug/deps/libap_servo-0c170edf53bf4040.rlib`
     Running `/root/.rustup/toolchains/1.98.0-x86_64-unknown-linux-gnu/bin/rustc --crate-name setup_sweep --edition=2021 crates/ap-servo/tests/setup_sweep.rs --error-format=json --json=diagnostic-rendered-ansi,artifacts,future-incompat --emit=dep-info,link -C embed-bitcode=no -C debuginfo=2 --warn=unsafe_code --warn=missing_docs '--warn=clippy::indexing_slicing' '--warn=clippy::float_cmp' --test --check-cfg 'cfg(docsrs,test)' --check-cfg 'cfg(feature, values())' -C metadata=0ba401001e77a466 -C extra-filename=-8bad9699439ea039 --out-dir /tmp/cargo-mutants-plane-fw-rust-d0KduV.tmp/target/debug/deps -C incremental=/tmp/cargo-mutants-plane-fw-rust-d0KduV.tmp/target/debug/incremental -L dependency=/tmp/cargo-mutants-plane-fw-rust-d0KduV.tmp/target/debug/deps --extern ap_math=/tmp/cargo-mutants-plane-fw-rust-d0KduV.tmp/target/debug/deps/libap_math-28bd256dfed83426.rlib --extern ap_servo=/tmp/cargo-mutants-plane-fw-rust-d0KduV.tmp/target/debug/deps/libap_servo-0c170edf53bf4040.rlib`
     Running `/root/.rustup/toolchains/1.98.0-x86_64-unknown-linux-gnu/bin/rustc --crate-name calc_pwm --edition=2021 crates/ap-servo/tests/calc_pwm.rs --error-format=json --json=diagnostic-rendered-ansi,artifacts,future-incompat --emit=dep-info,link -C embed-bitcode=no -C debuginfo=2 --warn=unsafe_code --warn=missing_docs '--warn=clippy::indexing_slicing' '--warn=clippy::float_cmp' --test --check-cfg 'cfg(docsrs,test)' --check-cfg 'cfg(feature, values())' -C metadata=1a31146dd74fc750 -C extra-filename=-375705d37070d40e --out-dir /tmp/cargo-mutants-plane-fw-rust-d0KduV.tmp/target/debug/deps -C incremental=/tmp/cargo-mutants-plane-fw-rust-d0KduV.tmp/target/debug/incremental -L dependency=/tmp/cargo-mutants-plane-fw-rust-d0KduV.tmp/target/debug/deps --extern ap_math=/tmp/cargo-mutants-plane-fw-rust-d0KduV.tmp/target/debug/deps/libap_math-28bd256dfed83426.rlib --extern ap_servo=/tmp/cargo-mutants-plane-fw-rust-d0KduV.tmp/target/debug/deps/libap_servo-0c170edf53bf4040.rlib`
     Running `/root/.rustup/toolchains/1.98.0-x86_64-unknown-linux-gnu/bin/rustc --crate-name servo_parity --edition=2021 crates/ap-servo/tests/servo_parity.rs --error-format=json --json=diagnostic-rendered-ansi,artifacts,future-incompat --emit=dep-info,link -C embed-bitcode=no -C debuginfo=2 --warn=unsafe_code --warn=missing_docs '--warn=clippy::indexing_slicing' '--warn=clippy::float_cmp' --test --check-cfg 'cfg(docsrs,test)' --check-cfg 'cfg(feature, values())' -C metadata=3f89cf3ab8ed13aa -C extra-filename=-313ebdf2bab8aecd --out-dir /tmp/cargo-mutants-plane-fw-rust-d0KduV.tmp/target/debug/deps -C incremental=/tmp/cargo-mutants-plane-fw-rust-d0KduV.tmp/target/debug/incremental -L dependency=/tmp/cargo-mutants-plane-fw-rust-d0KduV.tmp/target/debug/deps --extern ap_math=/tmp/cargo-mutants-plane-fw-rust-d0KduV.tmp/target/debug/deps/libap_math-28bd256dfed83426.rlib --extern ap_servo=/tmp/cargo-mutants-plane-fw-rust-d0KduV.tmp/target/debug/deps/libap_servo-0c170edf53bf4040.rlib`
     Running `/root/.rustup/toolchains/1.98.0-x86_64-unknown-linux-gnu/bin/rustc --crate-name slew_parity --edition=2021 crates/ap-servo/tests/slew_parity.rs --error-format=json --json=diagnostic-rendered-ansi,artifacts,future-incompat --emit=dep-info,link -C embed-bitcode=no -C debuginfo=2 --warn=unsafe_code --warn=missing_docs '--warn=clippy::indexing_slicing' '--warn=clippy::float_cmp' --test --check-cfg 'cfg(docsrs,test)' --check-cfg 'cfg(feature, values())' -C metadata=10b00557a1f6bfce -C extra-filename=-7b656dab69cd507e --out-dir /tmp/cargo-mutants-plane-fw-rust-d0KduV.tmp/target/debug/deps -C incremental=/tmp/cargo-mutants-plane-fw-rust-d0KduV.tmp/target/debug/incremental -L dependency=/tmp/cargo-mutants-plane-fw-rust-d0KduV.tmp/target/debug/deps --extern ap_math=/tmp/cargo-mutants-plane-fw-rust-d0KduV.tmp/target/debug/deps/libap_math-28bd256dfed83426.rlib --extern ap_servo=/tmp/cargo-mutants-plane-fw-rust-d0KduV.tmp/target/debug/deps/libap_servo-0c170edf53bf4040.rlib`
     Running `/root/.rustup/toolchains/1.98.0-x86_64-unknown-linux-gnu/bin/rustc --crate-name ap_servo --edition=2021 crates/ap-servo/src/lib.rs --error-format=json --json=diagnostic-rendered-ansi,artifacts,future-incompat --emit=dep-info,link -C embed-bitcode=no -C debuginfo=2 --warn=unsafe_code --warn=missing_docs '--warn=clippy::indexing_slicing' '--warn=clippy::float_cmp' --test --check-cfg 'cfg(docsrs,test)' --check-cfg 'cfg(feature, values())' -C metadata=455aa3c3d76d35d9 -C extra-filename=-90eedb289af2c5ea --out-dir /tmp/cargo-mutants-plane-fw-rust-d0KduV.tmp/target/debug/deps -C incremental=/tmp/cargo-mutants-plane-fw-rust-d0KduV.tmp/target/debug/incremental -L dependency=/tmp/cargo-mutants-plane-fw-rust-d0KduV.tmp/target/debug/deps --extern ap_math=/tmp/cargo-mutants-plane-fw-rust-d0KduV.tmp/target/debug/deps/libap_math-28bd256dfed83426.rlib`
warning: `ap-servo` (lib test) generated 1 warning (1 duplicate)
    Finished `test` profile [unoptimized + debuginfo] target(s) in 1.79s
  Executable `/tmp/cargo-mutants-plane-fw-rust-d0KduV.tmp/target/debug/deps/ap_servo-90eedb289af2c5ea`
  Executable `/tmp/cargo-mutants-plane-fw-rust-d0KduV.tmp/target/debug/deps/calc_pwm-375705d37070d40e`
  Executable `/tmp/cargo-mutants-plane-fw-rust-d0KduV.tmp/target/debug/deps/classify-07f28a1fa3d4f549`
  Executable `/tmp/cargo-mutants-plane-fw-rust-d0KduV.tmp/target/debug/deps/default_output-a50a98dcc17358d7`
  Executable `/tmp/cargo-mutants-plane-fw-rust-d0KduV.tmp/target/debug/deps/output_channel-f4f21020484d518b`
  Executable `/tmp/cargo-mutants-plane-fw-rust-d0KduV.tmp/target/debug/deps/servo_parity-313ebdf2bab8aecd`
  Executable `/tmp/cargo-mutants-plane-fw-rust-d0KduV.tmp/target/debug/deps/setup_sweep-8bad9699439ea039`
  Executable `/tmp/cargo-mutants-plane-fw-rust-d0KduV.tmp/target/debug/deps/slew_parity-7b656dab69cd507e`
  Executable `/tmp/cargo-mutants-plane-fw-rust-d0KduV.tmp/target/debug/deps/srv_functions-0c3f81df589996ac`

*** result: Success

*** /root/.rustup/toolchains/1.98.0-x86_64-unknown-linux-gnu/bin/cargo test --verbose --package=ap-servo@0.1.0
       Fresh libm v0.2.16
       Fresh ap-math v0.1.0 (/tmp/cargo-mutants-plane-fw-rust-d0KduV.tmp/crates/ap-math)
warning: constant `DEFAULT_OUTPUT` is never used
   --> crates/ap-servo/src/function.rs:447:7
    |
447 | const DEFAULT_OUTPUT: [(u8, DefaultOutput); 80] = [
    |       ^^^^^^^^^^^^^^
    |
    = note: `#[warn(dead_code)]` (part of `#[warn(unused)]`) on by default

warning: `ap-servo` (lib) generated 1 warning
       Fresh ap-servo v0.1.0 (/tmp/cargo-mutants-plane-fw-rust-d0KduV.tmp/crates/ap-servo)
warning: `ap-servo` (lib test) generated 1 warning (1 duplicate)
    Finished `test` profile [unoptimized + debuginfo] target(s) in 0.02s
     Running `/tmp/cargo-mutants-plane-fw-rust-d0KduV.tmp/target/debug/deps/ap_servo-90eedb289af2c5ea`

running 0 tests

test result: ok. 0 passed; 0 failed; 0 ignored; 0 measured; 0 filtered out; finished in 0.00s

     Running `/tmp/cargo-mutants-plane-fw-rust-d0KduV.tmp/target/debug/deps/calc_pwm-375705d37070d40e`

running 1 test
test the_calc_pwm_priority_matches_upstream ... ok

test result: ok. 1 passed; 0 failed; 0 ignored; 0 measured; 0 filtered out; finished in 0.00s

     Running `/tmp/cargo-mutants-plane-fw-rust-d0KduV.tmp/target/debug/deps/classify-07f28a1fa3d4f549`

running 8 tests
test every_function_classification_matches_upstream ... ok
test nothing_is_both_a_motor_and_a_control_surface ... ok
test the_usual_surfaces_are_control_surfaces ... ok
test zero_pwm_is_zero ... ok
test non_motor_functions_have_no_motor_number ... ok
test every_motor_round_trips_through_its_function ... ok
test reversing_swaps_the_ends_but_leaves_trim_alone ... ok
test the_two_motor_predicates_agree ... ok

test result: ok. 8 passed; 0 failed; 0 ignored; 0 measured; 0 filtered out; finished in 0.00s

     Running `/tmp/cargo-mutants-plane-fw-rust-d0KduV.tmp/target/debug/deps/default_output-a50a98dcc17358d7`

running 5 tests
test an_unlisted_function_has_no_default ... ok
test surfaces_are_angles_and_throttles_are_ranges ... FAILED
test the_lookup_table_is_ordered ... FAILED
test motors_have_no_default_output_shape ... ok
test every_actuator_gets_the_unit_angle ... FAILED

failures:

---- surfaces_are_angles_and_throttles_are_ranges stdout ----

thread 'surfaces_are_angles_and_throttles_are_ranges' (1735187) panicked at crates/ap-servo/tests/default_output.rs:79:9:
function 4 should default to an angle, got None
note: run with `RUST_BACKTRACE=1` environment variable to display a backtrace

---- the_lookup_table_is_ordered stdout ----

thread 'the_lookup_table_is_ordered' (1735190) panicked at crates/ap-servo/tests/default_output.rs:120:5:
the table is empty

---- every_actuator_gets_the_unit_angle stdout ----

thread 'every_actuator_gets_the_unit_angle' (1735182) panicked at crates/ap-servo/tests/default_output.rs:56:9:
assertion `left == right` failed: actuator function 184 should be a unit angle
  left: None
 right: Some(Angle(1))


failures:
    every_actuator_gets_the_unit_angle
    surfaces_are_angles_and_throttles_are_ranges
    the_lookup_table_is_ordered

test result: FAILED. 2 passed; 3 failed; 0 ignored; 0 measured; 0 filtered out; finished in 0.00s

error: test failed, to rerun pass `-p ap-servo --test default_output`

*** result: Failure(101)
