
*** crates/ap-math/src/control.rs:488:27: replace / with % in kinematic_limit_xyz

*** mutation diff:
--- crates/ap-math/src/control.rs
+++ replace / with % in kinematic_limit_xyz
@@ -480,17 +480,17 @@
         return max_xy;
     }
 
     // Which limit binds is decided by comparing the direction's slope against
     // the slope the two limits themselves describe.
     let slope = segment_length_z / segment_length_xy;
     if is_positive(slope) {
         if slope.abs() < max_z_pos / max_xy {
-            return max_xy / segment_length_xy;
+            return max_xy % /* ~ changed by cargo-mutants ~ */ segment_length_xy;
         }
         return (max_z_pos / segment_length_z).abs();
     }
     if slope.abs() < max_z_neg / max_xy {
         return max_xy / segment_length_xy;
     }
     (max_z_neg / segment_length_z).abs()
 }


*** /root/.rustup/toolchains/1.98.0-x86_64-unknown-linux-gnu/bin/cargo test --no-run --verbose --package=ap-math@0.1.0
       Fresh libm v0.2.16
       Dirty ap-math v0.1.0 (/tmp/cargo-mutants-plane-fw-rust-FFb0ty.tmp/crates/ap-math): the file `crates/ap-math/src/control.rs` has changed (1787680199.785108886s, 4s after last build at 1787680195.318065001s)
   Compiling ap-math v0.1.0 (/tmp/cargo-mutants-plane-fw-rust-FFb0ty.tmp/crates/ap-math)
     Running `/root/.rustup/toolchains/1.98.0-x86_64-unknown-linux-gnu/bin/rustc --crate-name ap_math --edition=2021 crates/ap-math/src/lib.rs --error-format=json --json=diagnostic-rendered-ansi,artifacts,future-incompat --crate-type lib --emit=dep-info,metadata,link -C embed-bitcode=no -C debuginfo=2 --warn=unsafe_code --warn=missing_docs '--warn=clippy::indexing_slicing' '--warn=clippy::float_cmp' --cfg 'feature="default"' --check-cfg 'cfg(docsrs,test)' --check-cfg 'cfg(feature, values("default", "ekf-double"))' -C metadata=521a06f7f6b9812f -C extra-filename=-28bd256dfed83426 --out-dir /tmp/cargo-mutants-plane-fw-rust-FFb0ty.tmp/target/debug/deps -C incremental=/tmp/cargo-mutants-plane-fw-rust-FFb0ty.tmp/target/debug/incremental -L dependency=/tmp/cargo-mutants-plane-fw-rust-FFb0ty.tmp/target/debug/deps --extern libm=/tmp/cargo-mutants-plane-fw-rust-FFb0ty.tmp/target/debug/deps/liblibm-a0720e46d9b34d24.rmeta`
     Running `/root/.rustup/toolchains/1.98.0-x86_64-unknown-linux-gnu/bin/rustc --crate-name control_parity --edition=2021 crates/ap-math/tests/control_parity.rs --error-format=json --json=diagnostic-rendered-ansi,artifacts,future-incompat --emit=dep-info,link -C embed-bitcode=no -C debuginfo=2 --warn=unsafe_code --warn=missing_docs '--warn=clippy::indexing_slicing' '--warn=clippy::float_cmp' --test --cfg 'feature="default"' --check-cfg 'cfg(docsrs,test)' --check-cfg 'cfg(feature, values("default", "ekf-double"))' -C metadata=5194e6986001acfa -C extra-filename=-703320a80c66c45e --out-dir /tmp/cargo-mutants-plane-fw-rust-FFb0ty.tmp/target/debug/deps -C incremental=/tmp/cargo-mutants-plane-fw-rust-FFb0ty.tmp/target/debug/incremental -L dependency=/tmp/cargo-mutants-plane-fw-rust-FFb0ty.tmp/target/debug/deps --extern ap_math=/tmp/cargo-mutants-plane-fw-rust-FFb0ty.tmp/target/debug/deps/libap_math-28bd256dfed83426.rlib --extern libm=/tmp/cargo-mutants-plane-fw-rust-FFb0ty.tmp/target/debug/deps/liblibm-a0720e46d9b34d24.rlib`
     Running `/root/.rustup/toolchains/1.98.0-x86_64-unknown-linux-gnu/bin/rustc --crate-name control_xy_parity --edition=2021 crates/ap-math/tests/control_xy_parity.rs --error-format=json --json=diagnostic-rendered-ansi,artifacts,future-incompat --emit=dep-info,link -C embed-bitcode=no -C debuginfo=2 --warn=unsafe_code --warn=missing_docs '--warn=clippy::indexing_slicing' '--warn=clippy::float_cmp' --test --cfg 'feature="default"' --check-cfg 'cfg(docsrs,test)' --check-cfg 'cfg(feature, values("default", "ekf-double"))' -C metadata=9c4aeb7a6204205f -C extra-filename=-1bdcd6fe1a92aa1e --out-dir /tmp/cargo-mutants-plane-fw-rust-FFb0ty.tmp/target/debug/deps -C incremental=/tmp/cargo-mutants-plane-fw-rust-FFb0ty.tmp/target/debug/incremental -L dependency=/tmp/cargo-mutants-plane-fw-rust-FFb0ty.tmp/target/debug/deps --extern ap_math=/tmp/cargo-mutants-plane-fw-rust-FFb0ty.tmp/target/debug/deps/libap_math-28bd256dfed83426.rlib --extern libm=/tmp/cargo-mutants-plane-fw-rust-FFb0ty.tmp/target/debug/deps/liblibm-a0720e46d9b34d24.rlib`
