
*** crates/ap-servo/src/function.rs:395:9: replace Function::motor -> Self with Default::default()

*** mutation diff:
--- crates/ap-servo/src/function.rs
+++ replace Function::motor -> Self with Default::default()
@@ -387,23 +387,17 @@
     /// Three ranges, not one. Motors 1-8 are contiguous, then 9-12 sit
     /// elsewhere in the enum, then 13 onward somewhere else again --
     /// because the later motor functions were added long after the first
     /// eight and had to take whatever numbers were free. A port that
     /// assumed `k_motor1 + channel` throughout would quietly drive the
     /// wrong outputs on anything with more than eight motors.
     #[must_use]
     pub const fn motor(channel: u8) -> Self {
-        if channel < 8 {
-            Self(Self::MOTOR1.0 + channel)
-        } else if channel < 12 {
-            Self(Self::MOTOR9.0 + (channel - 8))
-        } else {
-            Self(Self::MOTOR13.0 + (channel - 12))
-        }
+        Default::default() /* ~ changed by cargo-mutants ~ */
     }
 }
 
 /// The premise `valid` relies on: `k_none` is the lowest function value,
 /// so an unsigned value can only fail the upper bound.
 const _: () = assert!(Function::NONE.0 == 0);
 
 /// Functions an emergency stop must be able to zero, upstream


*** /root/.rustup/toolchains/1.98.0-x86_64-unknown-linux-gnu/bin/cargo test --no-run --verbose --package=ap-servo@0.1.0
       Fresh libm v0.2.16
       Fresh ap-math v0.1.0 (/tmp/cargo-mutants-plane-fw-rust-hJKqrH.tmp/crates/ap-math)
       Dirty ap-servo v0.1.0 (/tmp/cargo-mutants-plane-fw-rust-hJKqrH.tmp/crates/ap-servo): the file `crates/ap-servo/src/function.rs` has changed (1787677400.103339690s, 3s after last build at 1787677397.895317997s)
   Compiling ap-servo v0.1.0 (/tmp/cargo-mutants-plane-fw-rust-hJKqrH.tmp/crates/ap-servo)
     Running `/root/.rustup/toolchains/1.98.0-x86_64-unknown-linux-gnu/bin/rustc --crate-name ap_servo --edition=2021 crates/ap-servo/src/lib.rs --error-format=json --json=diagnostic-rendered-ansi,artifacts,future-incompat --crate-type lib --emit=dep-info,metadata,link -C embed-bitcode=no -C debuginfo=2 --warn=unsafe_code --warn=missing_docs '--warn=clippy::indexing_slicing' '--warn=clippy::float_cmp' --check-cfg 'cfg(docsrs,test)' --check-cfg 'cfg(feature, values())' -C metadata=b9e1bc22c34fd59e -C extra-filename=-0c170edf53bf4040 --out-dir /tmp/cargo-mutants-plane-fw-rust-hJKqrH.tmp/target/debug/deps -C incremental=/tmp/cargo-mutants-plane-fw-rust-hJKqrH.tmp/target/debug/incremental -L dependency=/tmp/cargo-mutants-plane-fw-rust-hJKqrH.tmp/target/debug/deps --extern ap_math=/tmp/cargo-mutants-plane-fw-rust-hJKqrH.tmp/target/debug/deps/libap_math-28bd256dfed83426.rmeta`
     Running `/root/.rustup/toolchains/1.98.0-x86_64-unknown-linux-gnu/bin/rustc --crate-name ap_servo --edition=2021 crates/ap-servo/src/lib.rs --error-format=json --json=diagnostic-rendered-ansi,artifacts,future-incompat --emit=dep-info,link -C embed-bitcode=no -C debuginfo=2 --warn=unsafe_code --warn=missing_docs '--warn=clippy::indexing_slicing' '--warn=clippy::float_cmp' --test --check-cfg 'cfg(docsrs,test)' --check-cfg 'cfg(feature, values())' -C metadata=455aa3c3d76d35d9 -C extra-filename=-90eedb289af2c5ea --out-dir /tmp/cargo-mutants-plane-fw-rust-hJKqrH.tmp/target/debug/deps -C incremental=/tmp/cargo-mutants-plane-fw-rust-hJKqrH.tmp/target/debug/incremental -L dependency=/tmp/cargo-mutants-plane-fw-rust-hJKqrH.tmp/target/debug/deps --extern ap_math=/tmp/cargo-mutants-plane-fw-rust-hJKqrH.tmp/target/debug/deps/libap_math-28bd256dfed83426.rlib`
error[E0015]: cannot call non-const associated function `<Function as Default>::default` in constant functions
   --> crates/ap-servo/src/function.rs:395:9
    |
395 |         Default::default() /* ~ changed by cargo-mutants ~ */
    |         ^^^^^^^^^^^^^^^^^^
    |
    = note: calls in constant functions are limited to constant functions, tuple structs and tuple variants

For more information about this error, try `rustc --explain E0015`.
error: could not compile `ap-servo` (lib) due to 1 previous error

Caused by:
  process didn't exit successfully: `/root/.rustup/toolchains/1.98.0-x86_64-unknown-linux-gnu/bin/rustc --crate-name ap_servo --edition=2021 crates/ap-servo/src/lib.rs --error-format=json --json=diagnostic-rendered-ansi,artifacts,future-incompat --crate-type lib --emit=dep-info,metadata,link -C embed-bitcode=no -C debuginfo=2 --warn=unsafe_code --warn=missing_docs '--warn=clippy::indexing_slicing' '--warn=clippy::float_cmp' --check-cfg 'cfg(docsrs,test)' --check-cfg 'cfg(feature, values())' -C metadata=b9e1bc22c34fd59e -C extra-filename=-0c170edf53bf4040 --out-dir /tmp/cargo-mutants-plane-fw-rust-hJKqrH.tmp/target/debug/deps -C incremental=/tmp/cargo-mutants-plane-fw-rust-hJKqrH.tmp/target/debug/incremental -L dependency=/tmp/cargo-mutants-plane-fw-rust-hJKqrH.tmp/target/debug/deps --extern ap_math=/tmp/cargo-mutants-plane-fw-rust-hJKqrH.tmp/target/debug/deps/libap_math-28bd256dfed83426.rmeta` (exit status: 1)
warning: build failed, waiting for other jobs to finish...
error: could not compile `ap-servo` (lib test) due to 1 previous error

Caused by:
  process didn't exit successfully: `/root/.rustup/toolchains/1.98.0-x86_64-unknown-linux-gnu/bin/rustc --crate-name ap_servo --edition=2021 crates/ap-servo/src/lib.rs --error-format=json --json=diagnostic-rendered-ansi,artifacts,future-incompat --emit=dep-info,link -C embed-bitcode=no -C debuginfo=2 --warn=unsafe_code --warn=missing_docs '--warn=clippy::indexing_slicing' '--warn=clippy::float_cmp' --test --check-cfg 'cfg(docsrs,test)' --check-cfg 'cfg(feature, values())' -C metadata=455aa3c3d76d35d9 -C extra-filename=-90eedb289af2c5ea --out-dir /tmp/cargo-mutants-plane-fw-rust-hJKqrH.tmp/target/debug/deps -C incremental=/tmp/cargo-mutants-plane-fw-rust-hJKqrH.tmp/target/debug/incremental -L dependency=/tmp/cargo-mutants-plane-fw-rust-hJKqrH.tmp/target/debug/deps --extern ap_math=/tmp/cargo-mutants-plane-fw-rust-hJKqrH.tmp/target/debug/deps/libap_math-28bd256dfed83426.rlib` (exit status: 1)

*** result: Failure(101)
