
*** crates/ap-math/src/control.rs:72:64: replace * with + in update_vel_accel

*** mutation diff:
--- crates/ap-math/src/control.rs
+++ replace * with + in update_vel_accel
@@ -64,17 +64,17 @@
 /// gives the sign of the velocity error. When both point the same way as the
 /// step, the step is refused — unless the velocity is currently opposing the
 /// limit, in which case it is clipped so it cannot cross zero.
 ///
 /// The point is that a controller which has hit a limit should not keep
 /// pushing into it, but should still be allowed to unwind.
 pub fn update_vel_accel(vel: &mut f32, accel: f32, dt: f32, limit: f32, vel_error: f32) {
     let mut delta_vel = accel * dt;
-    if is_positive(delta_vel * limit) && is_positive(vel_error * limit) {
+    if is_positive(delta_vel * limit) && is_positive(vel_error + /* ~ changed by cargo-mutants ~ */ limit) {
         if is_negative(*vel * limit) {
             delta_vel = constrain_value(delta_vel, -vel.abs(), vel.abs());
         } else {
             delta_vel = 0.0;
         }
     }
     *vel += delta_vel;
 }


*** /root/.rustup/toolchains/1.98.0-x86_64-unknown-linux-gnu/bin/cargo test --no-run --verbose --package=ap-math@0.1.0
       Fresh libm v0.2.16
       Dirty ap-math v0.1.0 (/tmp/cargo-mutants-plane-fw-rust-KMFYmS.tmp/crates/ap-math): the file `crates/ap-math/src/control.rs` has changed (1787681160.698774103s, 2s after last build at 1787681158.458751840s)
   Compiling ap-math v0.1.0 (/tmp/cargo-mutants-plane-fw-rust-KMFYmS.tmp/crates/ap-math)
     Running `/root/.rustup/toolchains/1.98.0-x86_64-unknown-linux-gnu/bin/rustc --crate-name ap_math --edition=2021 crates/ap-math/src/lib.rs --error-format=json --json=diagnostic-rendered-ansi,artifacts,future-incompat --crate-type lib --emit=dep-info,metadata,link -C embed-bitcode=no -C debuginfo=2 --warn=unsafe_code --warn=missing_docs '--warn=clippy::indexing_slicing' '--warn=clippy::float_cmp' --cfg 'feature="default"' --check-cfg 'cfg(docsrs,test)' --check-cfg 'cfg(feature, values("default", "ekf-double"))' -C metadata=521a06f7f6b9812f -C extra-filename=-28bd256dfed83426 --out-dir /tmp/cargo-mutants-plane-fw-rust-KMFYmS.tmp/target/debug/deps -C incremental=/tmp/cargo-mutants-plane-fw-rust-KMFYmS.tmp/target/debug/incremental -L dependency=/tmp/cargo-mutants-plane-fw-rust-KMFYmS.tmp/target/debug/deps --extern libm=/tmp/cargo-mutants-plane-fw-rust-KMFYmS.tmp/target/debug/deps/liblibm-a0720e46d9b34d24.rmeta`
     Running `/root/.rustup/toolchains/1.98.0-x86_64-unknown-linux-gnu/bin/rustc --crate-name ap_math --edition=2021 crates/ap-math/src/lib.rs --error-format=json --json=diagnostic-rendered-ansi,artifacts,future-incompat --emit=dep-info,link -C embed-bitcode=no -C debuginfo=2 --warn=unsafe_code --warn=missing_docs '--warn=clippy::indexing_slicing' '--warn=clippy::float_cmp' --test --cfg 'feature="default"' --check-cfg 'cfg(docsrs,test)' --check-cfg 'cfg(feature, values("default", "ekf-double"))' -C metadata=5e48cbd8090f0b88 -C extra-filename=-7c2e9a5eabe3f21e --out-dir /tmp/cargo-mutants-plane-fw-rust-KMFYmS.tmp/target/debug/deps -C incremental=/tmp/cargo-mutants-plane-fw-rust-KMFYmS.tmp/target/debug/incremental -L dependency=/tmp/cargo-mutants-plane-fw-rust-KMFYmS.tmp/target/debug/deps --extern libm=/tmp/cargo-mutants-plane-fw-rust-KMFYmS.tmp/target/debug/deps/liblibm-a0720e46d9b34d24.rlib`
     Running `/root/.rustup/toolchains/1.98.0-x86_64-unknown-linux-gnu/bin/rustc --crate-name rotations_parity --edition=2021 crates/ap-math/tests/rotations_parity.rs --error-format=json --json=diagnostic-rendered-ansi,artifacts,future-incompat --emit=dep-info,link -C embed-bitcode=no -C debuginfo=2 --warn=unsafe_code --warn=missing_docs '--warn=clippy::indexing_slicing' '--warn=clippy::float_cmp' --test --cfg 'feature="default"' --check-cfg 'cfg(docsrs,test)' --check-cfg 'cfg(feature, values("default", "ekf-double"))' -C metadata=1dcb00183b216a05 -C extra-filename=-c74893dd1adc9dd9 --out-dir /tmp/cargo-mutants-plane-fw-rust-KMFYmS.tmp/target/debug/deps -C incremental=/tmp/cargo-mutants-plane-fw-rust-KMFYmS.tmp/target/debug/incremental -L dependency=/tmp/cargo-mutants-plane-fw-rust-KMFYmS.tmp/target/debug/deps --extern ap_math=/tmp/cargo-mutants-plane-fw-rust-KMFYmS.tmp/target/debug/deps/libap_math-28bd256dfed83426.rlib --extern libm=/tmp/cargo-mutants-plane-fw-rust-KMFYmS.tmp/target/debug/deps/liblibm-a0720e46d9b34d24.rlib`
     Running `/root/.rustup/toolchains/1.98.0-x86_64-unknown-linux-gnu/bin/rustc --crate-name spline_parity --edition=2021 crates/ap-math/tests/spline_parity.rs --error-format=json --json=diagnostic-rendered-ansi,artifacts,future-incompat --emit=dep-info,link -C embed-bitcode=no -C debuginfo=2 --warn=unsafe_code --warn=missing_docs '--warn=clippy::indexing_slicing' '--warn=clippy::float_cmp' --test --cfg 'feature="default"' --check-cfg 'cfg(docsrs,test)' --check-cfg 'cfg(feature, values("default", "ekf-double"))' -C metadata=c6c9bfd2417967fe -C extra-filename=-3492706cebfae316 --out-dir /tmp/cargo-mutants-plane-fw-rust-KMFYmS.tmp/target/debug/deps -C incremental=/tmp/cargo-mutants-plane-fw-rust-KMFYmS.tmp/target/debug/incremental -L dependency=/tmp/cargo-mutants-plane-fw-rust-KMFYmS.tmp/target/debug/deps --extern ap_math=/tmp/cargo-mutants-plane-fw-rust-KMFYmS.tmp/target/debug/deps/libap_math-28bd256dfed83426.rlib --extern libm=/tmp/cargo-mutants-plane-fw-rust-KMFYmS.tmp/target/debug/deps/liblibm-a0720e46d9b34d24.rlib`
     Running `/root/.rustup/toolchains/1.98.0-x86_64-unknown-linux-gnu/bin/rustc --crate-name control_parity --edition=2021 crates/ap-math/tests/control_parity.rs --error-format=json --json=diagnostic-rendered-ansi,artifacts,future-incompat --emit=dep-info,link -C embed-bitcode=no -C debuginfo=2 --warn=unsafe_code --warn=missing_docs '--warn=clippy::indexing_slicing' '--warn=clippy::float_cmp' --test --cfg 'feature="default"' --check-cfg 'cfg(docsrs,test)' --check-cfg 'cfg(feature, values("default", "ekf-double"))' -C metadata=5194e6986001acfa -C extra-filename=-703320a80c66c45e --out-dir /tmp/cargo-mutants-plane-fw-rust-KMFYmS.tmp/target/debug/deps -C incremental=/tmp/cargo-mutants-plane-fw-rust-KMFYmS.tmp/target/debug/incremental -L dependency=/tmp/cargo-mutants-plane-fw-rust-KMFYmS.tmp/target/debug/deps --extern ap_math=/tmp/cargo-mutants-plane-fw-rust-KMFYmS.tmp/target/debug/deps/libap_math-28bd256dfed83426.rlib --extern libm=/tmp/cargo-mutants-plane-fw-rust-KMFYmS.tmp/target/debug/deps/liblibm-a0720e46d9b34d24.rlib`
     Running `/root/.rustup/toolchains/1.98.0-x86_64-unknown-linux-gnu/bin/rustc --crate-name chirp_parity --edition=2021 crates/ap-math/tests/chirp_parity.rs --error-format=json --json=diagnostic-rendered-ansi,artifacts,future-incompat --emit=dep-info,link -C embed-bitcode=no -C debuginfo=2 --warn=unsafe_code --warn=missing_docs '--warn=clippy::indexing_slicing' '--warn=clippy::float_cmp' --test --cfg 'feature="default"' --check-cfg 'cfg(docsrs,test)' --check-cfg 'cfg(feature, values("default", "ekf-double"))' -C metadata=9f0ef5768b8bafa9 -C extra-filename=-5dddbcc411ce8535 --out-dir /tmp/cargo-mutants-plane-fw-rust-KMFYmS.tmp/target/debug/deps -C incremental=/tmp/cargo-mutants-plane-fw-rust-KMFYmS.tmp/target/debug/incremental -L dependency=/tmp/cargo-mutants-plane-fw-rust-KMFYmS.tmp/target/debug/deps --extern ap_math=/tmp/cargo-mutants-plane-fw-rust-KMFYmS.tmp/target/debug/deps/libap_math-28bd256dfed83426.rlib --extern libm=/tmp/cargo-mutants-plane-fw-rust-KMFYmS.tmp/target/debug/deps/liblibm-a0720e46d9b34d24.rlib`
