
*** crates/ap-servo/src/function.rs:543:9: replace Function::default_output -> Option<DefaultOutput> with Some(Default::default())

*** mutation diff:
--- crates/ap-servo/src/function.rs
+++ replace Function::default_output -> Option<DefaultOutput> with Some(Default::default())
@@ -535,21 +535,17 @@
     /// whatever the channel already had -- its `default:` does nothing
     /// rather than picking a fallback.
     ///
     /// Upstream applies this only when the channel has not already been
     /// set up, and the caller is responsible for that check; this is the
     /// table, not the guard.
     #[must_use]
     pub fn default_output(self) -> Option<DefaultOutput> {
-        DEFAULT_OUTPUT
-            .binary_search_by_key(&self.0, |&(f, _)| f)
-            .ok()
-            .and_then(|i| DEFAULT_OUTPUT.get(i))
-            .map(|&(_, out)| out)
+        Some(Default::default()) /* ~ changed by cargo-mutants ~ */
     }
 }
 
 /// Functions that move an aerodynamic surface, upstream
 /// `SRV_Channel::is_control_surface`.
 ///
 /// Sorted, so the lookup can binary search.
 const CONTROL_SURFACE: [u8; 16] = [2, 3, 4, 16, 17, 19, 21, 24, 25, 77, 78, 79, 80, 86, 87, 110];


*** /root/.rustup/toolchains/1.98.0-x86_64-unknown-linux-gnu/bin/cargo test --no-run --verbose --package=ap-servo@0.1.0
       Fresh libm v0.2.16
       Fresh ap-math v0.1.0 (/tmp/cargo-mutants-plane-fw-rust-wSU1mC.tmp/crates/ap-math)
       Dirty ap-servo v0.1.0 (/tmp/cargo-mutants-plane-fw-rust-wSU1mC.tmp/crates/ap-servo): the file `crates/ap-servo/src/function.rs` has changed (1787677408.416421354s, 2s after last build at 1787677406.740404891s)
   Compiling ap-servo v0.1.0 (/tmp/cargo-mutants-plane-fw-rust-wSU1mC.tmp/crates/ap-servo)
     Running `/root/.rustup/toolchains/1.98.0-x86_64-unknown-linux-gnu/bin/rustc --crate-name ap_servo --edition=2021 crates/ap-servo/src/lib.rs --error-format=json --json=diagnostic-rendered-ansi,artifacts,future-incompat --crate-type lib --emit=dep-info,metadata,link -C embed-bitcode=no -C debuginfo=2 --warn=unsafe_code --warn=missing_docs '--warn=clippy::indexing_slicing' '--warn=clippy::float_cmp' --check-cfg 'cfg(docsrs,test)' --check-cfg 'cfg(feature, values())' -C metadata=b9e1bc22c34fd59e -C extra-filename=-0c170edf53bf4040 --out-dir /tmp/cargo-mutants-plane-fw-rust-wSU1mC.tmp/target/debug/deps -C incremental=/tmp/cargo-mutants-plane-fw-rust-wSU1mC.tmp/target/debug/incremental -L dependency=/tmp/cargo-mutants-plane-fw-rust-wSU1mC.tmp/target/debug/deps --extern ap_math=/tmp/cargo-mutants-plane-fw-rust-wSU1mC.tmp/target/debug/deps/libap_math-28bd256dfed83426.rmeta`
error[E0277]: the trait bound `DefaultOutput: Default` is not satisfied
   --> crates/ap-servo/src/function.rs:543:14
    |
543 |         Some(Default::default()) /* ~ changed by cargo-mutants ~ */
    |              ^^^^^^^^^^^^^^^^^^ the trait `Default` is not implemented for `DefaultOutput`
    |
help: consider annotating `DefaultOutput` with `#[derive(Default)]`
    |
435 + #[derive(Default)]
436 | pub enum DefaultOutput {
    |

For more information about this error, try `rustc --explain E0277`.
error: could not compile `ap-servo` (lib) due to 1 previous error

Caused by:
  process didn't exit successfully: `/root/.rustup/toolchains/1.98.0-x86_64-unknown-linux-gnu/bin/rustc --crate-name ap_servo --edition=2021 crates/ap-servo/src/lib.rs --error-format=json --json=diagnostic-rendered-ansi,artifacts,future-incompat --crate-type lib --emit=dep-info,metadata,link -C embed-bitcode=no -C debuginfo=2 --warn=unsafe_code --warn=missing_docs '--warn=clippy::indexing_slicing' '--warn=clippy::float_cmp' --check-cfg 'cfg(docsrs,test)' --check-cfg 'cfg(feature, values())' -C metadata=b9e1bc22c34fd59e -C extra-filename=-0c170edf53bf4040 --out-dir /tmp/cargo-mutants-plane-fw-rust-wSU1mC.tmp/target/debug/deps -C incremental=/tmp/cargo-mutants-plane-fw-rust-wSU1mC.tmp/target/debug/incremental -L dependency=/tmp/cargo-mutants-plane-fw-rust-wSU1mC.tmp/target/debug/deps --extern ap_math=/tmp/cargo-mutants-plane-fw-rust-wSU1mC.tmp/target/debug/deps/libap_math-28bd256dfed83426.rmeta` (exit status: 1)

*** result: Failure(101)
