
*** crates/ap-servo/src/output_channel.rs:109:60: replace << with >> in OutputChannel::calc_pwm

*** mutation diff:
--- crates/ap-servo/src/output_channel.rs
+++ replace << with >> in OutputChannel::calc_pwm
@@ -101,17 +101,17 @@
     }
 
     /// Compute the pulse from a scaled value, upstream `calc_pwm`.
     ///
     /// Does nothing at all if this channel is in the context's pulse-width
     /// mask: something wrote a pulse directly and that wins. See the module
     /// docs for why that outranks even an emergency stop.
     pub fn calc_pwm(&mut self, output_scaled: f32, ctx: &OutputContext) {
-        if self.ch_num < 32 && (ctx.have_pwm_mask & (1_u32 << self.ch_num)) != 0 {
+        if self.ch_num < 32 && (ctx.have_pwm_mask & (1_u32 >> /* ~ changed by cargo-mutants ~ */ self.ch_num)) != 0 {
             return;
         }
 
         let mut output_scaled = output_scaled;
         let mut force = false;
         if ctx.emergency_stop && self.function.should_e_stop() {
             output_scaled = 0.0;
             force = true;


*** /root/.rustup/toolchains/1.98.0-x86_64-unknown-linux-gnu/bin/cargo test --no-run --verbose --package=ap-servo@0.1.0
       Fresh libm v0.2.16
       Fresh ap-math v0.1.0 (/tmp/cargo-mutants-plane-fw-rust-hJKqrH.tmp/crates/ap-math)
       Dirty ap-servo v0.1.0 (/tmp/cargo-mutants-plane-fw-rust-hJKqrH.tmp/crates/ap-servo): the file `crates/ap-servo/src/output_channel.rs` has changed (1787677431.774650749s, 2s after last build at 1787677429.906632407s)
   Compiling ap-servo v0.1.0 (/tmp/cargo-mutants-plane-fw-rust-hJKqrH.tmp/crates/ap-servo)
     Running `/root/.rustup/toolchains/1.98.0-x86_64-unknown-linux-gnu/bin/rustc --crate-name ap_servo --edition=2021 crates/ap-servo/src/lib.rs --error-format=json --json=diagnostic-rendered-ansi,artifacts,future-incompat --crate-type lib --emit=dep-info,metadata,link -C embed-bitcode=no -C debuginfo=2 --warn=unsafe_code --warn=missing_docs '--warn=clippy::indexing_slicing' '--warn=clippy::float_cmp' --check-cfg 'cfg(docsrs,test)' --check-cfg 'cfg(feature, values())' -C metadata=b9e1bc22c34fd59e -C extra-filename=-0c170edf53bf4040 --out-dir /tmp/cargo-mutants-plane-fw-rust-hJKqrH.tmp/target/debug/deps -C incremental=/tmp/cargo-mutants-plane-fw-rust-hJKqrH.tmp/target/debug/incremental -L dependency=/tmp/cargo-mutants-plane-fw-rust-hJKqrH.tmp/target/debug/deps --extern ap_math=/tmp/cargo-mutants-plane-fw-rust-hJKqrH.tmp/target/debug/deps/libap_math-28bd256dfed83426.rmeta`
     Running `/root/.rustup/toolchains/1.98.0-x86_64-unknown-linux-gnu/bin/rustc --crate-name ap_servo --edition=2021 crates/ap-servo/src/lib.rs --error-format=json --json=diagnostic-rendered-ansi,artifacts,future-incompat --emit=dep-info,link -C embed-bitcode=no -C debuginfo=2 --warn=unsafe_code --warn=missing_docs '--warn=clippy::indexing_slicing' '--warn=clippy::float_cmp' --test --check-cfg 'cfg(docsrs,test)' --check-cfg 'cfg(feature, values())' -C metadata=455aa3c3d76d35d9 -C extra-filename=-90eedb289af2c5ea --out-dir /tmp/cargo-mutants-plane-fw-rust-hJKqrH.tmp/target/debug/deps -C incremental=/tmp/cargo-mutants-plane-fw-rust-hJKqrH.tmp/target/debug/incremental -L dependency=/tmp/cargo-mutants-plane-fw-rust-hJKqrH.tmp/target/debug/deps --extern ap_math=/tmp/cargo-mutants-plane-fw-rust-hJKqrH.tmp/target/debug/deps/libap_math-28bd256dfed83426.rlib`
     Running `/root/.rustup/toolchains/1.98.0-x86_64-unknown-linux-gnu/bin/rustc --crate-name calc_pwm --edition=2021 crates/ap-servo/tests/calc_pwm.rs --error-format=json --json=diagnostic-rendered-ansi,artifacts,future-incompat --emit=dep-info,link -C embed-bitcode=no -C debuginfo=2 --warn=unsafe_code --warn=missing_docs '--warn=clippy::indexing_slicing' '--warn=clippy::float_cmp' --test --check-cfg 'cfg(docsrs,test)' --check-cfg 'cfg(feature, values())' -C metadata=1a31146dd74fc750 -C extra-filename=-375705d37070d40e --out-dir /tmp/cargo-mutants-plane-fw-rust-hJKqrH.tmp/target/debug/deps -C incremental=/tmp/cargo-mutants-plane-fw-rust-hJKqrH.tmp/target/debug/incremental -L dependency=/tmp/cargo-mutants-plane-fw-rust-hJKqrH.tmp/target/debug/deps --extern ap_math=/tmp/cargo-mutants-plane-fw-rust-hJKqrH.tmp/target/debug/deps/libap_math-28bd256dfed83426.rlib --extern ap_servo=/tmp/cargo-mutants-plane-fw-rust-hJKqrH.tmp/target/debug/deps/libap_servo-0c170edf53bf4040.rlib`
     Running `/root/.rustup/toolchains/1.98.0-x86_64-unknown-linux-gnu/bin/rustc --crate-name slew_parity --edition=2021 crates/ap-servo/tests/slew_parity.rs --error-format=json --json=diagnostic-rendered-ansi,artifacts,future-incompat --emit=dep-info,link -C embed-bitcode=no -C debuginfo=2 --warn=unsafe_code --warn=missing_docs '--warn=clippy::indexing_slicing' '--warn=clippy::float_cmp' --test --check-cfg 'cfg(docsrs,test)' --check-cfg 'cfg(feature, values())' -C metadata=10b00557a1f6bfce -C extra-filename=-7b656dab69cd507e --out-dir /tmp/cargo-mutants-plane-fw-rust-hJKqrH.tmp/target/debug/deps -C incremental=/tmp/cargo-mutants-plane-fw-rust-hJKqrH.tmp/target/debug/incremental -L dependency=/tmp/cargo-mutants-plane-fw-rust-hJKqrH.tmp/target/debug/deps --extern ap_math=/tmp/cargo-mutants-plane-fw-rust-hJKqrH.tmp/target/debug/deps/libap_math-28bd256dfed83426.rlib --extern ap_servo=/tmp/cargo-mutants-plane-fw-rust-hJKqrH.tmp/target/debug/deps/libap_servo-0c170edf53bf4040.rlib`
     Running `/root/.rustup/toolchains/1.98.0-x86_64-unknown-linux-gnu/bin/rustc --crate-name setup_sweep --edition=2021 crates/ap-servo/tests/setup_sweep.rs --error-format=json --json=diagnostic-rendered-ansi,artifacts,future-incompat --emit=dep-info,link -C embed-bitcode=no -C debuginfo=2 --warn=unsafe_code --warn=missing_docs '--warn=clippy::indexing_slicing' '--warn=clippy::float_cmp' --test --check-cfg 'cfg(docsrs,test)' --check-cfg 'cfg(feature, values())' -C metadata=0ba401001e77a466 -C extra-filename=-8bad9699439ea039 --out-dir /tmp/cargo-mutants-plane-fw-rust-hJKqrH.tmp/target/debug/deps -C incremental=/tmp/cargo-mutants-plane-fw-rust-hJKqrH.tmp/target/debug/incremental -L dependency=/tmp/cargo-mutants-plane-fw-rust-hJKqrH.tmp/target/debug/deps --extern ap_math=/tmp/cargo-mutants-plane-fw-rust-hJKqrH.tmp/target/debug/deps/libap_math-28bd256dfed83426.rlib --extern ap_servo=/tmp/cargo-mutants-plane-fw-rust-hJKqrH.tmp/target/debug/deps/libap_servo-0c170edf53bf4040.rlib`
     Running `/root/.rustup/toolchains/1.98.0-x86_64-unknown-linux-gnu/bin/rustc --crate-name output_channel --edition=2021 crates/ap-servo/tests/output_channel.rs --error-format=json --json=diagnostic-rendered-ansi,artifacts,future-incompat --emit=dep-info,link -C embed-bitcode=no -C debuginfo=2 --warn=unsafe_code --warn=missing_docs '--warn=clippy::indexing_slicing' '--warn=clippy::float_cmp' --test --check-cfg 'cfg(docsrs,test)' --check-cfg 'cfg(feature, values())' -C metadata=84cc9875e91f83d9 -C extra-filename=-f4f21020484d518b --out-dir /tmp/cargo-mutants-plane-fw-rust-hJKqrH.tmp/target/debug/deps -C incremental=/tmp/cargo-mutants-plane-fw-rust-hJKqrH.tmp/target/debug/incremental -L dependency=/tmp/cargo-mutants-plane-fw-rust-hJKqrH.tmp/target/debug/deps --extern ap_math=/tmp/cargo-mutants-plane-fw-rust-hJKqrH.tmp/target/debug/deps/libap_math-28bd256dfed83426.rlib --extern ap_servo=/tmp/cargo-mutants-plane-fw-rust-hJKqrH.tmp/target/debug/deps/libap_servo-0c170edf53bf4040.rlib`
     Running `/root/.rustup/toolchains/1.98.0-x86_64-unknown-linux-gnu/bin/rustc --crate-name srv_functions --edition=2021 crates/ap-servo/tests/srv_functions.rs --error-format=json --json=diagnostic-rendered-ansi,artifacts,future-incompat --emit=dep-info,link -C embed-bitcode=no -C debuginfo=2 --warn=unsafe_code --warn=missing_docs '--warn=clippy::indexing_slicing' '--warn=clippy::float_cmp' --test --check-cfg 'cfg(docsrs,test)' --check-cfg 'cfg(feature, values())' -C metadata=34300d022908e178 -C extra-filename=-0c3f81df589996ac --out-dir /tmp/cargo-mutants-plane-fw-rust-hJKqrH.tmp/target/debug/deps -C incremental=/tmp/cargo-mutants-plane-fw-rust-hJKqrH.tmp/target/debug/incremental -L dependency=/tmp/cargo-mutants-plane-fw-rust-hJKqrH.tmp/target/debug/deps --extern ap_math=/tmp/cargo-mutants-plane-fw-rust-hJKqrH.tmp/target/debug/deps/libap_math-28bd256dfed83426.rlib --extern ap_servo=/tmp/cargo-mutants-plane-fw-rust-hJKqrH.tmp/target/debug/deps/libap_servo-0c170edf53bf4040.rlib`
     Running `/root/.rustup/toolchains/1.98.0-x86_64-unknown-linux-gnu/bin/rustc --crate-name classify --edition=2021 crates/ap-servo/tests/classify.rs --error-format=json --json=diagnostic-rendered-ansi,artifacts,future-incompat --emit=dep-info,link -C embed-bitcode=no -C debuginfo=2 --warn=unsafe_code --warn=missing_docs '--warn=clippy::indexing_slicing' '--warn=clippy::float_cmp' --test --check-cfg 'cfg(docsrs,test)' --check-cfg 'cfg(feature, values())' -C metadata=f3b94ffba97932a0 -C extra-filename=-07f28a1fa3d4f549 --out-dir /tmp/cargo-mutants-plane-fw-rust-hJKqrH.tmp/target/debug/deps -C incremental=/tmp/cargo-mutants-plane-fw-rust-hJKqrH.tmp/target/debug/incremental -L dependency=/tmp/cargo-mutants-plane-fw-rust-hJKqrH.tmp/target/debug/deps --extern ap_math=/tmp/cargo-mutants-plane-fw-rust-hJKqrH.tmp/target/debug/deps/libap_math-28bd256dfed83426.rlib --extern ap_servo=/tmp/cargo-mutants-plane-fw-rust-hJKqrH.tmp/target/debug/deps/libap_servo-0c170edf53bf4040.rlib`
     Running `/root/.rustup/toolchains/1.98.0-x86_64-unknown-linux-gnu/bin/rustc --crate-name default_output --edition=2021 crates/ap-servo/tests/default_output.rs --error-format=json --json=diagnostic-rendered-ansi,artifacts,future-incompat --emit=dep-info,link -C embed-bitcode=no -C debuginfo=2 --warn=unsafe_code --warn=missing_docs '--warn=clippy::indexing_slicing' '--warn=clippy::float_cmp' --test --check-cfg 'cfg(docsrs,test)' --check-cfg 'cfg(feature, values())' -C metadata=7c1835cbfa7b3b6f -C extra-filename=-a50a98dcc17358d7 --out-dir /tmp/cargo-mutants-plane-fw-rust-hJKqrH.tmp/target/debug/deps -C incremental=/tmp/cargo-mutants-plane-fw-rust-hJKqrH.tmp/target/debug/incremental -L dependency=/tmp/cargo-mutants-plane-fw-rust-hJKqrH.tmp/target/debug/deps --extern ap_math=/tmp/cargo-mutants-plane-fw-rust-hJKqrH.tmp/target/debug/deps/libap_math-28bd256dfed83426.rlib --extern ap_servo=/tmp/cargo-mutants-plane-fw-rust-hJKqrH.tmp/target/debug/deps/libap_servo-0c170edf53bf4040.rlib`
     Running `/root/.rustup/toolchains/1.98.0-x86_64-unknown-linux-gnu/bin/rustc --crate-name servo_parity --edition=2021 crates/ap-servo/tests/servo_parity.rs --error-format=json --json=diagnostic-rendered-ansi,artifacts,future-incompat --emit=dep-info,link -C embed-bitcode=no -C debuginfo=2 --warn=unsafe_code --warn=missing_docs '--warn=clippy::indexing_slicing' '--warn=clippy::float_cmp' --test --check-cfg 'cfg(docsrs,test)' --check-cfg 'cfg(feature, values())' -C metadata=3f89cf3ab8ed13aa -C extra-filename=-313ebdf2bab8aecd --out-dir /tmp/cargo-mutants-plane-fw-rust-hJKqrH.tmp/target/debug/deps -C incremental=/tmp/cargo-mutants-plane-fw-rust-hJKqrH.tmp/target/debug/incremental -L dependency=/tmp/cargo-mutants-plane-fw-rust-hJKqrH.tmp/target/debug/deps --extern ap_math=/tmp/cargo-mutants-plane-fw-rust-hJKqrH.tmp/target/debug/deps/libap_math-28bd256dfed83426.rlib --extern ap_servo=/tmp/cargo-mutants-plane-fw-rust-hJKqrH.tmp/target/debug/deps/libap_servo-0c170edf53bf4040.rlib`
    Finished `test` profile [unoptimized + debuginfo] target(s) in 1.31s
  Executable `/tmp/cargo-mutants-plane-fw-rust-hJKqrH.tmp/target/debug/deps/ap_servo-90eedb289af2c5ea`
  Executable `/tmp/cargo-mutants-plane-fw-rust-hJKqrH.tmp/target/debug/deps/calc_pwm-375705d37070d40e`
  Executable `/tmp/cargo-mutants-plane-fw-rust-hJKqrH.tmp/target/debug/deps/classify-07f28a1fa3d4f549`
  Executable `/tmp/cargo-mutants-plane-fw-rust-hJKqrH.tmp/target/debug/deps/default_output-a50a98dcc17358d7`
  Executable `/tmp/cargo-mutants-plane-fw-rust-hJKqrH.tmp/target/debug/deps/output_channel-f4f21020484d518b`
  Executable `/tmp/cargo-mutants-plane-fw-rust-hJKqrH.tmp/target/debug/deps/servo_parity-313ebdf2bab8aecd`
  Executable `/tmp/cargo-mutants-plane-fw-rust-hJKqrH.tmp/target/debug/deps/setup_sweep-8bad9699439ea039`
  Executable `/tmp/cargo-mutants-plane-fw-rust-hJKqrH.tmp/target/debug/deps/slew_parity-7b656dab69cd507e`
  Executable `/tmp/cargo-mutants-plane-fw-rust-hJKqrH.tmp/target/debug/deps/srv_functions-0c3f81df589996ac`

*** result: Success

*** /root/.rustup/toolchains/1.98.0-x86_64-unknown-linux-gnu/bin/cargo test --verbose --package=ap-servo@0.1.0
       Fresh libm v0.2.16
       Fresh ap-math v0.1.0 (/tmp/cargo-mutants-plane-fw-rust-hJKqrH.tmp/crates/ap-math)
       Fresh ap-servo v0.1.0 (/tmp/cargo-mutants-plane-fw-rust-hJKqrH.tmp/crates/ap-servo)
    Finished `test` profile [unoptimized + debuginfo] target(s) in 0.03s
     Running `/tmp/cargo-mutants-plane-fw-rust-hJKqrH.tmp/target/debug/deps/ap_servo-90eedb289af2c5ea`

running 0 tests

test result: ok. 0 passed; 0 failed; 0 ignored; 0 measured; 0 filtered out; finished in 0.00s

     Running `/tmp/cargo-mutants-plane-fw-rust-hJKqrH.tmp/target/debug/deps/calc_pwm-375705d37070d40e`

running 1 test
test the_calc_pwm_priority_matches_upstream ... FAILED

failures:

---- the_calc_pwm_priority_matches_upstream stdout ----

thread 'the_calc_pwm_priority_matches_upstream' (1775759) panicked at crates/ap-servo/tests/calc_pwm.rs:124:13:
assertion `left == right` failed: case 0 channel 1 (estop false, scaled 0): 1000 != upstream 1234
  left: 1000
 right: 1234
note: run with `RUST_BACKTRACE=1` environment variable to display a backtrace


failures:
    the_calc_pwm_priority_matches_upstream

test result: FAILED. 0 passed; 1 failed; 0 ignored; 0 measured; 0 filtered out; finished in 0.00s

error: test failed, to rerun pass `-p ap-servo --test calc_pwm`

*** result: Failure(101)
