
*** crates/ap-servo/src/lib.rs:60:5: replace truncate_to_u16 -> u16 with 1

*** mutation diff:
--- crates/ap-servo/src/lib.rs
+++ replace truncate_to_u16 -> u16 with 1
@@ -52,28 +52,17 @@
 /// A negative float converted to an unsigned integer is undefined in C++.
 /// Upstream does it anyway in `pwm_from_angle`, where an inverted channel
 /// makes the span negative, and on x86-64 GCC the result wraps — which turns
 /// out to be exactly the reversed deflection, so inverting the endpoints is a
 /// working way to reverse a servo. Going through `i32` first reproduces that
 /// value by defined means.
 #[inline]
 fn truncate_to_u16(v: f32) -> u16 {
-    #[allow(
-        clippy::cast_possible_truncation,
-        reason = "upstream truncates here; a pulse-width offset is far inside i32"
-    )]
-    let as_int = v as i32;
-    #[allow(
-        clippy::cast_sign_loss,
-        clippy::cast_possible_truncation,
-        reason = "reproduces upstream's uint16_t conversion, wrap included"
-    )]
-    let out = as_int as u16;
-    out
+    1 /* ~ changed by cargo-mutants ~ */
 }
 
 /// One servo output channel, upstream `SRV_Channel`'s conversion state.
 ///
 /// The function assignment, the override and E-stop paths, and the parameter
 /// plumbing are not here: this is the arithmetic that turns a demand into a
 /// pulse width, which is what the control path needs and what can be compared
 /// against upstream without standing up a vehicle.


*** /root/.rustup/toolchains/1.98.0-x86_64-unknown-linux-gnu/bin/cargo test --no-run --verbose --package=ap-servo@0.1.0
   Compiling libm v0.2.16
     Running `/root/.rustup/toolchains/1.98.0-x86_64-unknown-linux-gnu/bin/rustc --crate-name build_script_build --edition=2021 /root/.cargo/registry/src/index.crates.io-1949cf8c6b5b557f/libm-0.2.16/build.rs --error-format=json --json=diagnostic-rendered-ansi,artifacts,future-incompat --crate-type bin --emit=dep-info,link -C embed-bitcode=no --warn=unexpected_cfgs --check-cfg 'cfg(feature, values("compiler-builtins"))' --cfg 'feature="arch"' --cfg 'feature="default"' --check-cfg 'cfg(docsrs,test)' --check-cfg 'cfg(feature, values("arch", "default", "force-soft-floats", "unstable", "unstable-float", "unstable-intrinsics", "unstable-public-internals"))' -C metadata=c52071ad07d17fb1 -C extra-filename=-a4706cd3eaed6476 --out-dir /tmp/cargo-mutants-plane-fw-rust-wSU1mC.tmp/target/debug/build/libm-a4706cd3eaed6476 -L dependency=/tmp/cargo-mutants-plane-fw-rust-wSU1mC.tmp/target/debug/deps --cap-lints allow`
     Running `/tmp/cargo-mutants-plane-fw-rust-wSU1mC.tmp/target/debug/build/libm-a4706cd3eaed6476/build-script-build`
     Running `/root/.rustup/toolchains/1.98.0-x86_64-unknown-linux-gnu/bin/rustc --crate-name libm --edition=2021 /root/.cargo/registry/src/index.crates.io-1949cf8c6b5b557f/libm-0.2.16/src/lib.rs --error-format=json --json=diagnostic-rendered-ansi,artifacts,future-incompat --crate-type lib --emit=dep-info,metadata,link -C embed-bitcode=no -C debuginfo=2 --warn=unexpected_cfgs --check-cfg 'cfg(feature, values("compiler-builtins"))' --cfg 'feature="arch"' --cfg 'feature="default"' --check-cfg 'cfg(docsrs,test)' --check-cfg 'cfg(feature, values("arch", "default", "force-soft-floats", "unstable", "unstable-float", "unstable-intrinsics", "unstable-public-internals"))' -C metadata=3a79d5d44dd8495c -C extra-filename=-a0720e46d9b34d24 --out-dir /tmp/cargo-mutants-plane-fw-rust-wSU1mC.tmp/target/debug/deps -L dependency=/tmp/cargo-mutants-plane-fw-rust-wSU1mC.tmp/target/debug/deps --cap-lints allow --cfg arch_enabled --check-cfg 'cfg(assert_no_panic)' --check-cfg 'cfg(intrinsics_enabled)' --check-cfg 'cfg(arch_enabled)' --check-cfg 'cfg(optimizations_enabled)' --check-cfg 'cfg(x86_no_sse)' --check-cfg 'cfg(f16_enabled)' --check-cfg 'cfg(f128_enabled)'`
   Compiling ap-math v0.1.0 (/tmp/cargo-mutants-plane-fw-rust-wSU1mC.tmp/crates/ap-math)
     Running `/root/.rustup/toolchains/1.98.0-x86_64-unknown-linux-gnu/bin/rustc --crate-name ap_math --edition=2021 crates/ap-math/src/lib.rs --error-format=json --json=diagnostic-rendered-ansi,artifacts,future-incompat --crate-type lib --emit=dep-info,metadata,link -C embed-bitcode=no -C debuginfo=2 --warn=unsafe_code --warn=missing_docs '--warn=clippy::indexing_slicing' '--warn=clippy::float_cmp' --cfg 'feature="default"' --check-cfg 'cfg(docsrs,test)' --check-cfg 'cfg(feature, values("default", "ekf-double"))' -C metadata=521a06f7f6b9812f -C extra-filename=-28bd256dfed83426 --out-dir /tmp/cargo-mutants-plane-fw-rust-wSU1mC.tmp/target/debug/deps -C incremental=/tmp/cargo-mutants-plane-fw-rust-wSU1mC.tmp/target/debug/incremental -L dependency=/tmp/cargo-mutants-plane-fw-rust-wSU1mC.tmp/target/debug/deps --extern libm=/tmp/cargo-mutants-plane-fw-rust-wSU1mC.tmp/target/debug/deps/liblibm-a0720e46d9b34d24.rmeta`
   Compiling ap-servo v0.1.0 (/tmp/cargo-mutants-plane-fw-rust-wSU1mC.tmp/crates/ap-servo)
     Running `/root/.rustup/toolchains/1.98.0-x86_64-unknown-linux-gnu/bin/rustc --crate-name ap_servo --edition=2021 crates/ap-servo/src/lib.rs --error-format=json --json=diagnostic-rendered-ansi,artifacts,future-incompat --crate-type lib --emit=dep-info,metadata,link -C embed-bitcode=no -C debuginfo=2 --warn=unsafe_code --warn=missing_docs '--warn=clippy::indexing_slicing' '--warn=clippy::float_cmp' --check-cfg 'cfg(docsrs,test)' --check-cfg 'cfg(feature, values())' -C metadata=b9e1bc22c34fd59e -C extra-filename=-0c170edf53bf4040 --out-dir /tmp/cargo-mutants-plane-fw-rust-wSU1mC.tmp/target/debug/deps -C incremental=/tmp/cargo-mutants-plane-fw-rust-wSU1mC.tmp/target/debug/incremental -L dependency=/tmp/cargo-mutants-plane-fw-rust-wSU1mC.tmp/target/debug/deps --extern ap_math=/tmp/cargo-mutants-plane-fw-rust-wSU1mC.tmp/target/debug/deps/libap_math-28bd256dfed83426.rmeta`
warning: unused variable: `v`
  --> crates/ap-servo/src/lib.rs:59:20
   |
59 | fn truncate_to_u16(v: f32) -> u16 {
   |                    ^ help: if this is intentional, prefix it with an underscore: `_v`
   |
   = note: `#[warn(unused_variables)]` (part of `#[warn(unused)]`) on by default

     Running `/root/.rustup/toolchains/1.98.0-x86_64-unknown-linux-gnu/bin/rustc --crate-name ap_servo --edition=2021 crates/ap-servo/src/lib.rs --error-format=json --json=diagnostic-rendered-ansi,artifacts,future-incompat --emit=dep-info,link -C embed-bitcode=no -C debuginfo=2 --warn=unsafe_code --warn=missing_docs '--warn=clippy::indexing_slicing' '--warn=clippy::float_cmp' --test --check-cfg 'cfg(docsrs,test)' --check-cfg 'cfg(feature, values())' -C metadata=455aa3c3d76d35d9 -C extra-filename=-90eedb289af2c5ea --out-dir /tmp/cargo-mutants-plane-fw-rust-wSU1mC.tmp/target/debug/deps -C incremental=/tmp/cargo-mutants-plane-fw-rust-wSU1mC.tmp/target/debug/incremental -L dependency=/tmp/cargo-mutants-plane-fw-rust-wSU1mC.tmp/target/debug/deps --extern ap_math=/tmp/cargo-mutants-plane-fw-rust-wSU1mC.tmp/target/debug/deps/libap_math-28bd256dfed83426.rlib`
warning: `ap-servo` (lib) generated 1 warning (run `cargo fix --lib -p ap-servo` to apply 1 suggestion)
     Running `/root/.rustup/toolchains/1.98.0-x86_64-unknown-linux-gnu/bin/rustc --crate-name classify --edition=2021 crates/ap-servo/tests/classify.rs --error-format=json --json=diagnostic-rendered-ansi,artifacts,future-incompat --emit=dep-info,link -C embed-bitcode=no -C debuginfo=2 --warn=unsafe_code --warn=missing_docs '--warn=clippy::indexing_slicing' '--warn=clippy::float_cmp' --test --check-cfg 'cfg(docsrs,test)' --check-cfg 'cfg(feature, values())' -C metadata=f3b94ffba97932a0 -C extra-filename=-07f28a1fa3d4f549 --out-dir /tmp/cargo-mutants-plane-fw-rust-wSU1mC.tmp/target/debug/deps -C incremental=/tmp/cargo-mutants-plane-fw-rust-wSU1mC.tmp/target/debug/incremental -L dependency=/tmp/cargo-mutants-plane-fw-rust-wSU1mC.tmp/target/debug/deps --extern ap_math=/tmp/cargo-mutants-plane-fw-rust-wSU1mC.tmp/target/debug/deps/libap_math-28bd256dfed83426.rlib --extern ap_servo=/tmp/cargo-mutants-plane-fw-rust-wSU1mC.tmp/target/debug/deps/libap_servo-0c170edf53bf4040.rlib`
     Running `/root/.rustup/toolchains/1.98.0-x86_64-unknown-linux-gnu/bin/rustc --crate-name servo_parity --edition=2021 crates/ap-servo/tests/servo_parity.rs --error-format=json --json=diagnostic-rendered-ansi,artifacts,future-incompat --emit=dep-info,link -C embed-bitcode=no -C debuginfo=2 --warn=unsafe_code --warn=missing_docs '--warn=clippy::indexing_slicing' '--warn=clippy::float_cmp' --test --check-cfg 'cfg(docsrs,test)' --check-cfg 'cfg(feature, values())' -C metadata=3f89cf3ab8ed13aa -C extra-filename=-313ebdf2bab8aecd --out-dir /tmp/cargo-mutants-plane-fw-rust-wSU1mC.tmp/target/debug/deps -C incremental=/tmp/cargo-mutants-plane-fw-rust-wSU1mC.tmp/target/debug/incremental -L dependency=/tmp/cargo-mutants-plane-fw-rust-wSU1mC.tmp/target/debug/deps --extern ap_math=/tmp/cargo-mutants-plane-fw-rust-wSU1mC.tmp/target/debug/deps/libap_math-28bd256dfed83426.rlib --extern ap_servo=/tmp/cargo-mutants-plane-fw-rust-wSU1mC.tmp/target/debug/deps/libap_servo-0c170edf53bf4040.rlib`
     Running `/root/.rustup/toolchains/1.98.0-x86_64-unknown-linux-gnu/bin/rustc --crate-name default_output --edition=2021 crates/ap-servo/tests/default_output.rs --error-format=json --json=diagnostic-rendered-ansi,artifacts,future-incompat --emit=dep-info,link -C embed-bitcode=no -C debuginfo=2 --warn=unsafe_code --warn=missing_docs '--warn=clippy::indexing_slicing' '--warn=clippy::float_cmp' --test --check-cfg 'cfg(docsrs,test)' --check-cfg 'cfg(feature, values())' -C metadata=7c1835cbfa7b3b6f -C extra-filename=-a50a98dcc17358d7 --out-dir /tmp/cargo-mutants-plane-fw-rust-wSU1mC.tmp/target/debug/deps -C incremental=/tmp/cargo-mutants-plane-fw-rust-wSU1mC.tmp/target/debug/incremental -L dependency=/tmp/cargo-mutants-plane-fw-rust-wSU1mC.tmp/target/debug/deps --extern ap_math=/tmp/cargo-mutants-plane-fw-rust-wSU1mC.tmp/target/debug/deps/libap_math-28bd256dfed83426.rlib --extern ap_servo=/tmp/cargo-mutants-plane-fw-rust-wSU1mC.tmp/target/debug/deps/libap_servo-0c170edf53bf4040.rlib`
     Running `/root/.rustup/toolchains/1.98.0-x86_64-unknown-linux-gnu/bin/rustc --crate-name slew_parity --edition=2021 crates/ap-servo/tests/slew_parity.rs --error-format=json --json=diagnostic-rendered-ansi,artifacts,future-incompat --emit=dep-info,link -C embed-bitcode=no -C debuginfo=2 --warn=unsafe_code --warn=missing_docs '--warn=clippy::indexing_slicing' '--warn=clippy::float_cmp' --test --check-cfg 'cfg(docsrs,test)' --check-cfg 'cfg(feature, values())' -C metadata=10b00557a1f6bfce -C extra-filename=-7b656dab69cd507e --out-dir /tmp/cargo-mutants-plane-fw-rust-wSU1mC.tmp/target/debug/deps -C incremental=/tmp/cargo-mutants-plane-fw-rust-wSU1mC.tmp/target/debug/incremental -L dependency=/tmp/cargo-mutants-plane-fw-rust-wSU1mC.tmp/target/debug/deps --extern ap_math=/tmp/cargo-mutants-plane-fw-rust-wSU1mC.tmp/target/debug/deps/libap_math-28bd256dfed83426.rlib --extern ap_servo=/tmp/cargo-mutants-plane-fw-rust-wSU1mC.tmp/target/debug/deps/libap_servo-0c170edf53bf4040.rlib`
     Running `/root/.rustup/toolchains/1.98.0-x86_64-unknown-linux-gnu/bin/rustc --crate-name setup_sweep --edition=2021 crates/ap-servo/tests/setup_sweep.rs --error-format=json --json=diagnostic-rendered-ansi,artifacts,future-incompat --emit=dep-info,link -C embed-bitcode=no -C debuginfo=2 --warn=unsafe_code --warn=missing_docs '--warn=clippy::indexing_slicing' '--warn=clippy::float_cmp' --test --check-cfg 'cfg(docsrs,test)' --check-cfg 'cfg(feature, values())' -C metadata=0ba401001e77a466 -C extra-filename=-8bad9699439ea039 --out-dir /tmp/cargo-mutants-plane-fw-rust-wSU1mC.tmp/target/debug/deps -C incremental=/tmp/cargo-mutants-plane-fw-rust-wSU1mC.tmp/target/debug/incremental -L dependency=/tmp/cargo-mutants-plane-fw-rust-wSU1mC.tmp/target/debug/deps --extern ap_math=/tmp/cargo-mutants-plane-fw-rust-wSU1mC.tmp/target/debug/deps/libap_math-28bd256dfed83426.rlib --extern ap_servo=/tmp/cargo-mutants-plane-fw-rust-wSU1mC.tmp/target/debug/deps/libap_servo-0c170edf53bf4040.rlib`
     Running `/root/.rustup/toolchains/1.98.0-x86_64-unknown-linux-gnu/bin/rustc --crate-name output_channel --edition=2021 crates/ap-servo/tests/output_channel.rs --error-format=json --json=diagnostic-rendered-ansi,artifacts,future-incompat --emit=dep-info,link -C embed-bitcode=no -C debuginfo=2 --warn=unsafe_code --warn=missing_docs '--warn=clippy::indexing_slicing' '--warn=clippy::float_cmp' --test --check-cfg 'cfg(docsrs,test)' --check-cfg 'cfg(feature, values())' -C metadata=84cc9875e91f83d9 -C extra-filename=-f4f21020484d518b --out-dir /tmp/cargo-mutants-plane-fw-rust-wSU1mC.tmp/target/debug/deps -C incremental=/tmp/cargo-mutants-plane-fw-rust-wSU1mC.tmp/target/debug/incremental -L dependency=/tmp/cargo-mutants-plane-fw-rust-wSU1mC.tmp/target/debug/deps --extern ap_math=/tmp/cargo-mutants-plane-fw-rust-wSU1mC.tmp/target/debug/deps/libap_math-28bd256dfed83426.rlib --extern ap_servo=/tmp/cargo-mutants-plane-fw-rust-wSU1mC.tmp/target/debug/deps/libap_servo-0c170edf53bf4040.rlib`
warning: `ap-servo` (lib test) generated 1 warning (1 duplicate)
     Running `/root/.rustup/toolchains/1.98.0-x86_64-unknown-linux-gnu/bin/rustc --crate-name calc_pwm --edition=2021 crates/ap-servo/tests/calc_pwm.rs --error-format=json --json=diagnostic-rendered-ansi,artifacts,future-incompat --emit=dep-info,link -C embed-bitcode=no -C debuginfo=2 --warn=unsafe_code --warn=missing_docs '--warn=clippy::indexing_slicing' '--warn=clippy::float_cmp' --test --check-cfg 'cfg(docsrs,test)' --check-cfg 'cfg(feature, values())' -C metadata=1a31146dd74fc750 -C extra-filename=-375705d37070d40e --out-dir /tmp/cargo-mutants-plane-fw-rust-wSU1mC.tmp/target/debug/deps -C incremental=/tmp/cargo-mutants-plane-fw-rust-wSU1mC.tmp/target/debug/incremental -L dependency=/tmp/cargo-mutants-plane-fw-rust-wSU1mC.tmp/target/debug/deps --extern ap_math=/tmp/cargo-mutants-plane-fw-rust-wSU1mC.tmp/target/debug/deps/libap_math-28bd256dfed83426.rlib --extern ap_servo=/tmp/cargo-mutants-plane-fw-rust-wSU1mC.tmp/target/debug/deps/libap_servo-0c170edf53bf4040.rlib`
     Running `/root/.rustup/toolchains/1.98.0-x86_64-unknown-linux-gnu/bin/rustc --crate-name srv_functions --edition=2021 crates/ap-servo/tests/srv_functions.rs --error-format=json --json=diagnostic-rendered-ansi,artifacts,future-incompat --emit=dep-info,link -C embed-bitcode=no -C debuginfo=2 --warn=unsafe_code --warn=missing_docs '--warn=clippy::indexing_slicing' '--warn=clippy::float_cmp' --test --check-cfg 'cfg(docsrs,test)' --check-cfg 'cfg(feature, values())' -C metadata=34300d022908e178 -C extra-filename=-0c3f81df589996ac --out-dir /tmp/cargo-mutants-plane-fw-rust-wSU1mC.tmp/target/debug/deps -C incremental=/tmp/cargo-mutants-plane-fw-rust-wSU1mC.tmp/target/debug/incremental -L dependency=/tmp/cargo-mutants-plane-fw-rust-wSU1mC.tmp/target/debug/deps --extern ap_math=/tmp/cargo-mutants-plane-fw-rust-wSU1mC.tmp/target/debug/deps/libap_math-28bd256dfed83426.rlib --extern ap_servo=/tmp/cargo-mutants-plane-fw-rust-wSU1mC.tmp/target/debug/deps/libap_servo-0c170edf53bf4040.rlib`
    Finished `test` profile [unoptimized + debuginfo] target(s) in 5.31s
  Executable `/tmp/cargo-mutants-plane-fw-rust-wSU1mC.tmp/target/debug/deps/ap_servo-90eedb289af2c5ea`
  Executable `/tmp/cargo-mutants-plane-fw-rust-wSU1mC.tmp/target/debug/deps/calc_pwm-375705d37070d40e`
  Executable `/tmp/cargo-mutants-plane-fw-rust-wSU1mC.tmp/target/debug/deps/classify-07f28a1fa3d4f549`
  Executable `/tmp/cargo-mutants-plane-fw-rust-wSU1mC.tmp/target/debug/deps/default_output-a50a98dcc17358d7`
  Executable `/tmp/cargo-mutants-plane-fw-rust-wSU1mC.tmp/target/debug/deps/output_channel-f4f21020484d518b`
  Executable `/tmp/cargo-mutants-plane-fw-rust-wSU1mC.tmp/target/debug/deps/servo_parity-313ebdf2bab8aecd`
  Executable `/tmp/cargo-mutants-plane-fw-rust-wSU1mC.tmp/target/debug/deps/setup_sweep-8bad9699439ea039`
  Executable `/tmp/cargo-mutants-plane-fw-rust-wSU1mC.tmp/target/debug/deps/slew_parity-7b656dab69cd507e`
  Executable `/tmp/cargo-mutants-plane-fw-rust-wSU1mC.tmp/target/debug/deps/srv_functions-0c3f81df589996ac`

*** result: Success

*** /root/.rustup/toolchains/1.98.0-x86_64-unknown-linux-gnu/bin/cargo test --verbose --package=ap-servo@0.1.0
       Fresh libm v0.2.16
       Fresh ap-math v0.1.0 (/tmp/cargo-mutants-plane-fw-rust-wSU1mC.tmp/crates/ap-math)
warning: unused variable: `v`
  --> crates/ap-servo/src/lib.rs:59:20
   |
59 | fn truncate_to_u16(v: f32) -> u16 {
   |                    ^ help: if this is intentional, prefix it with an underscore: `_v`
   |
   = note: `#[warn(unused_variables)]` (part of `#[warn(unused)]`) on by default

warning: `ap-servo` (lib) generated 1 warning (run `cargo fix --lib -p ap-servo` to apply 1 suggestion)
       Fresh ap-servo v0.1.0 (/tmp/cargo-mutants-plane-fw-rust-wSU1mC.tmp/crates/ap-servo)
warning: `ap-servo` (lib test) generated 1 warning (1 duplicate)
    Finished `test` profile [unoptimized + debuginfo] target(s) in 0.06s
     Running `/tmp/cargo-mutants-plane-fw-rust-wSU1mC.tmp/target/debug/deps/ap_servo-90eedb289af2c5ea`

running 0 tests

test result: ok. 0 passed; 0 failed; 0 ignored; 0 measured; 0 filtered out; finished in 0.00s

     Running `/tmp/cargo-mutants-plane-fw-rust-wSU1mC.tmp/target/debug/deps/calc_pwm-375705d37070d40e`

running 1 test
test the_calc_pwm_priority_matches_upstream ... FAILED

failures:

---- the_calc_pwm_priority_matches_upstream stdout ----

thread 'the_calc_pwm_priority_matches_upstream' (1668380) panicked at crates/ap-servo/tests/calc_pwm.rs:124:13:
assertion `left == right` failed: case 0 channel 0 (estop false, scaled 0): 1001 != upstream 1000
  left: 1001
 right: 1000
note: run with `RUST_BACKTRACE=1` environment variable to display a backtrace


failures:
    the_calc_pwm_priority_matches_upstream

test result: FAILED. 0 passed; 1 failed; 0 ignored; 0 measured; 0 filtered out; finished in 0.00s

error: test failed, to rerun pass `-p ap-servo --test calc_pwm`

*** result: Failure(101)
